Archive member included to satisfy reference by file (symbol)

c:/program files (x86)/atollic/truestudio for arm 7.1.2/armtools/bin/../lib/gcc/arm-atollic-eabi/5.3.1/../../../../arm-atollic-eabi/lib/armv6-m\libc_nano.a(lib_a-init.o)
                              src\startup_stm32f051.o (__libc_init_array)
c:/program files (x86)/atollic/truestudio for arm 7.1.2/armtools/bin/../lib/gcc/arm-atollic-eabi/5.3.1/../../../../arm-atollic-eabi/lib/armv6-m\libc_nano.a(lib_a-memcmp.o)
                              src\grbl\gcode.o (memcmp)
c:/program files (x86)/atollic/truestudio for arm 7.1.2/armtools/bin/../lib/gcc/arm-atollic-eabi/5.3.1/../../../../arm-atollic-eabi/lib/armv6-m\libc_nano.a(lib_a-memcpy-stub.o)
                              src\grbl\gcode.o (memcpy)
c:/program files (x86)/atollic/truestudio for arm 7.1.2/armtools/bin/../lib/gcc/arm-atollic-eabi/5.3.1/../../../../arm-atollic-eabi/lib/armv6-m\libc_nano.a(lib_a-memset.o)
                              src\grbl\gcode.o (memset)
c:/program files (x86)/atollic/truestudio for arm 7.1.2/armtools/bin/../lib/gcc/arm-atollic-eabi/5.3.1/../../../../arm-atollic-eabi/lib/armv6-m\libc_nano.a(lib_a-reent.o)
                              src\syscalls.o (errno)
c:/program files (x86)/atollic/truestudio for arm 7.1.2/armtools/bin/../lib/gcc/arm-atollic-eabi/5.3.1/../../../../arm-atollic-eabi/lib/armv6-m\libc_nano.a(lib_a-strlen.o)
                              src\tiny_printf.o (strlen)
c:/program files (x86)/atollic/truestudio for arm 7.1.2/armtools/bin/../lib/gcc/arm-atollic-eabi/5.3.1/../../../../arm-atollic-eabi/lib/armv6-m\libc_nano.a(lib_a-impure.o)
                              c:/program files (x86)/atollic/truestudio for arm 7.1.2/armtools/bin/../lib/gcc/arm-atollic-eabi/5.3.1/../../../../arm-atollic-eabi/lib/armv6-m\libc_nano.a(lib_a-reent.o) (_impure_ptr)
c:/program files (x86)/atollic/truestudio for arm 7.1.2/armtools/bin/../lib/gcc/arm-atollic-eabi/5.3.1/../../../../arm-atollic-eabi/lib/armv6-m\libc_nano.a(lib_a-nano-freer.o)
                              c:/program files (x86)/atollic/truestudio for arm 7.1.2/armtools/bin/../lib/gcc/arm-atollic-eabi/5.3.1/../../../../arm-atollic-eabi/lib/armv6-m\libc_nano.a(lib_a-reent.o) (_free_r)
c:/program files (x86)/atollic/truestudio for arm 7.1.2/armtools/bin/../lib/gcc/arm-atollic-eabi/5.3.1/../../../../arm-atollic-eabi/lib/armv6-m\libc_nano.a(lib_a-nano-mallocr.o)
                              c:/program files (x86)/atollic/truestudio for arm 7.1.2/armtools/bin/../lib/gcc/arm-atollic-eabi/5.3.1/../../../../arm-atollic-eabi/lib/armv6-m\libc_nano.a(lib_a-nano-freer.o) (__malloc_free_list)
c:/program files (x86)/atollic/truestudio for arm 7.1.2/armtools/bin/../lib/gcc/arm-atollic-eabi/5.3.1/../../../../arm-atollic-eabi/lib/armv6-m\libc_nano.a(lib_a-sbrkr.o)
                              c:/program files (x86)/atollic/truestudio for arm 7.1.2/armtools/bin/../lib/gcc/arm-atollic-eabi/5.3.1/../../../../arm-atollic-eabi/lib/armv6-m\libc_nano.a(lib_a-nano-mallocr.o) (_sbrk_r)
c:/program files (x86)/atollic/truestudio for arm 7.1.2/armtools/bin/../lib/gcc/arm-atollic-eabi/5.3.1/../../../../arm-atollic-eabi/lib/armv6-m\libc_nano.a(lib_a-mlock.o)
                              c:/program files (x86)/atollic/truestudio for arm 7.1.2/armtools/bin/../lib/gcc/arm-atollic-eabi/5.3.1/../../../../arm-atollic-eabi/lib/armv6-m\libc_nano.a(lib_a-nano-freer.o) (__malloc_lock)
c:/program files (x86)/atollic/truestudio for arm 7.1.2/armtools/bin/../lib/gcc/arm-atollic-eabi/5.3.1/../../../../arm-atollic-eabi/lib/armv6-m\libm.a(lib_a-s_lround.o)
                              src\grbl\limits.o (lround)
c:/program files (x86)/atollic/truestudio for arm 7.1.2/armtools/bin/../lib/gcc/arm-atollic-eabi/5.3.1/../../../../arm-atollic-eabi/lib/armv6-m\libm.a(lib_a-s_trunc.o)
                              src\grbl\gcode.o (trunc)
c:/program files (x86)/atollic/truestudio for arm 7.1.2/armtools/bin/../lib/gcc/arm-atollic-eabi/5.3.1/../../../../arm-atollic-eabi/lib/armv6-m\libm.a(lib_a-sf_ceil.o)
                              src\grbl\nuts_bolts.o (ceilf)
c:/program files (x86)/atollic/truestudio for arm 7.1.2/armtools/bin/../lib/gcc/arm-atollic-eabi/5.3.1/../../../../arm-atollic-eabi/lib/armv6-m\libm.a(lib_a-sf_cos.o)
                              src\grbl\motion_control.o (cosf)
c:/program files (x86)/atollic/truestudio for arm 7.1.2/armtools/bin/../lib/gcc/arm-atollic-eabi/5.3.1/../../../../arm-atollic-eabi/lib/armv6-m\libm.a(lib_a-sf_floor.o)
                              src\grbl\motion_control.o (floorf)
c:/program files (x86)/atollic/truestudio for arm 7.1.2/armtools/bin/../lib/gcc/arm-atollic-eabi/5.3.1/../../../../arm-atollic-eabi/lib/armv6-m\libm.a(lib_a-sf_round.o)
                              src\grbl\gcode.o (roundf)
c:/program files (x86)/atollic/truestudio for arm 7.1.2/armtools/bin/../lib/gcc/arm-atollic-eabi/5.3.1/../../../../arm-atollic-eabi/lib/armv6-m\libm.a(lib_a-sf_sin.o)
[...]
Memory Configuration

Name             Origin             Length             Attributes
FLASH            0x08000000         0x00010000         xr
RAM              0x20000000         0x00002000         xrw
MEMORY_B1        0x60000000         0x00000000         xr
*default*        0x00000000         0xffffffff

Linker script and memory map

LOAD c:/program files (x86)/atollic/truestudio for arm 7.1.2/armtools/bin/../lib/gcc/arm-atollic-eabi/5.3.1/armv6-m/crti.o
LOAD c:/program files (x86)/atollic/truestudio for arm 7.1.2/armtools/bin/../lib/gcc/arm-atollic-eabi/5.3.1/armv6-m/crtbegin.o
LOAD Drivers\STM32F0xx_StdPeriph_Driver\src\stm32f0xx_adc.o
LOAD Drivers\STM32F0xx_StdPeriph_Driver\src\stm32f0xx_can.o
LOAD Drivers\STM32F0xx_StdPeriph_Driver\src\stm32f0xx_cec.o
LOAD Drivers\STM32F0xx_StdPeriph_Driver\src\stm32f0xx_comp.o
LOAD Drivers\STM32F0xx_StdPeriph_Driver\src\stm32f0xx_crc.o
LOAD Drivers\STM32F0xx_StdPeriph_Driver\src\stm32f0xx_crs.o
LOAD Drivers\STM32F0xx_StdPeriph_Driver\src\stm32f0xx_dac.o
LOAD Drivers\STM32F0xx_StdPeriph_Driver\src\stm32f0xx_dbgmcu.o
LOAD Drivers\STM32F0xx_StdPeriph_Driver\src\stm32f0xx_dma.o
LOAD Drivers\STM32F0xx_StdPeriph_Driver\src\stm32f0xx_exti.o
LOAD Drivers\STM32F0xx_StdPeriph_Driver\src\stm32f0xx_flash.o
LOAD Drivers\STM32F0xx_StdPeriph_Driver\src\stm32f0xx_gpio.o
LOAD Drivers\STM32F0xx_StdPeriph_Driver\src\stm32f0xx_i2c.o
LOAD Drivers\STM32F0xx_StdPeriph_Driver\src\stm32f0xx_iwdg.o
LOAD Drivers\STM32F0xx_StdPeriph_Driver\src\stm32f0xx_misc.o
LOAD Drivers\STM32F0xx_StdPeriph_Driver\src\stm32f0xx_pwr.o
LOAD Drivers\STM32F0xx_StdPeriph_Driver\src\stm32f0xx_rcc.o
LOAD Drivers\STM32F0xx_StdPeriph_Driver\src\stm32f0xx_rtc.o
LOAD Drivers\STM32F0xx_StdPeriph_Driver\src\stm32f0xx_spi.o
LOAD Drivers\STM32F0xx_StdPeriph_Driver\src\stm32f0xx_syscfg.o
LOAD Drivers\STM32F0xx_StdPeriph_Driver\src\stm32f0xx_tim.o
LOAD Drivers\STM32F0xx_StdPeriph_Driver\src\stm32f0xx_usart.o
LOAD Drivers\STM32F0xx_StdPeriph_Driver\src\stm32f0xx_wwdg.o
LOAD src\grbl\coolant_control.o
LOAD src\grbl\eeprom.o
LOAD src\grbl\gcode.o
LOAD src\grbl\jog.o
LOAD src\grbl\limits.o
LOAD src\grbl\motion_control.o
LOAD src\grbl\nuts_bolts.o
LOAD src\grbl\planner.o
LOAD src\grbl\print.o
LOAD src\grbl\probe.o
LOAD src\grbl\protocol.o
LOAD src\grbl\report.o
LOAD src\grbl\serial.o
LOAD src\grbl\settings.o
LOAD src\grbl\spindle_control.o
LOAD src\grbl\stepper.o
LOAD src\grbl\system.o
LOAD src\main.o
LOAD src\startup_stm32f051.o
LOAD src\stm32f0xx_it.o
LOAD src\syscalls.o
LOAD src\system_stm32f0xx.o
LOAD src\tiny_printf.o
START GROUP
LOAD c:/program files (x86)/atollic/truestudio for arm 7.1.2/armtools/bin/../lib/gcc/arm-atollic-eabi/5.3.1/../../../../arm-atollic-eabi/lib/armv6-m\libc_nano.a
LOAD c:/program files (x86)/atollic/truestudio for arm 7.1.2/armtools/bin/../lib/gcc/arm-atollic-eabi/5.3.1/../../../../arm-atollic-eabi/lib/armv6-m\libm.a
END GROUP
                0x00000080                malloc_getpagesize_P = 0x80
START GROUP
LOAD c:/program files (x86)/atollic/truestudio for arm 7.1.2/armtools/bin/../lib/gcc/arm-atollic-eabi/5.3.1/armv6-m\libgcc.a
LOAD c:/program files (x86)/atollic/truestudio for arm 7.1.2/armtools/bin/../lib/gcc/arm-atollic-eabi/5.3.1/../../../../arm-atollic-eabi/lib/armv6-m\libc_nano.a
END GROUP
START GROUP
LOAD c:/program files (x86)/atollic/truestudio for arm 7.1.2/armtools/bin/../lib/gcc/arm-atollic-eabi/5.3.1/armv6-m\libgcc.a
LOAD c:/program files (x86)/atollic/truestudio for arm 7.1.2/armtools/bin/../lib/gcc/arm-atollic-eabi/5.3.1/../../../../arm-atollic-eabi/lib/armv6-m\libc_nano.a
LOAD c:/program files (x86)/atollic/truestudio for arm 7.1.2/armtools/bin/../lib/gcc/arm-atollic-eabi/5.3.1/../../../../arm-atollic-eabi/lib/armv6-m\libnosys.a
END GROUP
START GROUP
LOAD c:/program files (x86)/atollic/truestudio for arm 7.1.2/armtools/bin/../lib/gcc/arm-atollic-eabi/5.3.1/armv6-m\libgcc.a
LOAD c:/program files (x86)/atollic/truestudio for arm 7.1.2/armtools/bin/../lib/gcc/arm-atollic-eabi/5.3.1/../../../../arm-atollic-eabi/lib/armv6-m\libc_nano.a
LOAD c:/program files (x86)/atollic/truestudio for arm 7.1.2/armtools/bin/../lib/gcc/arm-atollic-eabi/5.3.1/../../../../arm-atollic-eabi/lib/armv6-m\libnosys.a
END GROUP
LOAD c:/program files (x86)/atollic/truestudio for arm 7.1.2/armtools/bin/../lib/gcc/arm-atollic-eabi/5.3.1/armv6-m/crtend.o
LOAD c:/program files (x86)/atollic/truestudio for arm 7.1.2/armtools/bin/../lib/gcc/arm-atollic-eabi/5.3.1/armv6-m/crtn.o
                0x20002000                _estack = 0x20002000
                0x00000000                _Min_Heap_Size = 0x0
                0x00000080                _Min_Stack_Size = 0x80

.isr_vector     0x08000000       0xc0
                0x08000000                . = ALIGN (0x4)
 *(.isr_vector)
 .isr_vector    0x08000000       0xc0 src\startup_stm32f051.o
                0x08000000                g_pfnVectors
                0x080000c0                . = ALIGN (0x4)

.text           0x080000c0     0xd0cc
                0x080000c0                . = ALIGN (0x4)
 *(.text)
 .text          0x080000c0       0x48 c:/program files (x86)/atollic/truestudio for arm 7.1.2/armtools/bin/../lib/gcc/arm-atollic-eabi/5.3.1/armv6-m/crtbegin.o
 .text          0x08000108       0x14 c:/program files (x86)/atollic/truestudio for arm 7.1.2/armtools/bin/../lib/gcc/arm-atollic-eabi/5.3.1/armv6-m\libgcc.a(_thumb1_case_uqi.o)
                0x08000108                __gnu_thumb1_case_uqi
 .text          0x0800011c      0x114 c:/program files (x86)/atollic/truestudio for arm 7.1.2/armtools/bin/../lib/gcc/arm-atollic-eabi/5.3.1/armv6-m\libgcc.a(_udivsi3.o)
                0x0800011c                __aeabi_uidiv
                0x0800011c                __udivsi3
                0x08000228                __aeabi_uidivmod
 .text          0x08000230        0x4 c:/program files (x86)/atollic/truestudio for arm 7.1.2/armtools/bin/../lib/gcc/arm-atollic-eabi/5.3.1/armv6-m\libgcc.a(_dvmd_tls.o)
                0x08000230                __aeabi_idiv0
                0x08000230                __aeabi_ldiv0
 .text          0x08000234       0x7c c:/program files (x86)/atollic/truestudio for arm 7.1.2/armtools/bin/../lib/gcc/arm-atollic-eabi/5.3.1/armv6-m\libgcc.a(_arm_cmpdf2.o)
                0x08000234                __aeabi_cdrcmple
                0x08000244                __aeabi_cdcmple
                0x08000244                __aeabi_cdcmpeq
                0x08000254                __aeabi_dcmpeq
                0x08000260                __aeabi_dcmplt
                0x08000274                __aeabi_dcmple
                0x08000288                __aeabi_dcmpgt
                0x0800029c                __aeabi_dcmpge
 .text          0x080002b0       0x74 c:/program files (x86)/atollic/truestudio for arm 7.1.2/armtools/bin/../lib/gcc/arm-atollic-eabi/5.3.1/armv6-m\libgcc.a(_arm_cmpsf2.o)
                0x080002b0                __aeabi_cfrcmple
                0x080002b8                __aeabi_cfcmpeq
                0x080002b8                __aeabi_cfcmple
                0x080002c8                __aeabi_fcmpeq
                0x080002d4                __aeabi_fcmplt
                0x080002e8                __aeabi_fcmple
                0x080002fc                __aeabi_fcmpgt
                0x08000310                __aeabi_fcmpge
 .text          0x08000324       0x30 c:/program files (x86)/atollic/truestudio for arm 7.1.2/armtools/bin/../lib/gcc/arm-atollic-eabi/5.3.1/armv6-m\libgcc.a(_fixunssfsi.o)
                0x08000324                __fixunssfsi
                0x08000324                __aeabi_f2uiz
 .text          0x08000354       0x3c c:/program files (x86)/atollic/truestudio for arm 7.1.2/armtools/bin/../lib/gcc/arm-atollic-eabi/5.3.1/armv6-m\libgcc.a(_fixunsdfsi.o)
                0x08000354                __aeabi_d2uiz
                0x08000354                __fixunsdfsi
 .text          0x08000390      0x2ec c:/program files (x86)/atollic/truestudio for arm 7.1.2/armtools/bin/../lib/gcc/arm-atollic-eabi/5.3.1/armv6-m\libgcc.a(addsf3.o)
                0x08000390                __aeabi_fadd
 .text          0x0800067c      0x234 c:/program files (x86)/atollic/truestudio for arm 7.1.2/armtools/bin/../lib/gcc/arm-atollic-eabi/5.3.1/armv6-m\libgcc.a(divsf3.o)
                0x0800067c                __aeabi_fdiv
 .text          0x080008b0       0x50 c:/program files (x86)/atollic/truestudio for arm 7.1.2/armtools/bin/../lib/gcc/arm-atollic-eabi/5.3.1/armv6-m\libgcc.a(eqsf2.o)
                0x080008b0                __eqsf2
                0x080008b0                __nesf2
 .text          0x08000900       0x88 c:/program files (x86)/atollic/truestudio for arm 7.1.2/armtools/bin/../lib/gcc/arm-atollic-eabi/5.3.1/armv6-m\libgcc.a(gesf2.o)
                0x08000900                __gesf2
                0x08000900                __gtsf2
 .text          0x08000988       0x88 c:/program files (x86)/atollic/truestudio for arm 7.1.2/armtools/bin/../lib/gcc/arm-atollic-eabi/5.3.1/armv6-m\libgcc.a(lesf2.o)
                0x08000988                __ltsf2
                0x08000988                __lesf2
 .text          0x08000a10      0x228 c:/program files (x86)/atollic/truestudio for arm 7.1.2/armtools/bin/../lib/gcc/arm-atollic-eabi/5.3.1/armv6-m\libgcc.a(mulsf3.o)
                0x08000a10                __aeabi_fmul
 .text          0x08000c38      0x30c c:/program files (x86)/atollic/truestudio for arm 7.1.2/armtools/bin/../lib/gcc/arm-atollic-eabi/5.3.1/armv6-m\libgcc.a(subsf3.o)
                0x08000c38                __aeabi_fsub
 .text          0x08000f44       0x30 c:/program files (x86)/atollic/truestudio for arm 7.1.2/armtools/bin/../lib/gcc/arm-atollic-eabi/5.3.1/armv6-m\libgcc.a(unordsf2.o)
                0x08000f44                __aeabi_fcmpun
 .text          0x08000f74       0x44 c:/program files (x86)/atollic/truestudio for arm 7.1.2/armtools/bin/../lib/gcc/arm-atollic-eabi/5.3.1/armv6-m\libgcc.a(fixsfsi.o)
                0x08000f74                __aeabi_f2iz
 .text          0x08000fb8       0x90 c:/program files (x86)/atollic/truestudio for arm 7.1.2/armtools/bin/../lib/gcc/arm-atollic-eabi/5.3.1/armv6-m\libgcc.a(floatsisf.o)
                0x08000fb8                __aeabi_i2f
 .text          0x08001048       0x7c c:/program files (x86)/atollic/truestudio for arm 7.1.2/armtools/bin/../lib/gcc/arm-atollic-eabi/5.3.1/armv6-m\libgcc.a(floatunsisf.o)
                0x08001048                __aeabi_ui2f
 .text          0x080010c4      0x658 c:/program files (x86)/atollic/truestudio for arm 7.1.2/armtools/bin/../lib/gcc/arm-atollic-eabi/5.3.1/armv6-m\libgcc.a(adddf3.o)
                0x080010c4                __aeabi_dadd
 .text          0x0800171c      0x62c c:/program files (x86)/atollic/truestudio for arm 7.1.2/armtools/bin/../lib/gcc/arm-atollic-eabi/5.3.1/armv6-m\libgcc.a(divdf3.o)
                0x0800171c                __aeabi_ddiv
 .text          0x08001d48       0x80 c:/program files (x86)/atollic/truestudio for arm 7.1.2/armtools/bin/../lib/gcc/arm-atollic-eabi/5.3.1/armv6-m\libgcc.a(eqdf2.o)
                0x08001d48                __nedf2
                0x08001d48                __eqdf2
 .text          0x08001dc8       0xc8 c:/program files (x86)/atollic/truestudio for arm 7.1.2/armtools/bin/../lib/gcc/arm-atollic-eabi/5.3.1/armv6-m\libgcc.a(gedf2.o)
                0x08001dc8                __gedf2
                0x08001dc8                __gtdf2
 .text          0x08001e90       0xd4 c:/program files (x86)/atollic/truestudio for arm 7.1.2/armtools/bin/../lib/gcc/arm-atollic-eabi/5.3.1/armv6-m\libgcc.a(ledf2.o)
                0x08001e90                __ledf2
                0x08001e90                __ltdf2
 .text          0x08001f64      0x6a8 c:/program files (x86)/atollic/truestudio for arm 7.1.2/armtools/bin/../lib/gcc/arm-atollic-eabi/5.3.1/armv6-m\libgcc.a(subdf3.o)
                0x08001f64                __aeabi_dsub
 .text          0x0800260c       0x6c c:/program files (x86)/atollic/truestudio for arm 7.1.2/armtools/bin/../lib/gcc/arm-atollic-eabi/5.3.1/armv6-m\libgcc.a(fixdfsi.o)
                0x0800260c                __aeabi_d2iz
 .text          0x08002678       0xa8 c:/program files (x86)/atollic/truestudio for arm 7.1.2/armtools/bin/../lib/gcc/arm-atollic-eabi/5.3.1/armv6-m\libgcc.a(extendsfdf2.o)
                0x08002678                __aeabi_f2d
 .text          0x08002720      0x118 c:/program files (x86)/atollic/truestudio for arm 7.1.2/armtools/bin/../lib/gcc/arm-atollic-eabi/5.3.1/armv6-m\libgcc.a(truncdfsf2.o)
                0x08002720                __aeabi_d2f
 .text          0x08002838       0x3c c:/program files (x86)/atollic/truestudio for arm 7.1.2/armtools/bin/../lib/gcc/arm-atollic-eabi/5.3.1/armv6-m\libgcc.a(_clzsi2.o)
                0x08002838                __clzsi2
 *(.text*)
 .text.EXTI_Init
                0x08002874       0xe0 Drivers\STM32F0xx_StdPeriph_Driver\src\stm32f0xx_exti.o
                0x08002874                EXTI_Init
 .text.GPIO_Init
                0x08002954      0x130 Drivers\STM32F0xx_StdPeriph_Driver\src\stm32f0xx_gpio.o
                0x08002954                GPIO_Init
 .text.GPIO_ReadInputData
                0x08002a84       0x18 Drivers\STM32F0xx_StdPeriph_Driver\src\stm32f0xx_gpio.o
                0x08002a84                GPIO_ReadInputData
 .text.GPIO_ReadOutputData
                0x08002a9c       0x18 Drivers\STM32F0xx_StdPeriph_Driver\src\stm32f0xx_gpio.o
                0x08002a9c                GPIO_ReadOutputData
 .text.GPIO_SetBits
                0x08002ab4       0x20 Drivers\STM32F0xx_StdPeriph_Driver\src\stm32f0xx_gpio.o
                0x08002ab4                GPIO_SetBits
 .text.GPIO_ResetBits
                0x08002ad4       0x20 Drivers\STM32F0xx_StdPeriph_Driver\src\stm32f0xx_gpio.o
                0x08002ad4                GPIO_ResetBits
 .text.GPIO_WriteBit
                0x08002af4       0x3c Drivers\STM32F0xx_StdPeriph_Driver\src\stm32f0xx_gpio.o
                0x08002af4                GPIO_WriteBit
 .text.GPIO_Write
                0x08002b30       0x20 Drivers\STM32F0xx_StdPeriph_Driver\src\stm32f0xx_gpio.o
                0x08002b30                GPIO_Write
 .text.NVIC_Init
                0x08002b50       0xac Drivers\STM32F0xx_StdPeriph_Driver\src\stm32f0xx_misc.o
                0x08002b50                NVIC_Init
 .text.RCC_GetClocksFreq
                0x08002bfc      0x2d0 Drivers\STM32F0xx_StdPeriph_Driver\src\stm32f0xx_rcc.o
                0x08002bfc                RCC_GetClocksFreq
 .text.RCC_AHBPeriphClockCmd
                0x08002ecc       0x40 Drivers\STM32F0xx_StdPeriph_Driver\src\stm32f0xx_rcc.o
                0x08002ecc                RCC_AHBPeriphClockCmd
 .text.RCC_APB2PeriphClockCmd
                0x08002f0c       0x40 Drivers\STM32F0xx_StdPeriph_Driver\src\stm32f0xx_rcc.o
                0x08002f0c                RCC_APB2PeriphClockCmd
 .text.SYSCFG_EXTILineConfig
                0x08002f4c       0x94 Drivers\STM32F0xx_StdPeriph_Driver\src\stm32f0xx_syscfg.o
                0x08002f4c                SYSCFG_EXTILineConfig
 .text.TIM_TimeBaseInit
                0x08002fe0       0xf0 Drivers\STM32F0xx_StdPeriph_Driver\src\stm32f0xx_tim.o
                0x08002fe0                TIM_TimeBaseInit
 .text.TIM_TimeBaseStructInit
                0x080030d0       0x30 Drivers\STM32F0xx_StdPeriph_Driver\src\stm32f0xx_tim.o
                0x080030d0                TIM_TimeBaseStructInit
 .text.TIM_Cmd  0x08003100       0x40 Drivers\STM32F0xx_StdPeriph_Driver\src\stm32f0xx_tim.o
                0x08003100                TIM_Cmd
 .text.TIM_CtrlPWMOutputs
                0x08003140       0x4c Drivers\STM32F0xx_StdPeriph_Driver\src\stm32f0xx_tim.o
                0x08003140                TIM_CtrlPWMOutputs
 .text.TIM_OC1Init
                0x0800318c      0x1a4 Drivers\STM32F0xx_StdPeriph_Driver\src\stm32f0xx_tim.o
                0x0800318c                TIM_OC1Init
 .text.TIM_OC1PreloadConfig
                0x08003330       0x54 Drivers\STM32F0xx_StdPeriph_Driver\src\stm32f0xx_tim.o
                0x08003330                TIM_OC1PreloadConfig
 .text.TIM_ITConfig
                0x08003384       0x54 Drivers\STM32F0xx_StdPeriph_Driver\src\stm32f0xx_tim.o
                0x08003384                TIM_ITConfig
 .text.TIM_ClearITPendingBit
                0x080033d8       0x24 Drivers\STM32F0xx_StdPeriph_Driver\src\stm32f0xx_tim.o
                0x080033d8                TIM_ClearITPendingBit
 .text.USART_Init
                0x080033fc      0x18c Drivers\STM32F0xx_StdPeriph_Driver\src\stm32f0xx_usart.o
                0x080033fc                USART_Init
 .text.USART_Cmd
                0x08003588       0x3c Drivers\STM32F0xx_StdPeriph_Driver\src\stm32f0xx_usart.o
                0x08003588                USART_Cmd
 .text.USART_SendData
                0x080035c4       0x24 Drivers\STM32F0xx_StdPeriph_Driver\src\stm32f0xx_usart.o
                0x080035c4                USART_SendData
 .text.USART_ITConfig
                0x080035e8       0x88 Drivers\STM32F0xx_StdPeriph_Driver\src\stm32f0xx_usart.o
                0x080035e8                USART_ITConfig
 .text.coolant_init
                0x08003670       0x10 src\grbl\coolant_control.o
                0x08003670                coolant_init
 .text.coolant_get_state
                0x08003680       0x18 src\grbl\coolant_control.o
                0x08003680                coolant_get_state
 .text.coolant_stop
                0x08003698        0xc src\grbl\coolant_control.o
                0x08003698                coolant_stop
 .text.coolant_set_state
                0x080036a4       0x34 src\grbl\coolant_control.o
                0x080036a4                coolant_set_state
 .text.coolant_sync
                0x080036d8       0x30 src\grbl\coolant_control.o
                0x080036d8                coolant_sync
 .text.eeprom_get_char
                0x08003708       0x1c src\grbl\eeprom.o
                0x08003708                eeprom_get_char
 .text.eeprom_put_char
                0x08003724       0x28 src\grbl\eeprom.o
                0x08003724                eeprom_put_char
 .text.memcpy_to_eeprom_with_checksum
                0x0800374c       0x84 src\grbl\eeprom.o
                0x0800374c                memcpy_to_eeprom_with_checksum
 .text.memcpy_from_eeprom_with_checksum
                0x080037d0       0x9c src\grbl\eeprom.o
                0x080037d0                memcpy_from_eeprom_with_checksum
 .text.gc_init  0x0800386c       0x38 src\grbl\gcode.o
                0x0800386c                gc_init
 .text.gc_sync_position
                0x080038a4       0x20 src\grbl\gcode.o
                0x080038a4                gc_sync_position
 .text.gc_execute_line
                0x080038c4     0x1a50 src\grbl\gcode.o
                0x080038c4                gc_execute_line
 .text.jog_execute
                0x08005314       0x80 src\grbl\jog.o
                0x08005314                jog_execute
 .text.NVIC_DisableIRQ
                0x08005394       0x30 src\grbl\limits.o
 .text.limits_init
                0x080053c4       0xcc src\grbl\limits.o
                0x080053c4                limits_init
 .text.limits_disable
                0x08005490       0x10 src\grbl\limits.o
                0x08005490                limits_disable
 .text.limits_get_state
                0x080054a0       0xa0 src\grbl\limits.o
                0x080054a0                limits_get_state
 .text.limits_go_home
                0x08005540      0x4dc src\grbl\limits.o
                0x08005540                limits_go_home
 .text.limits_soft_check
                0x08005a1c       0x5c src\grbl\limits.o
                0x08005a1c                limits_soft_check
 .text.mc_line  0x08005a78       0x98 src\grbl\motion_control.o
                0x08005a78                mc_line
 .text.mc_arc   0x08005b10      0x4d4 src\grbl\motion_control.o
                0x08005b10                mc_arc
 .text.mc_dwell
                0x08005fe4       0x2c src\grbl\motion_control.o
                0x08005fe4                mc_dwell
 .text.mc_homing_cycle
                0x08006010       0x44 src\grbl\motion_control.o
                0x08006010                mc_homing_cycle
 .text.mc_probe_cycle
                0x08006054      0x124 src\grbl\motion_control.o
                0x08006054                mc_probe_cycle
 .text.mc_reset
                0x08006178       0x70 src\grbl\motion_control.o
                0x08006178                mc_reset
 .text.read_float
                0x080061e8      0x1f4 src\grbl\nuts_bolts.o
                0x080061e8                read_float
 .text.delay_sec
                0x080063dc       0x84 src\grbl\nuts_bolts.o
                0x080063dc                delay_sec
 .text.delay_ms
                0x08006460       0x2c src\grbl\nuts_bolts.o
                0x08006460                delay_ms
 .text.hypot_f  0x0800648c       0x3c src\grbl\nuts_bolts.o
                0x0800648c                hypot_f
 .text.convert_delta_vector_to_unit_vector
                0x080064c8       0xe4 src\grbl\nuts_bolts.o
                0x080064c8                convert_delta_vector_to_unit_vector
 .text.limit_value_by_axis_maximum
                0x080065ac       0xbc src\grbl\nuts_bolts.o
                0x080065ac                limit_value_by_axis_maximum
 .text.plan_next_block_index
                0x08006668       0x30 src\grbl\planner.o
                0x08006668                plan_next_block_index
 .text.plan_prev_block_index
                0x08006698       0x30 src\grbl\planner.o
 .text.planner_recalculate
                0x080066c8      0x268 src\grbl\planner.o
 .text.plan_reset
                0x08006930       0x20 src\grbl\planner.o
                0x08006930                plan_reset
 .text.plan_reset_buffer
                0x08006950       0x34 src\grbl\planner.o
                0x08006950                plan_reset_buffer
 .text.plan_discard_current_block
                0x08006984       0x54 src\grbl\planner.o
                0x08006984                plan_discard_current_block
 .text.plan_get_system_motion_block
                0x080069d8       0x20 src\grbl\planner.o
                0x080069d8                plan_get_system_motion_block
 .text.plan_get_current_block
                0x080069f8       0x34 src\grbl\planner.o
                0x080069f8                plan_get_current_block
 .text.plan_get_exec_block_exit_speed_sqr
                0x08006a2c       0x4c src\grbl\planner.o
                0x08006a2c                plan_get_exec_block_exit_speed_sqr
 .text.plan_check_full_buffer
                0x08006a78       0x24 src\grbl\planner.o
                0x08006a78                plan_check_full_buffer
 .text.plan_compute_profile_nominal_speed
                0x08006a9c       0xa8 src\grbl\planner.o
                0x08006a9c                plan_compute_profile_nominal_speed
 .text.plan_compute_profile_parameters
                0x08006b44       0x60 src\grbl\planner.o
 .text.plan_update_velocity_profile_parameters
                0x08006ba4       0x88 src\grbl\planner.o
                0x08006ba4                plan_update_velocity_profile_parameters
 .text.plan_buffer_line
                0x08006c2c      0x444 src\grbl\planner.o
                0x08006c2c                plan_buffer_line
 .text.plan_sync_position
                0x08007070       0x44 src\grbl\planner.o
                0x08007070                plan_sync_position
 .text.plan_get_block_buffer_available
                0x080070b4       0x40 src\grbl\planner.o
                0x080070b4                plan_get_block_buffer_available
 .text.plan_cycle_reinitialize
                0x080070f4       0x24 src\grbl\planner.o
                0x080070f4                plan_cycle_reinitialize
 .text.printString
                0x08007118       0x28 src\grbl\print.o
                0x08007118                printString
 .text.print_uint8_base10
                0x08007140       0xc4 src\grbl\print.o
                0x08007140                print_uint8_base10
 .text.printFloat
                0x08007204      0x170 src\grbl\print.o
                0x08007204                printFloat
 .text.printFloat_CoordValue
                0x08007374       0x44 src\grbl\print.o
                0x08007374                printFloat_CoordValue
 .text.printFloat_RateValue
                0x080073b8       0x44 src\grbl\print.o
                0x080073b8                printFloat_RateValue
 .text.probe_init
                0x080073fc       0x48 src\grbl\probe.o
                0x080073fc                probe_init
 .text.probe_configure_invert_mask
                0x08007444       0x48 src\grbl\probe.o
                0x08007444                probe_configure_invert_mask
 .text.probe_get_state
                0x0800748c       0x30 src\grbl\probe.o
                0x0800748c                probe_get_state
 .text.probe_state_monitor
                0x080074bc       0x40 src\grbl\probe.o
                0x080074bc                probe_state_monitor
 .text.protocol_main_loop
                0x080074fc      0x25c src\grbl\protocol.o
                0x080074fc                protocol_main_loop
 .text.protocol_buffer_synchronize
                0x08007758       0x30 src\grbl\protocol.o
                0x08007758                protocol_buffer_synchronize
 .text.protocol_auto_cycle_start
                0x08007788       0x18 src\grbl\protocol.o
                0x08007788                protocol_auto_cycle_start
 .text.protocol_execute_realtime
                0x080077a0       0x20 src\grbl\protocol.o
                0x080077a0                protocol_execute_realtime
 .text.protocol_exec_rt_system
                0x080077c0      0x5fc src\grbl\protocol.o
                0x080077c0                protocol_exec_rt_system
 .text.protocol_exec_rt_suspend
                0x08007dbc      0x2b4 src\grbl\protocol.o
 .text.report_util_setting_prefix
                0x08008070       0x2c src\grbl\report.o
                0x08008070                report_util_setting_prefix
 .text.report_util_line_feed
                0x0800809c       0x18 src\grbl\report.o
 .text.report_util_feedback_line_feed
                0x080080b4       0x14 src\grbl\report.o
 .text.report_util_gcode_modes_G
                0x080080c8       0x18 src\grbl\report.o
 .text.report_util_gcode_modes_M
                0x080080e0       0x18 src\grbl\report.o
 .text.report_util_axis_values
                0x080080f8       0x58 src\grbl\report.o
 .text.report_util_uint8_setting
                0x08008150       0x30 src\grbl\report.o
 .text.report_util_float_setting
                0x08008180       0x3c src\grbl\report.o
 .text.report_status_message
                0x080081bc       0x44 src\grbl\report.o
                0x080081bc                report_status_message
 .text.report_alarm_message
                0x08008200       0x38 src\grbl\report.o
                0x08008200                report_alarm_message
 .text.report_feedback_message
                0x08008238       0xd4 src\grbl\report.o
                0x08008238                report_feedback_message
 .text.report_init_message
                0x0800830c       0x18 src\grbl\report.o
                0x0800830c                report_init_message
 .text.report_grbl_help
                0x08008324       0x18 src\grbl\report.o
                0x08008324                report_grbl_help
 .text.report_grbl_settings
                0x0800833c      0x2a4 src\grbl\report.o
                0x0800833c                report_grbl_settings
 .text.report_probe_parameters
                0x080085e0       0x4c src\grbl\report.o
                0x080085e0                report_probe_parameters
 .text.report_ngc_parameters
                0x0800862c       0xe4 src\grbl\report.o
                0x0800862c                report_ngc_parameters
 .text.report_gcode_modes
                0x08008710      0x168 src\grbl\report.o
                0x08008710                report_gcode_modes
 .text.report_startup_line
                0x08008878       0x40 src\grbl\report.o
                0x08008878                report_startup_line
 .text.report_execute_startup_message
                0x080088b8       0x34 src\grbl\report.o
                0x080088b8                report_execute_startup_message
 .text.report_build_info
                0x080088ec       0x58 src\grbl\report.o
                0x080088ec                report_build_info
 .text.report_realtime_status
                0x08008944      0x4e0 src\grbl\report.o
                0x08008944                report_realtime_status
 .text.serial_get_rx_buffer_available
                0x08008e24       0x4c src\grbl\serial.o
                0x08008e24                serial_get_rx_buffer_available
 .text.serial_init
                0x08008e70        0xc src\grbl\serial.o
                0x08008e70                serial_init
 .text.serial_write
                0x08008e7c       0x44 src\grbl\serial.o
                0x08008e7c                serial_write
 .text.serial_read
                0x08008ec0       0x64 src\grbl\serial.o
                0x08008ec0                serial_read
 .text.USART1_IRQHandler
                0x08008f24      0x17c src\grbl\serial.o
                0x08008f24                USART1_IRQHandler
 .text.serial_reset_read_buffer
                0x080090a0       0x1c src\grbl\serial.o
                0x080090a0                serial_reset_read_buffer
 .text.settings_store_startup_line
                0x080090bc       0x40 src\grbl\settings.o
                0x080090bc                settings_store_startup_line
 .text.settings_store_build_info
                0x080090fc       0x20 src\grbl\settings.o
                0x080090fc                settings_store_build_info
 .text.settings_write_coord_data
                0x0800911c       0x40 src\grbl\settings.o
                0x0800911c                settings_write_coord_data
 .text.write_global_settings
                0x0800915c       0x24 src\grbl\settings.o
                0x0800915c                write_global_settings
 .text.settings_restore
                0x08009180      0x1b8 src\grbl\settings.o
                0x08009180                settings_restore
 .text.settings_read_startup_line
                0x08009338       0x58 src\grbl\settings.o
                0x08009338                settings_read_startup_line
 .text.settings_read_build_info
                0x08009390       0x38 src\grbl\settings.o
                0x08009390                settings_read_build_info
 .text.settings_read_coord_data
                0x080093c8       0x60 src\grbl\settings.o
                0x080093c8                settings_read_coord_data
 .text.read_global_settings
                0x08009428       0x40 src\grbl\settings.o
                0x08009428                read_global_settings
 .text.settings_store_global_setting
                0x08009468      0x3d4 src\grbl\settings.o
                0x08009468                settings_store_global_setting
 .text.settings_init
                0x0800983c       0x24 src\grbl\settings.o
                0x0800983c                settings_init
 .text.spindle_init
                0x08009860      0x178 src\grbl\spindle_control.o
                0x08009860                spindle_init
 .text.spindle_get_state
                0x080099d8       0x38 src\grbl\spindle_control.o
                0x080099d8                spindle_get_state
 .text.spindle_stop
                0x08009a10       0x18 src\grbl\spindle_control.o
                0x08009a10                spindle_stop
 .text.spindle_set_speed
                0x08009a28       0x40 src\grbl\spindle_control.o
                0x08009a28                spindle_set_speed
 .text.spindle_compute_pwm_value
                0x08009a68       0xfc src\grbl\spindle_control.o
                0x08009a68                spindle_compute_pwm_value
 .text.spindle_set_state
                0x08009b64       0x94 src\grbl\spindle_control.o
                0x08009b64                spindle_set_state
 .text.spindle_sync
                0x08009bf8       0x38 src\grbl\spindle_control.o
                0x08009bf8                spindle_sync
 .text.NVIC_EnableIRQ
                0x08009c30       0x2c src\grbl\stepper.o
 .text.NVIC_DisableIRQ
                0x08009c5c       0x30 src\grbl\stepper.o
 .text.st_wake_up
                0x08009c8c       0x48 src\grbl\stepper.o
                0x08009c8c                st_wake_up
 .text.st_go_idle
                0x08009cd4       0x9c src\grbl\stepper.o
                0x08009cd4                st_go_idle
 .text.TIM2_IRQHandler
                0x08009d70      0x390 src\grbl\stepper.o
                0x08009d70                TIM2_IRQHandler
 .text.TIM3_IRQHandler
                0x0800a100       0x70 src\grbl\stepper.o
                0x0800a100                TIM3_IRQHandler
 .text.st_generate_step_dir_invert_masks
                0x0800a170       0xa0 src\grbl\stepper.o
                0x0800a170                st_generate_step_dir_invert_masks
 .text.st_reset
                0x0800a210       0xe0 src\grbl\stepper.o
                0x0800a210                st_reset
 .text.stepper_init
                0x0800a2f0       0xc8 src\grbl\stepper.o
                0x0800a2f0                stepper_init
 .text.st_update_plan_block_parameters
                0x0800a3b8       0x48 src\grbl\stepper.o
                0x0800a3b8                st_update_plan_block_parameters
 .text.st_next_block_index
                0x0800a400       0x30 src\grbl\stepper.o
 .text.st_prep_buffer
                0x0800a430      0xb6c src\grbl\stepper.o
                0x0800a430                st_prep_buffer
 .text.st_get_realtime_rate
                0x0800af9c       0x28 src\grbl\stepper.o
                0x0800af9c                st_get_realtime_rate
 .text.TIM_Configuration
                0x0800afc4       0xe4 src\grbl\stepper.o
                0x0800afc4                TIM_Configuration
 .text.system_init
                0x0800b0a8       0xbc src\grbl\system.o
                0x0800b0a8                system_init
 .text.system_control_get_state
                0x0800b164       0x74 src\grbl\system.o
                0x0800b164                system_control_get_state
 .text.system_check_safety_door_ajar
                0x0800b1d8        0xc src\grbl\system.o
                0x0800b1d8                system_check_safety_door_ajar
 .text.system_execute_startup
                0x0800b1e4       0x80 src\grbl\system.o
                0x0800b1e4                system_execute_startup
 .text.system_execute_line
                0x0800b264      0x4dc src\grbl\system.o
                0x0800b264                system_execute_line
 .text.system_flag_wco_change
                0x0800b740       0x18 src\grbl\system.o
                0x0800b740                system_flag_wco_change
 .text.system_convert_axis_steps_to_mpos
                0x0800b758       0x44 src\grbl\system.o
                0x0800b758                system_convert_axis_steps_to_mpos
 .text.system_convert_array_steps_to_mpos
                0x0800b79c       0x54 src\grbl\system.o
                0x0800b79c                system_convert_array_steps_to_mpos
 .text.system_check_travel_limits
                0x0800b7f0       0x80 src\grbl\system.o
                0x0800b7f0                system_check_travel_limits
 .text.system_set_exec_state_flag
                0x0800b870       0x30 src\grbl\system.o
                0x0800b870                system_set_exec_state_flag
 .text.system_clear_exec_state_flag
                0x0800b8a0       0x38 src\grbl\system.o
                0x0800b8a0                system_clear_exec_state_flag
 .text.system_set_exec_alarm
                0x0800b8d8       0x30 src\grbl\system.o
                0x0800b8d8                system_set_exec_alarm
 .text.system_clear_exec_alarm
                0x0800b908       0x18 src\grbl\system.o
                0x0800b908                system_clear_exec_alarm
 .text.system_set_exec_motion_override_flag
                0x0800b920       0x30 src\grbl\system.o
                0x0800b920                system_set_exec_motion_override_flag
 .text.system_set_exec_accessory_override_flag
                0x0800b950       0x30 src\grbl\system.o
                0x0800b950                system_set_exec_accessory_override_flag
 .text.system_clear_exec_motion_overrides
                0x0800b980       0x18 src\grbl\system.o
                0x0800b980                system_clear_exec_motion_overrides
 .text.system_clear_exec_accessory_overrides
                0x0800b998       0x18 src\grbl\system.o
                0x0800b998                system_clear_exec_accessory_overrides
 .text.USART1_Configuration
                0x0800b9b0      0x108 src\main.o
                0x0800b9b0                USART1_Configuration
 .text.main     0x0800bab8      0x104 src\main.o
                0x0800bab8                main
 .text._delay_ms
                0x0800bbbc       0x50 src\main.o
                0x0800bbbc                _delay_ms
 .text.Reset_Handler
                0x0800bc0c       0x70 src\startup_stm32f051.o
                0x0800bc0c                Reset_Handler
 .text.Default_Handler
                0x0800bc7c        0x2 src\startup_stm32f051.o
                0x0800bc7c                TIM1_CC_IRQHandler
                0x0800bc7c                ADC1_COMP_IRQHandler
                0x0800bc7c                PVD_IRQHandler
                0x0800bc7c                I2C1_IRQHandler
                0x0800bc7c                SPI1_IRQHandler
                0x0800bc7c                TIM6_DAC_IRQHandler
                0x0800bc7c                EXTI2_3_IRQHandler
                0x0800bc7c                I2C2_IRQHandler
                0x0800bc7c                TIM17_IRQHandler
                0x0800bc7c                RTC_IRQHandler
                0x0800bc7c                TIM16_IRQHandler
                0x0800bc7c                EXTI4_15_IRQHandler
                0x0800bc7c                RCC_IRQHandler
                0x0800bc7c                DMA1_Channel1_IRQHandler
                0x0800bc7c                Default_Handler
                0x0800bc7c                CEC_IRQHandler
                0x0800bc7c                TIM14_IRQHandler
                0x0800bc7c                DMA1_Channel4_5_IRQHandler
                0x0800bc7c                TIM15_IRQHandler
                0x0800bc7c                EXTI0_1_IRQHandler
                0x0800bc7c                SPI2_IRQHandler
                0x0800bc7c                TS_IRQHandler
                0x0800bc7c                WWDG_IRQHandler
                0x0800bc7c                DMA1_Channel2_3_IRQHandler
                0x0800bc7c                USART2_IRQHandler
                0x0800bc7c                FLASH_IRQHandler
                0x0800bc7c                TIM1_BRK_UP_TRG_COM_IRQHandler
 *fill*         0x0800bc7e        0x2 
 .text.NMI_Handler
                0x0800bc80        0xc src\stm32f0xx_it.o
                0x0800bc80                NMI_Handler
 .text.HardFault_Handler
                0x0800bc8c        0x8 src\stm32f0xx_it.o
                0x0800bc8c                HardFault_Handler
 .text.SVC_Handler
                0x0800bc94        0xc src\stm32f0xx_it.o
                0x0800bc94                SVC_Handler
 .text.PendSV_Handler
                0x0800bca0        0xc src\stm32f0xx_it.o
                0x0800bca0                PendSV_Handler
 .text.SysTick_Handler
                0x0800bcac        0xc src\stm32f0xx_it.o
                0x0800bcac                SysTick_Handler
 .text.SystemInit
                0x0800bcb8       0x8c src\system_stm32f0xx.o
                0x0800bcb8                SystemInit
 .text.SetSysClock
                0x0800bd44       0xe0 src\system_stm32f0xx.o
 .text.__libc_init_array
                0x0800be24       0x4c c:/program files (x86)/atollic/truestudio for arm 7.1.2/armtools/bin/../lib/gcc/arm-atollic-eabi/5.3.1/../../../../arm-atollic-eabi/lib/armv6-m\libc_nano.a(lib_a-init.o)
                0x0800be24                __libc_init_array
 .text.memcmp   0x0800be70       0x1e c:/program files (x86)/atollic/truestudio for arm 7.1.2/armtools/bin/../lib/gcc/arm-atollic-eabi/5.3.1/../../../../arm-atollic-eabi/lib/armv6-m\libc_nano.a(lib_a-memcmp.o)
                0x0800be70                memcmp
 .text.memcpy   0x0800be8e       0x12 c:/program files (x86)/atollic/truestudio for arm 7.1.2/armtools/bin/../lib/gcc/arm-atollic-eabi/5.3.1/../../../../arm-atollic-eabi/lib/armv6-m\libc_nano.a(lib_a-memcpy-stub.o)
                0x0800be8e                memcpy
 .text.memset   0x0800bea0       0x10 c:/program files (x86)/atollic/truestudio for arm 7.1.2/armtools/bin/../lib/gcc/arm-atollic-eabi/5.3.1/../../../../arm-atollic-eabi/lib/armv6-m\libc_nano.a(lib_a-memset.o)
                0x0800bea0                memset
 .text.lround   0x0800beb0       0x8c c:/program files (x86)/atollic/truestudio for arm 7.1.2/armtools/bin/../lib/gcc/arm-atollic-eabi/5.3.1/../../../../arm-atollic-eabi/lib/armv6-m\libm.a(lib_a-s_lround.o)
                0x0800beb0                lround
 .text.trunc    0x0800bf3c       0x60 c:/program files (x86)/atollic/truestudio for arm 7.1.2/armtools/bin/../lib/gcc/arm-atollic-eabi/5.3.1/../../../../arm-atollic-eabi/lib/armv6-m\libm.a(lib_a-s_trunc.o)
                0x0800bf3c                trunc
 .text.ceilf    0x0800bf9c       0x80 c:/program files (x86)/atollic/truestudio for arm 7.1.2/armtools/bin/../lib/gcc/arm-atollic-eabi/5.3.1/../../../../arm-atollic-eabi/lib/armv6-m\libm.a(lib_a-sf_ceil.o)
                0x0800bf9c                ceilf
 .text.cosf     0x0800c01c       0x6c c:/program files (x86)/atollic/truestudio for arm 7.1.2/armtools/bin/../lib/gcc/arm-atollic-eabi/5.3.1/../../../../arm-atollic-eabi/lib/armv6-m\libm.a(lib_a-sf_cos.o)
                0x0800c01c                cosf
 .text.floorf   0x0800c088       0x80 c:/program files (x86)/atollic/truestudio for arm 7.1.2/armtools/bin/../lib/gcc/arm-atollic-eabi/5.3.1/../../../../arm-atollic-eabi/lib/armv6-m\libm.a(lib_a-sf_floor.o)
                0x0800c088                floorf
 .text.roundf   0x0800c108       0x48 c:/program files (x86)/atollic/truestudio for arm 7.1.2/armtools/bin/../lib/gcc/arm-atollic-eabi/5.3.1/../../../../arm-atollic-eabi/lib/armv6-m\libm.a(lib_a-sf_round.o)
                0x0800c108                roundf
 .text.sinf     0x0800c150       0x70 c:/program files (x86)/atollic/truestudio for arm 7.1.2/armtools/bin/../lib/gcc/arm-atollic-eabi/5.3.1/../../../../arm-atollic-eabi/lib/armv6-m\libm.a(lib_a-sf_sin.o)
                0x0800c150                sinf
 .text.atan2f   0x0800c1c0        0x8 c:/program files (x86)/atollic/truestudio for arm 7.1.2/armtools/bin/../lib/gcc/arm-atollic-eabi/5.3.1/../../../../arm-atollic-eabi/lib/armv6-m\libm.a(lib_a-wf_atan2.o)
                0x0800c1c0                atan2f
 .text.sqrtf    0x0800c1c8       0xa4 c:/program files (x86)/atollic/truestudio for arm 7.1.2/armtools/bin/../lib/gcc/arm-atollic-eabi/5.3.1/../../../../arm-atollic-eabi/lib/armv6-m\libm.a(lib_a-wf_sqrt.o)
                0x0800c1c8                sqrtf
 .text.__ieee754_atan2f
                0x0800c26c      0x124 c:/program files (x86)/atollic/truestudio for arm 7.1.2/armtools/bin/../lib/gcc/arm-atollic-eabi/5.3.1/../../../../arm-atollic-eabi/lib/armv6-m\libm.a(lib_a-ef_atan2.o)
                0x0800c26c                __ieee754_atan2f
 .text.__ieee754_rem_pio2f
                0x0800c390      0x2b8 c:/program files (x86)/atollic/truestudio for arm 7.1.2/armtools/bin/../lib/gcc/arm-atollic-eabi/5.3.1/../../../../arm-atollic-eabi/lib/armv6-m\libm.a(lib_a-ef_rem_pio2.o)
                0x0800c390                __ieee754_rem_pio2f
 .text.__ieee754_sqrtf
                0x0800c648       0xa4 c:/program files (x86)/atollic/truestudio for arm 7.1.2/armtools/bin/../lib/gcc/arm-atollic-eabi/5.3.1/../../../../arm-atollic-eabi/lib/armv6-m\libm.a(lib_a-ef_sqrt.o)
                0x0800c648                __ieee754_sqrtf
 .text.__kernel_cosf
                0x0800c6ec      0x12c c:/program files (x86)/atollic/truestudio for arm 7.1.2/armtools/bin/../lib/gcc/arm-atollic-eabi/5.3.1/../../../../arm-atollic-eabi/lib/armv6-m\libm.a(lib_a-kf_cos.o)
                0x0800c6ec                __kernel_cosf
 .text.__kernel_rem_pio2f
                0x0800c818      0x570 c:/program files (x86)/atollic/truestudio for arm 7.1.2/armtools/bin/../lib/gcc/arm-atollic-eabi/5.3.1/../../../../arm-atollic-eabi/lib/armv6-m\libm.a(lib_a-kf_rem_pio2.o)
                0x0800c818                __kernel_rem_pio2f
 .text.__kernel_sinf
                0x0800cd88       0xe8 c:/program files (x86)/atollic/truestudio for arm 7.1.2/armtools/bin/../lib/gcc/arm-atollic-eabi/5.3.1/../../../../arm-atollic-eabi/lib/armv6-m\libm.a(lib_a-kf_sin.o)
                0x0800cd88                __kernel_sinf
 .text.matherr  0x0800ce70        0x4 c:/program files (x86)/atollic/truestudio for arm 7.1.2/armtools/bin/../lib/gcc/arm-atollic-eabi/5.3.1/../../../../arm-atollic-eabi/lib/armv6-m\libm.a(lib_a-s_matherr.o)
                0x0800ce70                matherr
 .text.atanf    0x0800ce74      0x230 c:/program files (x86)/atollic/truestudio for arm 7.1.2/armtools/bin/../lib/gcc/arm-atollic-eabi/5.3.1/../../../../arm-atollic-eabi/lib/armv6-m\libm.a(lib_a-sf_atan.o)
                0x0800ce74                atanf
 .text.fabsf    0x0800d0a4        0x6 c:/program files (x86)/atollic/truestudio for arm 7.1.2/armtools/bin/../lib/gcc/arm-atollic-eabi/5.3.1/../../../../arm-atollic-eabi/lib/armv6-m\libm.a(lib_a-sf_fabs.o)
                0x0800d0a4                fabsf
 *fill*         0x0800d0aa        0x2 
 .text.scalbnf  0x0800d0ac       0xb0 c:/program files (x86)/atollic/truestudio for arm 7.1.2/armtools/bin/../lib/gcc/arm-atollic-eabi/5.3.1/../../../../arm-atollic-eabi/lib/armv6-m\libm.a(lib_a-sf_scalbn.o)
                0x0800d0ac                scalbnf
 .text.copysignf
                0x0800d15c        0xc c:/program files (x86)/atollic/truestudio for arm 7.1.2/armtools/bin/../lib/gcc/arm-atollic-eabi/5.3.1/../../../../arm-atollic-eabi/lib/armv6-m\libm.a(lib_a-sf_copysign.o)
                0x0800d15c                copysignf
 .text.__errno  0x0800d168        0xc c:/program files (x86)/atollic/truestudio for arm 7.1.2/armtools/bin/../lib/gcc/arm-atollic-eabi/5.3.1/../../../../arm-atollic-eabi/lib/armv6-m\libc_nano.a(lib_a-errno.o)
                0x0800d168                __errno
 *(.glue_7)
 .glue_7        0x0800d174        0x0 linker stubs
 *(.glue_7t)
 .glue_7t       0x0800d174        0x0 linker stubs
 *(.eh_frame)
 .eh_frame      0x0800d174        0x0 c:/program files (x86)/atollic/truestudio for arm 7.1.2/armtools/bin/../lib/gcc/arm-atollic-eabi/5.3.1/armv6-m/crtbegin.o
 *(.init)
 .init          0x0800d174        0x4 c:/program files (x86)/atollic/truestudio for arm 7.1.2/armtools/bin/../lib/gcc/arm-atollic-eabi/5.3.1/armv6-m/crti.o
                0x0800d174                _init
 .init          0x0800d178        0x8 c:/program files (x86)/atollic/truestudio for arm 7.1.2/armtools/bin/../lib/gcc/arm-atollic-eabi/5.3.1/armv6-m/crtn.o
 *(.fini)
 .fini          0x0800d180        0x4 c:/program files (x86)/atollic/truestudio for arm 7.1.2/armtools/bin/../lib/gcc/arm-atollic-eabi/5.3.1/armv6-m/crti.o
                0x0800d180                _fini
 .fini          0x0800d184        0x8 c:/program files (x86)/atollic/truestudio for arm 7.1.2/armtools/bin/../lib/gcc/arm-atollic-eabi/5.3.1/armv6-m/crtn.o
                0x0800d18c                . = ALIGN (0x4)
                0x0800d18c                _etext = .

.vfp11_veneer   0x0800d18c        0x0
 .vfp11_veneer  0x0800d18c        0x0 linker stubs

.v4_bx          0x0800d18c        0x0
 .v4_bx         0x0800d18c        0x0 linker stubs

.iplt           0x0800d18c        0x0
 .iplt          0x0800d18c        0x0 c:/program files (x86)/atollic/truestudio for arm 7.1.2/armtools/bin/../lib/gcc/arm-atollic-eabi/5.3.1/armv6-m/crtbegin.o

.rodata         0x0800d18c      0xb68
                0x0800d18c                . = ALIGN (0x4)
 *(.rodata)
 .rodata        0x0800d18c      0x220 src\grbl\report.o
 .rodata        0x0800d3ac       0x80 c:/program files (x86)/atollic/truestudio for arm 7.1.2/armtools/bin/../lib/gcc/arm-atollic-eabi/5.3.1/armv6-m\libgcc.a(divsf3.o)
 .rodata        0x0800d42c       0x40 c:/program files (x86)/atollic/truestudio for arm 7.1.2/armtools/bin/../lib/gcc/arm-atollic-eabi/5.3.1/armv6-m\libgcc.a(mulsf3.o)
 .rodata        0x0800d46c       0x40 c:/program files (x86)/atollic/truestudio for arm 7.1.2/armtools/bin/../lib/gcc/arm-atollic-eabi/5.3.1/armv6-m\libgcc.a(divdf3.o)
 *(.rodata*)
 .rodata.gc_execute_line
                0x0800d4ac      0x24c src\grbl\gcode.o
 .rodata.report_feedback_message
                0x0800d6f8       0x30 src\grbl\report.o
 .rodata.USART1_IRQHandler
                0x0800d728       0x74 src\grbl\serial.o
 .rodata.settings_store_global_setting
                0x0800d79c       0x84 src\grbl\settings.o
 .rodata.step_pin_mask
                0x0800d820        0x6 src\grbl\stepper.o
                0x0800d820                step_pin_mask
 *fill*         0x0800d826        0x2 
 .rodata.direction_pin_mask
                0x0800d828        0x6 src\grbl\stepper.o
                0x0800d828                direction_pin_mask
 *fill*         0x0800d82e        0x2 
 .rodata.limit_pin_mask
                0x0800d830        0x6 src\grbl\stepper.o
                0x0800d830                limit_pin_mask
 *fill*         0x0800d836        0x2 
 .rodata.system_execute_line
                0x0800d838       0xc4 src\grbl\system.o
 .rodata.str1.1
                0x0800d8fc        0x2 c:/program files (x86)/atollic/truestudio for arm 7.1.2/armtools/bin/../lib/gcc/arm-atollic-eabi/5.3.1/../../../../arm-atollic-eabi/lib/armv6-m\libc_nano.a(lib_a-impure.o)
 .rodata.str1.1
                0x0800d8fe        0x6 c:/program files (x86)/atollic/truestudio for arm 7.1.2/armtools/bin/../lib/gcc/arm-atollic-eabi/5.3.1/../../../../arm-atollic-eabi/lib/armv6-m\libm.a(lib_a-wf_sqrt.o)
 .rodata.npio2_hw
                0x0800d904       0x80 c:/program files (x86)/atollic/truestudio for arm 7.1.2/armtools/bin/../lib/gcc/arm-atollic-eabi/5.3.1/../../../../arm-atollic-eabi/lib/armv6-m\libm.a(lib_a-ef_rem_pio2.o)
 .rodata.two_over_pi
                0x0800d984      0x318 c:/program files (x86)/atollic/truestudio for arm 7.1.2/armtools/bin/../lib/gcc/arm-atollic-eabi/5.3.1/../../../../arm-atollic-eabi/lib/armv6-m\libm.a(lib_a-ef_rem_pio2.o)
 .rodata.init_jk
                0x0800dc9c        0xc c:/program files (x86)/atollic/truestudio for arm 7.1.2/armtools/bin/../lib/gcc/arm-atollic-eabi/5.3.1/../../../../arm-atollic-eabi/lib/armv6-m\libm.a(lib_a-kf_rem_pio2.o)
 .rodata.PIo2   0x0800dca8       0x2c c:/program files (x86)/atollic/truestudio for arm 7.1.2/armtools/bin/../lib/gcc/arm-atollic-eabi/5.3.1/../../../../arm-atollic-eabi/lib/armv6-m\libm.a(lib_a-kf_rem_pio2.o)
 .rodata.atanlo
                0x0800dcd4       0x10 c:/program files (x86)/atollic/truestudio for arm 7.1.2/armtools/bin/../lib/gcc/arm-atollic-eabi/5.3.1/../../../../arm-atollic-eabi/lib/armv6-m\libm.a(lib_a-sf_atan.o)
 .rodata.atanhi
                0x0800dce4       0x10 c:/program files (x86)/atollic/truestudio for arm 7.1.2/armtools/bin/../lib/gcc/arm-atollic-eabi/5.3.1/../../../../arm-atollic-eabi/lib/armv6-m\libm.a(lib_a-sf_atan.o)
                0x0800dcf4                . = ALIGN (0x4)

.rel.dyn        0x0800dcf4        0x0
 .rel.iplt      0x0800dcf4        0x0 c:/program files (x86)/atollic/truestudio for arm 7.1.2/armtools/bin/../lib/gcc/arm-atollic-eabi/5.3.1/armv6-m/crtbegin.o

.ARM.extab
 *(.ARM.extab* .gnu.linkonce.armextab.*)

.ARM            0x0800dcf4        0x0
                0x0800dcf4                __exidx_start = .
 *(.ARM.exidx*)
                0x0800dcf4                __exidx_end = .

.preinit_array  0x0800dcf4        0x0
                0x0800dcf4                PROVIDE (__preinit_array_start, .)
 *(.preinit_array*)
                0x0800dcf4                PROVIDE (__preinit_array_end, .)

.init_array     0x0800dcf4        0x4
                0x0800dcf4                PROVIDE (__init_array_start, .)
 *(SORT(.init_array.*))
 *(.init_array*)
 .init_array    0x0800dcf4        0x4 c:/program files (x86)/atollic/truestudio for arm 7.1.2/armtools/bin/../lib/gcc/arm-atollic-eabi/5.3.1/armv6-m/crtbegin.o
                0x0800dcf8                PROVIDE (__init_array_end, .)

.fini_array     0x0800dcf8        0x4
                [!provide]                PROVIDE (__fini_array_start, .)
 *(SORT(.fini_array.*))
 *(.fini_array*)
 .fini_array    0x0800dcf8        0x4 c:/program files (x86)/atollic/truestudio for arm 7.1.2/armtools/bin/../lib/gcc/arm-atollic-eabi/5.3.1/armv6-m/crtbegin.o
                [!provide]                PROVIDE (__fini_array_end, .)
                0x0800dcfc                _sidata = LOADADDR (.data)

.data           0x20000000       0x7c load address 0x0800dcfc
                0x20000000                . = ALIGN (0x4)
                0x20000000                _sdata = .
 *(.data)
 *(.data*)
 .data.APBAHBPrescTable
                0x20000000       0x10 Drivers\STM32F0xx_StdPeriph_Driver\src\stm32f0xx_rcc.o
 .data.SystemCoreClock
                0x20000010        0x4 src\system_stm32f0xx.o
                0x20000010                SystemCoreClock
 .data.impure_data
                0x20000014       0x60 c:/program files (x86)/atollic/truestudio for arm 7.1.2/armtools/bin/../lib/gcc/arm-atollic-eabi/5.3.1/../../../../arm-atollic-eabi/lib/armv6-m\libc_nano.a(lib_a-impure.o)
 .data._impure_ptr
                0x20000074        0x4 c:/program files (x86)/atollic/truestudio for arm 7.1.2/armtools/bin/../lib/gcc/arm-atollic-eabi/5.3.1/../../../../arm-atollic-eabi/lib/armv6-m\libc_nano.a(lib_a-impure.o)
                0x20000074                _impure_ptr
 .data.__fdlib_version
                0x20000078        0x1 c:/program files (x86)/atollic/truestudio for arm 7.1.2/armtools/bin/../lib/gcc/arm-atollic-eabi/5.3.1/../../../../arm-atollic-eabi/lib/armv6-m\libm.a(lib_a-s_lib_ver.o)
                0x20000078                __fdlib_version
                0x2000007c                . = ALIGN (0x4)
 *fill*         0x20000079        0x3 
                0x2000007c                _edata = .

.igot.plt       0x2000007c        0x0 load address 0x0800dd78
 .igot.plt      0x2000007c        0x0 c:/program files (x86)/atollic/truestudio for arm 7.1.2/armtools/bin/../lib/gcc/arm-atollic-eabi/5.3.1/armv6-m/crtbegin.o
                0x2000007c                . = ALIGN (0x4)

.bss            0x2000007c      0xae4 load address 0x0800dd78
                0x2000007c                _sbss = .
                0x2000007c                __bss_start__ = _sbss
 *(.bss)
 .bss           0x2000007c       0x1c c:/program files (x86)/atollic/truestudio for arm 7.1.2/armtools/bin/../lib/gcc/arm-atollic-eabi/5.3.1/armv6-m/crtbegin.o
 *(.bss*)
 .bss.block_buffer
                0x20000098      0x340 src\grbl\planner.o
 .bss.block_buffer_tail
                0x200003d8        0x1 src\grbl\planner.o
 .bss.block_buffer_head
                0x200003d9        0x1 src\grbl\planner.o
 .bss.next_buffer_head
                0x200003da        0x1 src\grbl\planner.o
 .bss.block_buffer_planned
                0x200003db        0x1 src\grbl\planner.o
 .bss.pl        0x200003dc       0x1c src\grbl\planner.o
 .bss.line      0x200003f8       0x50 src\grbl\protocol.o
 .bss.serial_rx_buffer_head
                0x20000448        0x1 src\grbl\serial.o
                0x20000448                serial_rx_buffer_head
 .bss.serial_rx_buffer_tail
                0x20000449        0x1 src\grbl\serial.o
                0x20000449                serial_rx_buffer_tail
 .bss.serial_tx_buffer_head
                0x2000044a        0x1 src\grbl\serial.o
                0x2000044a                serial_tx_buffer_head
 *fill*         0x2000044b        0x1 
 .bss.pwm_gradient
                0x2000044c        0x4 src\grbl\spindle_control.o
 .bss.st_block_buffer
                0x20000450       0x64 src\grbl\stepper.o
 .bss.segment_buffer
                0x200004b4       0x30 src\grbl\stepper.o
 .bss.st        0x200004e4       0x2c src\grbl\stepper.o
 .bss.segment_buffer_tail
                0x20000510        0x1 src\grbl\stepper.o
 .bss.segment_buffer_head
                0x20000511        0x1 src\grbl\stepper.o
 .bss.segment_next_head
                0x20000512        0x1 src\grbl\stepper.o
 *fill*         0x20000513        0x1 
 .bss.step_port_invert_mask
                0x20000514        0x2 src\grbl\stepper.o
 .bss.dir_port_invert_mask
                0x20000516        0x2 src\grbl\stepper.o
 .bss.busy      0x20000518        0x1 src\grbl\stepper.o
 *fill*         0x20000519        0x3 
 .bss.pl_block  0x2000051c        0x4 src\grbl\stepper.o
 .bss.st_prep_block
                0x20000520        0x4 src\grbl\stepper.o
 .bss.prep      0x20000524       0x38 src\grbl\stepper.o
 *(COMMON)
 COMMON         0x2000055c      0x400 src\grbl\eeprom.o
                0x2000055c                EE_Buffer
 COMMON         0x2000095c       0x84 src\grbl\gcode.o
                0x2000095c                gc_state
                0x200009a0                gc_block
 COMMON         0x200009e0        0x1 src\grbl\probe.o
                0x200009e0                probe_invert_mask
 *fill*         0x200009e1        0x3 
 COMMON         0x200009e4       0xe8 src\grbl\serial.o
                0x200009e4                serial_tx_buffer
                0x20000a4c                serial_rx_buffer
 COMMON         0x20000acc       0x5c src\grbl\settings.o
                0x20000acc                settings
 COMMON         0x20000b28       0x35 src\main.o
                0x20000b28                sys_rt_exec_motion_override
                0x20000b2c                sys
                0x20000b40                sys_rt_exec_accessory_override
                0x20000b41                sys_rt_exec_state
                0x20000b42                sys_probe_state
                0x20000b44                sys_probe_position
                0x20000b50                sys_position
                0x20000b5c                sys_rt_exec_alarm
                0x20000b60                . = ALIGN (0x4)
 *fill*         0x20000b5d        0x3 
                0x20000b60                _ebss = .
                0x20000b60                __bss_end__ = _ebss

._user_heap_stack
                0x20000b60       0x80 load address 0x0800dd78
                0x20000b60                . = ALIGN (0x4)
                0x20000b60                PROVIDE (end, .)
                [!provide]                PROVIDE (_end, .)
                0x20000b60                . = (. + _Min_Heap_Size)
                0x20000be0                . = (. + _Min_Stack_Size)
 *fill*         0x20000b60       0x80 
                0x20000be0                . = ALIGN (0x4)

.memory_b1_text
 *(.mb1text)
 *(.mb1text*)
 *(.mb1rodata)
 *(.mb1rodata*)

/DISCARD/
 libc.a(*)
 libm.a(*)
 libgcc.a(*)

.ARM.attributes
                0x00000000       0x28
 *(.ARM.attributes)
 .ARM.attributes
                0x00000000       0x1e c:/program files (x86)/atollic/truestudio for arm 7.1.2/armtools/bin/../lib/gcc/arm-atollic-eabi/5.3.1/armv6-m/crti.o
 .ARM.attributes
                0x0000001e       0x2c c:/program files (x86)/atollic/truestudio for arm 7.1.2/armtools/bin/../lib/gcc/arm-atollic-eabi/5.3.1/armv6-m/crtbegin.o
 .ARM.attributes
                0x0000004a       0x31 Drivers\STM32F0xx_StdPeriph_Driver\src\stm32f0xx_exti.o
 .ARM.attributes
                0x0000007b       0x31 Drivers\STM32F0xx_StdPeriph_Driver\src\stm32f0xx_gpio.o
 .ARM.attributes
                0x000000ac       0x31 Drivers\STM32F0xx_StdPeriph_Driver\src\stm32f0xx_misc.o
 .ARM.attributes
                0x000000dd       0x31 Drivers\STM32F0xx_StdPeriph_Driver\src\stm32f0xx_rcc.o
 .ARM.attributes
                0x0000010e       0x31 Drivers\STM32F0xx_StdPeriph_Driver\src\stm32f0xx_syscfg.o
 .ARM.attributes
                0x0000013f       0x31 Drivers\STM32F0xx_StdPeriph_Driver\src\stm32f0xx_tim.o
 .ARM.attributes
                0x00000170       0x31 Drivers\STM32F0xx_StdPeriph_Driver\src\stm32f0xx_usart.o
 .ARM.attributes
                0x000001a1       0x31 src\grbl\coolant_control.o
 .ARM.attributes
                0x000001d2       0x31 src\grbl\eeprom.o
 .ARM.attributes
                0x00000203       0x31 src\grbl\gcode.o
 .ARM.attributes
                0x00000234       0x31 src\grbl\jog.o
 .ARM.attributes
                0x00000265       0x31 src\grbl\limits.o
 .ARM.attributes
                0x00000296       0x31 src\grbl\motion_control.o
 .ARM.attributes
                0x000002c7       0x31 src\grbl\nuts_bolts.o
 .ARM.attributes
                0x000002f8       0x31 src\grbl\planner.o
 .ARM.attributes
                0x00000329       0x31 src\grbl\print.o
 .ARM.attributes
                0x0000035a       0x31 src\grbl\probe.o
 .ARM.attributes
                0x0000038b       0x31 src\grbl\protocol.o
 .ARM.attributes
                0x000003bc       0x31 src\grbl\report.o
 .ARM.attributes
                0x000003ed       0x31 src\grbl\serial.o
 .ARM.attributes
                0x0000041e       0x31 src\grbl\settings.o
 .ARM.attributes
                0x0000044f       0x31 src\grbl\spindle_control.o
 .ARM.attributes
                0x00000480       0x31 src\grbl\stepper.o
 .ARM.attributes
                0x000004b1       0x31 src\grbl\system.o
 .ARM.attributes
                0x000004e2       0x31 src\main.o
 .ARM.attributes
                0x00000513       0x21 src\startup_stm32f051.o
 .ARM.attributes
                0x00000534       0x31 src\stm32f0xx_it.o
 .ARM.attributes
                0x00000565       0x31 src\system_stm32f0xx.o
 .ARM.attributes
                0x00000596       0x2c c:/program files (x86)/atollic/truestudio for arm 7.1.2/armtools/bin/../lib/gcc/arm-atollic-eabi/5.3.1/../../../../arm-atollic-eabi/lib/armv6-m\libc_nano.a(lib_a-init.o)
 .ARM.attributes
                0x000005c2       0x2c c:/program files (x86)/atollic/truestudio for arm 7.1.2/armtools/bin/../lib/gcc/arm-atollic-eabi/5.3.1/../../../../arm-atollic-eabi/lib/armv6-m\libc_nano.a(lib_a-memcmp.o)
 .ARM.attributes
                0x000005ee       0x2c c:/program files (x86)/atollic/truestudio for arm 7.1.2/armtools/bin/../lib/gcc/arm-atollic-eabi/5.3.1/../../../../arm-atollic-eabi/lib/armv6-m\libc_nano.a(lib_a-memcpy-stub.o)
 .ARM.attributes
                0x0000061a       0x2c c:/program files (x86)/atollic/truestudio for arm 7.1.2/armtools/bin/../lib/gcc/arm-atollic-eabi/5.3.1/../../../../arm-atollic-eabi/lib/armv6-m\libc_nano.a(lib_a-memset.o)
 .ARM.attributes
                0x00000646       0x2c c:/program files (x86)/atollic/truestudio for arm 7.1.2/armtools/bin/../lib/gcc/arm-atollic-eabi/5.3.1/../../../../arm-atollic-eabi/lib/armv6-m\libc_nano.a(lib_a-impure.o)
 .ARM.attributes
                0x00000672       0x2c c:/program files (x86)/atollic/truestudio for arm 7.1.2/armtools/bin/../lib/gcc/arm-atollic-eabi/5.3.1/../../../../arm-atollic-eabi/lib/armv6-m\libm.a(lib_a-s_lround.o)
 .ARM.attributes
                0x0000069e       0x2c c:/program files (x86)/atollic/truestudio for arm 7.1.2/armtools/bin/../lib/gcc/arm-atollic-eabi/5.3.1/../../../../arm-atollic-eabi/lib/armv6-m\libm.a(lib_a-s_trunc.o)
 .ARM.attributes
                0x000006ca       0x2c c:/program files (x86)/atollic/truestudio for arm 7.1.2/armtools/bin/../lib/gcc/arm-atollic-eabi/5.3.1/../../../../arm-atollic-eabi/lib/armv6-m\libm.a(lib_a-sf_ceil.o)
 .ARM.attributes
                0x000006f6       0x2c c:/program files (x86)/atollic/truestudio for arm 7.1.2/armtools/bin/../lib/gcc/arm-atollic-eabi/5.3.1/../../../../arm-atollic-eabi/lib/armv6-m\libm.a(lib_a-sf_cos.o)
 .ARM.attributes
                0x00000722       0x2c c:/program files (x86)/atollic/truestudio for arm 7.1.2/armtools/bin/../lib/gcc/arm-atollic-eabi/5.3.1/../../../../arm-atollic-eabi/lib/armv6-m\libm.a(lib_a-sf_floor.o)
 .ARM.attributes
                0x0000074e       0x2c c:/program files (x86)/atollic/truestudio for arm 7.1.2/armtools/bin/../lib/gcc/arm-atollic-eabi/5.3.1/../../../../arm-atollic-eabi/lib/armv6-m\libm.a(lib_a-sf_round.o)
 .ARM.attributes
                0x0000077a       0x2c c:/program files (x86)/atollic/truestudio for arm 7.1.2/armtools/bin/../lib/gcc/arm-atollic-eabi/5.3.1/../../../../arm-atollic-eabi/lib/armv6-m\libm.a(lib_a-sf_sin.o)
 .ARM.attributes
                0x000007a6       0x2c c:/program files (x86)/atollic/truestudio for arm 7.1.2/armtools/bin/../lib/gcc/arm-atollic-eabi/5.3.1/../../../../arm-atollic-eabi/lib/armv6-m\libm.a(lib_a-wf_atan2.o)
 .ARM.attributes
                0x000007d2       0x2c c:/program files (x86)/atollic/truestudio for arm 7.1.2/armtools/bin/../lib/gcc/arm-atollic-eabi/5.3.1/../../../../arm-atollic-eabi/lib/armv6-m\libm.a(lib_a-wf_sqrt.o)
 .ARM.attributes
                0x000007fe       0x2c c:/program files (x86)/atollic/truestudio for arm 7.1.2/armtools/bin/../lib/gcc/arm-atollic-eabi/5.3.1/../../../../arm-atollic-eabi/lib/armv6-m\libm.a(lib_a-ef_atan2.o)
 .ARM.attributes
                0x0000082a       0x2c c:/program files (x86)/atollic/truestudio for arm 7.1.2/armtools/bin/../lib/gcc/arm-atollic-eabi/5.3.1/../../../../arm-atollic-eabi/lib/armv6-m\libm.a(lib_a-ef_rem_pio2.o)
 .ARM.attributes
                0x00000856       0x2c c:/program files (x86)/atollic/truestudio for arm 7.1.2/armtools/bin/../lib/gcc/arm-atollic-eabi/5.3.1/../../../../arm-atollic-eabi/lib/armv6-m\libm.a(lib_a-ef_sqrt.o)
 .ARM.attributes
                0x00000882       0x2c c:/program files (x86)/atollic/truestudio for arm 7.1.2/armtools/bin/../lib/gcc/arm-atollic-eabi/5.3.1/../../../../arm-atollic-eabi/lib/armv6-m\libm.a(lib_a-kf_cos.o)
 .ARM.attributes
                0x000008ae       0x2c c:/program files (x86)/atollic/truestudio for arm 7.1.2/armtools/bin/../lib/gcc/arm-atollic-eabi/5.3.1/../../../../arm-atollic-eabi/lib/armv6-m\libm.a(lib_a-kf_rem_pio2.o)
 .ARM.attributes
                0x000008da       0x2c c:/program files (x86)/atollic/truestudio for arm 7.1.2/armtools/bin/../lib/gcc/arm-atollic-eabi/5.3.1/../../../../arm-atollic-eabi/lib/armv6-m\libm.a(lib_a-kf_sin.o)
 .ARM.attributes
                0x00000906       0x2c c:/program files (x86)/atollic/truestudio for arm 7.1.2/armtools/bin/../lib/gcc/arm-atollic-eabi/5.3.1/../../../../arm-atollic-eabi/lib/armv6-m\libm.a(lib_a-s_lib_ver.o)
 .ARM.attributes
                0x00000932       0x2c c:/program files (x86)/atollic/truestudio for arm 7.1.2/armtools/bin/../lib/gcc/arm-atollic-eabi/5.3.1/../../../../arm-atollic-eabi/lib/armv6-m\libm.a(lib_a-s_matherr.o)
 .ARM.attributes
                0x0000095e       0x2c c:/program files (x86)/atollic/truestudio for arm 7.1.2/armtools/bin/../lib/gcc/arm-atollic-eabi/5.3.1/../../../../arm-atollic-eabi/lib/armv6-m\libm.a(lib_a-sf_atan.o)
 .ARM.attributes
                0x0000098a       0x2c c:/program files (x86)/atollic/truestudio for arm 7.1.2/armtools/bin/../lib/gcc/arm-atollic-eabi/5.3.1/../../../../arm-atollic-eabi/lib/armv6-m\libm.a(lib_a-sf_fabs.o)
 .ARM.attributes
                0x000009b6       0x2c c:/program files (x86)/atollic/truestudio for arm 7.1.2/armtools/bin/../lib/gcc/arm-atollic-eabi/5.3.1/../../../../arm-atollic-eabi/lib/armv6-m\libm.a(lib_a-sf_scalbn.o)
 .ARM.attributes
                0x000009e2       0x2c c:/program files (x86)/atollic/truestudio for arm 7.1.2/armtools/bin/../lib/gcc/arm-atollic-eabi/5.3.1/../../../../arm-atollic-eabi/lib/armv6-m\libm.a(lib_a-sf_copysign.o)
 .ARM.attributes
                0x00000a0e       0x2c c:/program files (x86)/atollic/truestudio for arm 7.1.2/armtools/bin/../lib/gcc/arm-atollic-eabi/5.3.1/../../../../arm-atollic-eabi/lib/armv6-m\libc_nano.a(lib_a-errno.o)
 .ARM.attributes
                0x00000a3a       0x1e c:/program files (x86)/atollic/truestudio for arm 7.1.2/armtools/bin/../lib/gcc/arm-atollic-eabi/5.3.1/armv6-m\libgcc.a(_thumb1_case_uqi.o)
 .ARM.attributes
                0x00000a58       0x1e c:/program files (x86)/atollic/truestudio for arm 7.1.2/armtools/bin/../lib/gcc/arm-atollic-eabi/5.3.1/armv6-m\libgcc.a(_udivsi3.o)
 .ARM.attributes
                0x00000a76       0x1e c:/program files (x86)/atollic/truestudio for arm 7.1.2/armtools/bin/../lib/gcc/arm-atollic-eabi/5.3.1/armv6-m\libgcc.a(_dvmd_tls.o)
 .ARM.attributes
                0x00000a94       0x1e c:/program files (x86)/atollic/truestudio for arm 7.1.2/armtools/bin/../lib/gcc/arm-atollic-eabi/5.3.1/armv6-m\libgcc.a(_arm_cmpdf2.o)
 .ARM.attributes
                0x00000ab2       0x1e c:/program files (x86)/atollic/truestudio for arm 7.1.2/armtools/bin/../lib/gcc/arm-atollic-eabi/5.3.1/armv6-m\libgcc.a(_arm_cmpsf2.o)
 .ARM.attributes
                0x00000ad0       0x2c c:/program files (x86)/atollic/truestudio for arm 7.1.2/armtools/bin/../lib/gcc/arm-atollic-eabi/5.3.1/armv6-m\libgcc.a(_fixunssfsi.o)
 .ARM.attributes
                0x00000afc       0x2c c:/program files (x86)/atollic/truestudio for arm 7.1.2/armtools/bin/../lib/gcc/arm-atollic-eabi/5.3.1/armv6-m\libgcc.a(_fixunsdfsi.o)
 .ARM.attributes
                0x00000b28       0x2c c:/program files (x86)/atollic/truestudio for arm 7.1.2/armtools/bin/../lib/gcc/arm-atollic-eabi/5.3.1/armv6-m\libgcc.a(addsf3.o)
 .ARM.attributes
                0x00000b54       0x2c c:/program files (x86)/atollic/truestudio for arm 7.1.2/armtools/bin/../lib/gcc/arm-atollic-eabi/5.3.1/armv6-m\libgcc.a(divsf3.o)
 .ARM.attributes
                0x00000b80       0x2c c:/program files (x86)/atollic/truestudio for arm 7.1.2/armtools/bin/../lib/gcc/arm-atollic-eabi/5.3.1/armv6-m\libgcc.a(eqsf2.o)
 .ARM.attributes
                0x00000bac       0x2c c:/program files (x86)/atollic/truestudio for arm 7.1.2/armtools/bin/../lib/gcc/arm-atollic-eabi/5.3.1/armv6-m\libgcc.a(gesf2.o)
 .ARM.attributes
                0x00000bd8       0x2c c:/program files (x86)/atollic/truestudio for arm 7.1.2/armtools/bin/../lib/gcc/arm-atollic-eabi/5.3.1/armv6-m\libgcc.a(lesf2.o)
 .ARM.attributes
                0x00000c04       0x2c c:/program files (x86)/atollic/truestudio for arm 7.1.2/armtools/bin/../lib/gcc/arm-atollic-eabi/5.3.1/armv6-m\libgcc.a(mulsf3.o)
 .ARM.attributes
                0x00000c30       0x2c c:/program files (x86)/atollic/truestudio for arm 7.1.2/armtools/bin/../lib/gcc/arm-atollic-eabi/5.3.1/armv6-m\libgcc.a(subsf3.o)
 .ARM.attributes
                0x00000c5c       0x2c c:/program files (x86)/atollic/truestudio for arm 7.1.2/armtools/bin/../lib/gcc/arm-atollic-eabi/5.3.1/armv6-m\libgcc.a(unordsf2.o)
 .ARM.attributes
                0x00000c88       0x2c c:/program files (x86)/atollic/truestudio for arm 7.1.2/armtools/bin/../lib/gcc/arm-atollic-eabi/5.3.1/armv6-m\libgcc.a(fixsfsi.o)
 .ARM.attributes
                0x00000cb4       0x2c c:/program files (x86)/atollic/truestudio for arm 7.1.2/armtools/bin/../lib/gcc/arm-atollic-eabi/5.3.1/armv6-m\libgcc.a(floatsisf.o)
 .ARM.attributes
                0x00000ce0       0x2c c:/program files (x86)/atollic/truestudio for arm 7.1.2/armtools/bin/../lib/gcc/arm-atollic-eabi/5.3.1/armv6-m\libgcc.a(floatunsisf.o)
 .ARM.attributes
                0x00000d0c       0x2c c:/program files (x86)/atollic/truestudio for arm 7.1.2/armtools/bin/../lib/gcc/arm-atollic-eabi/5.3.1/armv6-m\libgcc.a(adddf3.o)
 .ARM.attributes
                0x00000d38       0x2c c:/program files (x86)/atollic/truestudio for arm 7.1.2/armtools/bin/../lib/gcc/arm-atollic-eabi/5.3.1/armv6-m\libgcc.a(divdf3.o)
 .ARM.attributes
                0x00000d64       0x2c c:/program files (x86)/atollic/truestudio for arm 7.1.2/armtools/bin/../lib/gcc/arm-atollic-eabi/5.3.1/armv6-m\libgcc.a(eqdf2.o)
 .ARM.attributes
                0x00000d90       0x2c c:/program files (x86)/atollic/truestudio for arm 7.1.2/armtools/bin/../lib/gcc/arm-atollic-eabi/5.3.1/armv6-m\libgcc.a(gedf2.o)
 .ARM.attributes
                0x00000dbc       0x2c c:/program files (x86)/atollic/truestudio for arm 7.1.2/armtools/bin/../lib/gcc/arm-atollic-eabi/5.3.1/armv6-m\libgcc.a(ledf2.o)
 .ARM.attributes
                0x00000de8       0x2c c:/program files (x86)/atollic/truestudio for arm 7.1.2/armtools/bin/../lib/gcc/arm-atollic-eabi/5.3.1/armv6-m\libgcc.a(subdf3.o)
 .ARM.attributes
                0x00000e14       0x2c c:/program files (x86)/atollic/truestudio for arm 7.1.2/armtools/bin/../lib/gcc/arm-atollic-eabi/5.3.1/armv6-m\libgcc.a(fixdfsi.o)
 .ARM.attributes
                0x00000e40       0x2c c:/program files (x86)/atollic/truestudio for arm 7.1.2/armtools/bin/../lib/gcc/arm-atollic-eabi/5.3.1/armv6-m\libgcc.a(extendsfdf2.o)
 .ARM.attributes
                0x00000e6c       0x2c c:/program files (x86)/atollic/truestudio for arm 7.1.2/armtools/bin/../lib/gcc/arm-atollic-eabi/5.3.1/armv6-m\libgcc.a(truncdfsf2.o)
 .ARM.attributes
                0x00000e98       0x1e c:/program files (x86)/atollic/truestudio for arm 7.1.2/armtools/bin/../lib/gcc/arm-atollic-eabi/5.3.1/armv6-m\libgcc.a(_clzsi2.o)
 .ARM.attributes
                0x00000eb6       0x1e c:/program files (x86)/atollic/truestudio for arm 7.1.2/armtools/bin/../lib/gcc/arm-atollic-eabi/5.3.1/armv6-m/crtn.o
OUTPUT(grbl.elf elf32-littlearm)

.debug_info     0x00000000     0xc328
 .debug_info    0x00000000      0x321 Drivers\STM32F0xx_StdPeriph_Driver\src\stm32f0xx_exti.o
 .debug_info    0x00000321      0x5eb Drivers\STM32F0xx_StdPeriph_Driver\src\stm32f0xx_gpio.o
 .debug_info    0x0000090c      0x372 Drivers\STM32F0xx_StdPeriph_Driver\src\stm32f0xx_misc.o
 .debug_info    0x00000c7e      0xa42 Drivers\STM32F0xx_StdPeriph_Driver\src\stm32f0xx_rcc.o
 .debug_info    0x000016c0      0x345 Drivers\STM32F0xx_StdPeriph_Driver\src\stm32f0xx_syscfg.o
 .debug_info    0x00001a05     0x1c77 Drivers\STM32F0xx_StdPeriph_Driver\src\stm32f0xx_tim.o
 .debug_info    0x0000367c      0xe60 Drivers\STM32F0xx_StdPeriph_Driver\src\stm32f0xx_usart.o
 .debug_info    0x000044dc      0x1fe src\grbl\coolant_control.o
 .debug_info    0x000046da      0x1ca src\grbl\eeprom.o
 .debug_info    0x000048a4      0x6f9 src\grbl\gcode.o
 .debug_info    0x00004f9d      0x467 src\grbl\jog.o
 .debug_info    0x00005404      0xa89 src\grbl\limits.o
 .debug_info    0x00005e8d      0x5bb src\grbl\motion_control.o
 .debug_info    0x00006448      0x3b4 src\grbl\nuts_bolts.o
 .debug_info    0x000067fc      0x83a src\grbl\planner.o
 .debug_info    0x00007036      0x3d3 src\grbl\print.o
 .debug_info    0x00007409      0x4b7 src\grbl\probe.o
 .debug_info    0x000078c0      0x627 src\grbl\protocol.o
 .debug_info    0x00007ee7      0x798 src\grbl\report.o
 .debug_info    0x0000867f      0x477 src\grbl\serial.o
 .debug_info    0x00008af6      0x445 src\grbl\settings.o
 .debug_info    0x00008f3b      0x8c9 src\grbl\spindle_control.o
 .debug_info    0x00009804     0x11b4 src\grbl\stepper.o
 .debug_info    0x0000a9b8      0xc26 src\grbl\system.o
 .debug_info    0x0000b5de      0x902 src\main.o
 .debug_info    0x0000bee0       0x7f src\startup_stm32f051.o
 .debug_info    0x0000bf5f       0xc8 src\stm32f0xx_it.o
 .debug_info    0x0000c027      0x301 src\system_stm32f0xx.o

.debug_abbrev   0x00000000     0x27fc
 .debug_abbrev  0x00000000      0x198 Drivers\STM32F0xx_StdPeriph_Driver\src\stm32f0xx_exti.o
 .debug_abbrev  0x00000198      0x1a1 Drivers\STM32F0xx_StdPeriph_Driver\src\stm32f0xx_gpio.o
 .debug_abbrev  0x00000339      0x147 Drivers\STM32F0xx_StdPeriph_Driver\src\stm32f0xx_misc.o
 .debug_abbrev  0x00000480      0x1f0 Drivers\STM32F0xx_StdPeriph_Driver\src\stm32f0xx_rcc.o
 .debug_abbrev  0x00000670      0x165 Drivers\STM32F0xx_StdPeriph_Driver\src\stm32f0xx_syscfg.o
 .debug_abbrev  0x000007d5      0x190 Drivers\STM32F0xx_StdPeriph_Driver\src\stm32f0xx_tim.o
 .debug_abbrev  0x00000965      0x160 Drivers\STM32F0xx_StdPeriph_Driver\src\stm32f0xx_usart.o
 .debug_abbrev  0x00000ac5       0xe2 src\grbl\coolant_control.o
 .debug_abbrev  0x00000ba7       0xef src\grbl\eeprom.o
 .debug_abbrev  0x00000c96      0x139 src\grbl\gcode.o
 .debug_abbrev  0x00000dcf       0xca src\grbl\jog.o
 .debug_abbrev  0x00000e99      0x231 src\grbl\limits.o
 .debug_abbrev  0x000010ca      0x135 src\grbl\motion_control.o
 .debug_abbrev  0x000011ff       0xdf src\grbl\nuts_bolts.o
 .debug_abbrev  0x000012de      0x259 src\grbl\planner.o
 .debug_abbrev  0x00001537       0xe5 src\grbl\print.o
 .debug_abbrev  0x0000161c      0x16b src\grbl\probe.o
 .debug_abbrev  0x00001787      0x11c src\grbl\protocol.o
 .debug_abbrev  0x000018a3      0x1cd src\grbl\report.o
 .debug_abbrev  0x00001a70      0x1b0 src\grbl\serial.o
 .debug_abbrev  0x00001c20      0x14b src\grbl\settings.o
 .debug_abbrev  0x00001d6b      0x1df src\grbl\spindle_control.o
 .debug_abbrev  0x00001f4a      0x293 src\grbl\stepper.o
 .debug_abbrev  0x000021dd      0x2c5 src\grbl\system.o
 .debug_abbrev  0x000024a2      0x1ce src\main.o
 .debug_abbrev  0x00002670       0x12 src\startup_stm32f051.o
 .debug_abbrev  0x00002682       0x42 src\stm32f0xx_it.o
 .debug_abbrev  0x000026c4      0x138 src\system_stm32f0xx.o

.debug_aranges  0x00000000      0xe88
 .debug_aranges
                0x00000000       0x58 Drivers\STM32F0xx_StdPeriph_Driver\src\stm32f0xx_exti.o
 .debug_aranges
                0x00000058       0x80 Drivers\STM32F0xx_StdPeriph_Driver\src\stm32f0xx_gpio.o
 .debug_aranges
                0x000000d8       0x30 Drivers\STM32F0xx_StdPeriph_Driver\src\stm32f0xx_misc.o
 .debug_aranges
                0x00000108      0x160 Drivers\STM32F0xx_StdPeriph_Driver\src\stm32f0xx_rcc.o
 .debug_aranges
                0x00000268       0x68 Drivers\STM32F0xx_StdPeriph_Driver\src\stm32f0xx_syscfg.o
 .debug_aranges
                0x000002d0      0x300 Drivers\STM32F0xx_StdPeriph_Driver\src\stm32f0xx_tim.o
 .debug_aranges
                0x000005d0      0x1a0 Drivers\STM32F0xx_StdPeriph_Driver\src\stm32f0xx_usart.o
 .debug_aranges
                0x00000770       0x40 src\grbl\coolant_control.o
 .debug_aranges
                0x000007b0       0x38 src\grbl\eeprom.o
 .debug_aranges
                0x000007e8       0x30 src\grbl\gcode.o
 .debug_aranges
                0x00000818       0x20 src\grbl\jog.o
 .debug_aranges
                0x00000838       0x58 src\grbl\limits.o
 .debug_aranges
                0x00000890       0x48 src\grbl\motion_control.o
 .debug_aranges
                0x000008d8       0x48 src\grbl\nuts_bolts.o
 .debug_aranges
                0x00000920       0xa8 src\grbl\planner.o
 .debug_aranges
                0x000009c8       0x58 src\grbl\print.o
 .debug_aranges
                0x00000a20       0x38 src\grbl\probe.o
 .debug_aranges
                0x00000a58       0x48 src\grbl\protocol.o
 .debug_aranges
                0x00000aa0       0xc8 src\grbl\report.o
 .debug_aranges
                0x00000b68       0x58 src\grbl\serial.o
 .debug_aranges
                0x00000bc0       0x70 src\grbl\settings.o
 .debug_aranges
                0x00000c30       0x50 src\grbl\spindle_control.o
 .debug_aranges
                0x00000c80       0x88 src\grbl\stepper.o
 .debug_aranges
                0x00000d08       0xb0 src\grbl\system.o
 .debug_aranges
                0x00000db8       0x38 src\main.o
 .debug_aranges
                0x00000df0       0x28 src\startup_stm32f051.o
 .debug_aranges
                0x00000e18       0x40 src\stm32f0xx_it.o
 .debug_aranges
                0x00000e58       0x30 src\system_stm32f0xx.o

.debug_ranges   0x00000000      0xd38
 .debug_ranges  0x00000000       0x48 Drivers\STM32F0xx_StdPeriph_Driver\src\stm32f0xx_exti.o
 .debug_ranges  0x00000048       0x70 Drivers\STM32F0xx_StdPeriph_Driver\src\stm32f0xx_gpio.o
 .debug_ranges  0x000000b8       0x20 Drivers\STM32F0xx_StdPeriph_Driver\src\stm32f0xx_misc.o
 .debug_ranges  0x000000d8      0x150 Drivers\STM32F0xx_StdPeriph_Driver\src\stm32f0xx_rcc.o
 .debug_ranges  0x00000228       0x58 Drivers\STM32F0xx_StdPeriph_Driver\src\stm32f0xx_syscfg.o
 .debug_ranges  0x00000280      0x2f0 Drivers\STM32F0xx_StdPeriph_Driver\src\stm32f0xx_tim.o
 .debug_ranges  0x00000570      0x190 Drivers\STM32F0xx_StdPeriph_Driver\src\stm32f0xx_usart.o
 .debug_ranges  0x00000700       0x30 src\grbl\coolant_control.o
 .debug_ranges  0x00000730       0x28 src\grbl\eeprom.o
 .debug_ranges  0x00000758       0x40 src\grbl\gcode.o
 .debug_ranges  0x00000798       0x10 src\grbl\jog.o
 .debug_ranges  0x000007a8       0x48 src\grbl\limits.o
 .debug_ranges  0x000007f0       0x50 src\grbl\motion_control.o
 .debug_ranges  0x00000840       0x38 src\grbl\nuts_bolts.o
 .debug_ranges  0x00000878       0x98 src\grbl\planner.o
 .debug_ranges  0x00000910       0x48 src\grbl\print.o
 .debug_ranges  0x00000958       0x28 src\grbl\probe.o
 .debug_ranges  0x00000980       0x38 src\grbl\protocol.o
 .debug_ranges  0x000009b8       0xb8 src\grbl\report.o
 .debug_ranges  0x00000a70       0x48 src\grbl\serial.o
 .debug_ranges  0x00000ab8       0x60 src\grbl\settings.o
 .debug_ranges  0x00000b18       0x40 src\grbl\spindle_control.o
 .debug_ranges  0x00000b58       0xa8 src\grbl\stepper.o
 .debug_ranges  0x00000c00       0xa0 src\grbl\system.o
 .debug_ranges  0x00000ca0       0x28 src\main.o
 .debug_ranges  0x00000cc8       0x20 src\startup_stm32f051.o
 .debug_ranges  0x00000ce8       0x30 src\stm32f0xx_it.o
 .debug_ranges  0x00000d18       0x20 src\system_stm32f0xx.o

.debug_line     0x00000000     0x5d3d
 .debug_line    0x00000000      0x26d Drivers\STM32F0xx_StdPeriph_Driver\src\stm32f0xx_exti.o
 .debug_line    0x0000026d      0x30c Drivers\STM32F0xx_StdPeriph_Driver\src\stm32f0xx_gpio.o
 .debug_line    0x00000579      0x221 Drivers\STM32F0xx_StdPeriph_Driver\src\stm32f0xx_misc.o
 .debug_line    0x0000079a      0x569 Drivers\STM32F0xx_StdPeriph_Driver\src\stm32f0xx_rcc.o
 .debug_line    0x00000d03      0x247 Drivers\STM32F0xx_StdPeriph_Driver\src\stm32f0xx_syscfg.o
 .debug_line    0x00000f4a      0xa7a Drivers\STM32F0xx_StdPeriph_Driver\src\stm32f0xx_tim.o
 .debug_line    0x000019c4      0x623 Drivers\STM32F0xx_StdPeriph_Driver\src\stm32f0xx_usart.o
 .debug_line    0x00001fe7      0x196 src\grbl\coolant_control.o
 .debug_line    0x0000217d       0xde src\grbl\eeprom.o
 .debug_line    0x0000225b      0x630 src\grbl\gcode.o
 .debug_line    0x0000288b      0x167 src\grbl\jog.o
 .debug_line    0x000029f2      0x3e8 src\grbl\limits.o
 .debug_line    0x00002dda      0x29e src\grbl\motion_control.o
 .debug_line    0x00003078      0x241 src\grbl\nuts_bolts.o
 .debug_line    0x000032b9      0x41f src\grbl\planner.o
 .debug_line    0x000036d8      0x24a src\grbl\print.o
 .debug_line    0x00003922      0x20d src\grbl\probe.o
 .debug_line    0x00003b2f      0x3eb src\grbl\protocol.o
 .debug_line    0x00003f1a      0x486 src\grbl\report.o
 .debug_line    0x000043a0      0x253 src\grbl\serial.o
 .debug_line    0x000045f3      0x2f7 src\grbl\settings.o
 .debug_line    0x000048ea      0x2c5 src\grbl\spindle_control.o
 .debug_line    0x00004baf      0x583 src\grbl\stepper.o
 .debug_line    0x00005132      0x60c src\grbl\system.o
 .debug_line    0x0000573e      0x307 src\main.o
 .debug_line    0x00005a45       0x8e src\startup_stm32f051.o
 .debug_line    0x00005ad3       0x8e src\stm32f0xx_it.o
 .debug_line    0x00005b61      0x1dc src\system_stm32f0xx.o

.debug_str      0x00000000     0x4010
 .debug_str     0x00000000      0x330 Drivers\STM32F0xx_StdPeriph_Driver\src\stm32f0xx_exti.o
                                0x387 (size before relaxing)
 .debug_str     0x00000330      0x32e Drivers\STM32F0xx_StdPeriph_Driver\src\stm32f0xx_gpio.o
                                0x4e4 (size before relaxing)
 .debug_str     0x0000065e      0x16f Drivers\STM32F0xx_StdPeriph_Driver\src\stm32f0xx_misc.o
                                0x34e (size before relaxing)
 .debug_str     0x000007cd      0x5bd Drivers\STM32F0xx_StdPeriph_Driver\src\stm32f0xx_rcc.o
                                0x7e6 (size before relaxing)
 .debug_str     0x00000d8a      0x1e5 Drivers\STM32F0xx_StdPeriph_Driver\src\stm32f0xx_syscfg.o
                                0x3d0 (size before relaxing)
 .debug_str     0x00000f6f      0xbb9 Drivers\STM32F0xx_StdPeriph_Driver\src\stm32f0xx_tim.o
                                0xe36 (size before relaxing)
 .debug_str     0x00001b28      0x6e6 Drivers\STM32F0xx_StdPeriph_Driver\src\stm32f0xx_usart.o
                                0x9e4 (size before relaxing)
 .debug_str     0x0000220e      0x114 src\grbl\coolant_control.o
                                0x2dc (size before relaxing)
 .debug_str     0x00002322       0x9f src\grbl\eeprom.o
                                0x244 (size before relaxing)
 .debug_str     0x000023c1      0x33c src\grbl\gcode.o
                                0x62e (size before relaxing)
 .debug_str     0x000026fd       0x1e src\grbl\jog.o
                                0x4b4 (size before relaxing)
 .debug_str     0x0000271b      0x348 src\grbl\limits.o
                                0xa68 (size before relaxing)
 .debug_str     0x00002a63      0x13d src\grbl\motion_control.o
                                0x5bb (size before relaxing)
 .debug_str     0x00002ba0       0xce src\grbl\nuts_bolts.o
                                0x3b0 (size before relaxing)
 .debug_str     0x00002c6e      0x376 src\grbl\planner.o
                                0x7de (size before relaxing)
 .debug_str     0x00002fe4       0xd2 src\grbl\print.o
                                0x3ca (size before relaxing)
 .debug_str     0x000030b6       0x71 src\grbl\probe.o
                                0x588 (size before relaxing)
 .debug_str     0x00003127      0x155 src\grbl\protocol.o
                                0x6e1 (size before relaxing)
 .debug_str     0x0000327c      0x2ae src\grbl\report.o
                                0x77c (size before relaxing)
 .debug_str     0x0000352a      0x140 src\grbl\serial.o
                                0x43d (size before relaxing)
 .debug_str     0x0000366a      0x13b src\grbl\settings.o
                                0x46d (size before relaxing)
 .debug_str     0x000037a5       0xd7 src\grbl\spindle_control.o
                                0x815 (size before relaxing)
 .debug_str     0x0000387c      0x433 src\grbl\stepper.o
                                0xf15 (size before relaxing)
 .debug_str     0x00003caf      0x23d src\grbl\system.o
                                0xbc6 (size before relaxing)
 .debug_str     0x00003eec       0x63 src\main.o
                                0x984 (size before relaxing)
 .debug_str     0x00003f4f       0x5f src\stm32f0xx_it.o
                                0x1d1 (size before relaxing)
 .debug_str     0x00003fae       0x62 src\system_stm32f0xx.o
                                0x2cc (size before relaxing)

.comment        0x00000000       0x7e
 .comment       0x00000000       0x7e Drivers\STM32F0xx_StdPeriph_Driver\src\stm32f0xx_exti.o
                                 0x7f (size before relaxing)
 .comment       0x0000007e       0x7f Drivers\STM32F0xx_StdPeriph_Driver\src\stm32f0xx_gpio.o
 .comment       0x0000007e       0x7f Drivers\STM32F0xx_StdPeriph_Driver\src\stm32f0xx_misc.o
 .comment       0x0000007e       0x7f Drivers\STM32F0xx_StdPeriph_Driver\src\stm32f0xx_rcc.o
 .comment       0x0000007e       0x7f Drivers\STM32F0xx_StdPeriph_Driver\src\stm32f0xx_syscfg.o
 .comment       0x0000007e       0x7f Drivers\STM32F0xx_StdPeriph_Driver\src\stm32f0xx_tim.o
 .comment       0x0000007e       0x7f Drivers\STM32F0xx_StdPeriph_Driver\src\stm32f0xx_usart.o
 .comment       0x0000007e       0x7f src\grbl\coolant_control.o
 .comment       0x0000007e       0x7f src\grbl\eeprom.o
 .comment       0x0000007e       0x7f src\grbl\gcode.o
 .comment       0x0000007e       0x7f src\grbl\jog.o
 .comment       0x0000007e       0x7f src\grbl\limits.o
 .comment       0x0000007e       0x7f src\grbl\motion_control.o
 .comment       0x0000007e       0x7f src\grbl\nuts_bolts.o
 .comment       0x0000007e       0x7f src\grbl\planner.o
 .comment       0x0000007e       0x7f src\grbl\print.o
 .comment       0x0000007e       0x7f src\grbl\probe.o
 .comment       0x0000007e       0x7f src\grbl\protocol.o
 .comment       0x0000007e       0x7f src\grbl\report.o
 .comment       0x0000007e       0x7f src\grbl\serial.o
 .comment       0x0000007e       0x7f src\grbl\settings.o
 .comment       0x0000007e       0x7f src\grbl\spindle_control.o
 .comment       0x0000007e       0x7f src\grbl\stepper.o
 .comment       0x0000007e       0x7f src\grbl\system.o
 .comment       0x0000007e       0x7f src\main.o
 .comment       0x0000007e       0x7f src\stm32f0xx_it.o
 .comment       0x0000007e       0x7f src\system_stm32f0xx.o

.debug_frame    0x00000000     0x38d8
 .debug_frame   0x00000000      0x10c Drivers\STM32F0xx_StdPeriph_Driver\src\stm32f0xx_exti.o
 .debug_frame   0x0000010c      0x1b0 Drivers\STM32F0xx_StdPeriph_Driver\src\stm32f0xx_gpio.o
 .debug_frame   0x000002bc       0x70 Drivers\STM32F0xx_StdPeriph_Driver\src\stm32f0xx_misc.o
 .debug_frame   0x0000032c      0x524 Drivers\STM32F0xx_StdPeriph_Driver\src\stm32f0xx_rcc.o
 .debug_frame   0x00000850      0x150 Drivers\STM32F0xx_StdPeriph_Driver\src\stm32f0xx_syscfg.o
 .debug_frame   0x000009a0      0xbb0 Drivers\STM32F0xx_StdPeriph_Driver\src\stm32f0xx_tim.o
 .debug_frame   0x00001550      0x630 Drivers\STM32F0xx_StdPeriph_Driver\src\stm32f0xx_usart.o
 .debug_frame   0x00001b80       0xa8 src\grbl\coolant_control.o
 .debug_frame   0x00001c28       0x90 src\grbl\eeprom.o
 .debug_frame   0x00001cb8       0x6c src\grbl\gcode.o
 .debug_frame   0x00001d24       0x30 src\grbl\jog.o
 .debug_frame   0x00001d54      0x108 src\grbl\limits.o
 .debug_frame   0x00001e5c       0xd0 src\grbl\motion_control.o
 .debug_frame   0x00001f2c       0xd0 src\grbl\nuts_bolts.o
 .debug_frame   0x00001ffc      0x230 src\grbl\planner.o
 .debug_frame   0x0000222c      0x114 src\grbl\print.o
 .debug_frame   0x00002340       0x8c src\grbl\probe.o
 .debug_frame   0x000023cc       0xc4 src\grbl\protocol.o
 .debug_frame   0x00002490      0x2b4 src\grbl\report.o
 .debug_frame   0x00002744      0x108 src\grbl\serial.o
 .debug_frame   0x0000284c      0x168 src\grbl\settings.o
 .debug_frame   0x000029b4       0xec src\grbl\spindle_control.o
 .debug_frame   0x00002aa0      0x1c0 src\grbl\stepper.o
 .debug_frame   0x00002c60      0x25c src\grbl\system.o
 .debug_frame   0x00002ebc       0x8c src\main.o
 .debug_frame   0x00002f48       0x9c src\stm32f0xx_it.o
 .debug_frame   0x00002fe4       0x6c src\system_stm32f0xx.o
 .debug_frame   0x00003050       0x2c c:/program files (x86)/atollic/truestudio for arm 7.1.2/armtools/bin/../lib/gcc/arm-atollic-eabi/5.3.1/../../../../arm-atollic-eabi/lib/armv6-m\libc_nano.a(lib_a-init.o)
 .debug_frame   0x0000307c       0x2c c:/program files (x86)/atollic/truestudio for arm 7.1.2/armtools/bin/../lib/gcc/arm-atollic-eabi/5.3.1/../../../../arm-atollic-eabi/lib/armv6-m\libc_nano.a(lib_a-memcmp.o)
 .debug_frame   0x000030a8       0x28 c:/program files (x86)/atollic/truestudio for arm 7.1.2/armtools/bin/../lib/gcc/arm-atollic-eabi/5.3.1/../../../../arm-atollic-eabi/lib/armv6-m\libc_nano.a(lib_a-memcpy-stub.o)
 .debug_frame   0x000030d0       0x20 c:/program files (x86)/atollic/truestudio for arm 7.1.2/armtools/bin/../lib/gcc/arm-atollic-eabi/5.3.1/../../../../arm-atollic-eabi/lib/armv6-m\libc_nano.a(lib_a-memset.o)
 .debug_frame   0x000030f0       0x30 c:/program files (x86)/atollic/truestudio for arm 7.1.2/armtools/bin/../lib/gcc/arm-atollic-eabi/5.3.1/../../../../arm-atollic-eabi/lib/armv6-m\libm.a(lib_a-s_lround.o)
 .debug_frame   0x00003120       0x2c c:/program files (x86)/atollic/truestudio for arm 7.1.2/armtools/bin/../lib/gcc/arm-atollic-eabi/5.3.1/../../../../arm-atollic-eabi/lib/armv6-m\libm.a(lib_a-s_trunc.o)
 .debug_frame   0x0000314c       0x30 c:/program files (x86)/atollic/truestudio for arm 7.1.2/armtools/bin/../lib/gcc/arm-atollic-eabi/5.3.1/../../../../arm-atollic-eabi/lib/armv6-m\libm.a(lib_a-sf_ceil.o)
 .debug_frame   0x0000317c       0x2c c:/program files (x86)/atollic/truestudio for arm 7.1.2/armtools/bin/../lib/gcc/arm-atollic-eabi/5.3.1/../../../../arm-atollic-eabi/lib/armv6-m\libm.a(lib_a-sf_cos.o)
 .debug_frame   0x000031a8       0x30 c:/program files (x86)/atollic/truestudio for arm 7.1.2/armtools/bin/../lib/gcc/arm-atollic-eabi/5.3.1/../../../../arm-atollic-eabi/lib/armv6-m\libm.a(lib_a-sf_floor.o)
 .debug_frame   0x000031d8       0x28 c:/program files (x86)/atollic/truestudio for arm 7.1.2/armtools/bin/../lib/gcc/arm-atollic-eabi/5.3.1/../../../../arm-atollic-eabi/lib/armv6-m\libm.a(lib_a-sf_round.o)
 .debug_frame   0x00003200       0x2c c:/program files (x86)/atollic/truestudio for arm 7.1.2/armtools/bin/../lib/gcc/arm-atollic-eabi/5.3.1/../../../../arm-atollic-eabi/lib/armv6-m\libm.a(lib_a-sf_sin.o)
 .debug_frame   0x0000322c       0x28 c:/program files (x86)/atollic/truestudio for arm 7.1.2/armtools/bin/../lib/gcc/arm-atollic-eabi/5.3.1/../../../../arm-atollic-eabi/lib/armv6-m\libm.a(lib_a-wf_atan2.o)