Archive member included to satisfy reference by file (symbol)

c:/program files (x86)/atollic/truestudio for arm 8.0.0/armtools/bin/../lib/gcc/arm-atollic-eabi/6.3.1/../../../../arm-atollic-eabi/lib/armv6-m\libc_nano.a(lib_a-init.o)
                              src\startup_stm32f051.o (__libc_init_array)
c:/program files (x86)/atollic/truestudio for arm 8.0.0/armtools/bin/../lib/gcc/arm-atollic-eabi/6.3.1/../../../../arm-atollic-eabi/lib/armv6-m\libc_nano.a(lib_a-memcmp.o)
                              src\grbl\gcode.o (memcmp)
c:/program files (x86)/atollic/truestudio for arm 8.0.0/armtools/bin/../lib/gcc/arm-atollic-eabi/6.3.1/../../../../arm-atollic-eabi/lib/armv6-m\libc_nano.a(lib_a-memcpy-stub.o)
                              src\grbl\gcode.o (memcpy)
c:/program files (x86)/atollic/truestudio for arm 8.0.0/armtools/bin/../lib/gcc/arm-atollic-eabi/6.3.1/../../../../arm-atollic-eabi/lib/armv6-m\libc_nano.a(lib_a-memset.o)
                              src\grbl\gcode.o (memset)
c:/program files (x86)/atollic/truestudio for arm 8.0.0/armtools/bin/../lib/gcc/arm-atollic-eabi/6.3.1/../../../../arm-atollic-eabi/lib/armv6-m\libc_nano.a(lib_a-reent.o)
                              src\syscalls.o (errno)
c:/program files (x86)/atollic/truestudio for arm 8.0.0/armtools/bin/../lib/gcc/arm-atollic-eabi/6.3.1/../../../../arm-atollic-eabi/lib/armv6-m\libc_nano.a(lib_a-strlen.o)
                              src\tiny_printf.o (strlen)
c:/program files (x86)/atollic/truestudio for arm 8.0.0/armtools/bin/../lib/gcc/arm-atollic-eabi/6.3.1/../../../../arm-atollic-eabi/lib/armv6-m\libc_nano.a(lib_a-impure.o)
                              c:/program files (x86)/atollic/truestudio for arm 8.0.0/armtools/bin/../lib/gcc/arm-atollic-eabi/6.3.1/../../../../arm-atollic-eabi/lib/armv6-m\libc_nano.a(lib_a-reent.o) (_impure_ptr)
c:/program files (x86)/atollic/truestudio for arm 8.0.0/armtools/bin/../lib/gcc/arm-atollic-eabi/6.3.1/../../../../arm-atollic-eabi/lib/armv6-m\libc_nano.a(lib_a-nano-freer.o)
                              c:/program files (x86)/atollic/truestudio for arm 8.0.0/armtools/bin/../lib/gcc/arm-atollic-eabi/6.3.1/../../../../arm-atollic-eabi/lib/armv6-m\libc_nano.a(lib_a-reent.o) (_free_r)
c:/program files (x86)/atollic/truestudio for arm 8.0.0/armtools/bin/../lib/gcc/arm-atollic-eabi/6.3.1/../../../../arm-atollic-eabi/lib/armv6-m\libc_nano.a(lib_a-nano-mallocr.o)
                              c:/program files (x86)/atollic/truestudio for arm 8.0.0/armtools/bin/../lib/gcc/arm-atollic-eabi/6.3.1/../../../../arm-atollic-eabi/lib/armv6-m\libc_nano.a(lib_a-nano-freer.o) (__malloc_free_list)
c:/program files (x86)/atollic/truestudio for arm 8.0.0/armtools/bin/../lib/gcc/arm-atollic-eabi/6.3.1/../../../../arm-atollic-eabi/lib/armv6-m\libc_nano.a(lib_a-sbrkr.o)
                              c:/program files (x86)/atollic/truestudio for arm 8.0.0/armtools/bin/../lib/gcc/arm-atollic-eabi/6.3.1/../../../../arm-atollic-eabi/lib/armv6-m\libc_nano.a(lib_a-nano-mallocr.o) (_sbrk_r)
c:/program files (x86)/atollic/truestudio for arm 8.0.0/armtools/bin/../lib/gcc/arm-atollic-eabi/6.3.1/../../../../arm-atollic-eabi/lib/armv6-m\libc_nano.a(lib_a-mlock.o)
                              c:/program files (x86)/atollic/truestudio for arm 8.0.0/armtools/bin/../lib/gcc/arm-atollic-eabi/6.3.1/../../../../arm-atollic-eabi/lib/armv6-m\libc_nano.a(lib_a-nano-freer.o) (__malloc_lock)
c:/program files (x86)/atollic/truestudio for arm 8.0.0/armtools/bin/../lib/gcc/arm-atollic-eabi/6.3.1/../../../../arm-atollic-eabi/lib/armv6-m\libm.a(lib_a-s_lround.o)
                              src\grbl\limits.o (lround)
c:/program files (x86)/atollic/truestudio for arm 8.0.0/armtools/bin/../lib/gcc/arm-atollic-eabi/6.3.1/../../../../arm-atollic-eabi/lib/armv6-m\libm.a(lib_a-s_trunc.o)
                              src\grbl\gcode.o (trunc)
c:/program files (x86)/atollic/truestudio for arm 8.0.0/armtools/bin/../lib/gcc/arm-atollic-eabi/6.3.1/../../../../arm-atollic-eabi/lib/armv6-m\libm.a(lib_a-sf_ceil.o)
                              src\grbl\nuts_bolts.o (ceilf)
c:/program files (x86)/atollic/truestudio for arm 8.0.0/armtools/bin/../lib/gcc/arm-atollic-eabi/6.3.1/../../../../arm-atollic-eabi/lib/armv6-m\libm.a(lib_a-sf_cos.o)
                              src\grbl\motion_control.o (cosf)
c:/program files (x86)/atollic/truestudio for arm 8.0.0/armtools/bin/../lib/gcc/arm-atollic-eabi/6.3.1/../../../../arm-atollic-eabi/lib/armv6-m\libm.a(lib_a-sf_floor.o)
                              src\grbl\motion_control.o (floorf)
c:/program files (x86)/atollic/truestudio for arm 8.0.0/armtools/bin/../lib/gcc/arm-atollic-eabi/6.3.1/../../../../arm-atollic-eabi/lib/armv6-m\libm.a(lib_a-sf_round.o)
                              src\grbl\gcode.o (roundf)
c:/program files (x86)/atollic/truestudio for arm 8.0.0/armtools/bin/../lib/gcc/arm-atollic-eabi/6.3.1/../../../../arm-atollic-eabi/lib/armv6-m\libm.a(lib_a-sf_sin.o)
[...]
Memory Configuration

Name             Origin             Length             Attributes
FLASH            0x08000000         0x00010000         xr
RAM              0x20000000         0x00002000         xrw
MEMORY_B1        0x60000000         0x00000000         xr
*default*        0x00000000         0xffffffff

Linker script and memory map

LOAD c:/program files (x86)/atollic/truestudio for arm 8.0.0/armtools/bin/../lib/gcc/arm-atollic-eabi/6.3.1/armv6-m/crti.o
LOAD c:/program files (x86)/atollic/truestudio for arm 8.0.0/armtools/bin/../lib/gcc/arm-atollic-eabi/6.3.1/armv6-m/crtbegin.o
LOAD Drivers\STM32F0xx_StdPeriph_Driver\src\stm32f0xx_adc.o
LOAD Drivers\STM32F0xx_StdPeriph_Driver\src\stm32f0xx_can.o
LOAD Drivers\STM32F0xx_StdPeriph_Driver\src\stm32f0xx_cec.o
LOAD Drivers\STM32F0xx_StdPeriph_Driver\src\stm32f0xx_comp.o
LOAD Drivers\STM32F0xx_StdPeriph_Driver\src\stm32f0xx_crc.o
LOAD Drivers\STM32F0xx_StdPeriph_Driver\src\stm32f0xx_crs.o
LOAD Drivers\STM32F0xx_StdPeriph_Driver\src\stm32f0xx_dac.o
LOAD Drivers\STM32F0xx_StdPeriph_Driver\src\stm32f0xx_dbgmcu.o
LOAD Drivers\STM32F0xx_StdPeriph_Driver\src\stm32f0xx_dma.o
LOAD Drivers\STM32F0xx_StdPeriph_Driver\src\stm32f0xx_exti.o
LOAD Drivers\STM32F0xx_StdPeriph_Driver\src\stm32f0xx_flash.o
LOAD Drivers\STM32F0xx_StdPeriph_Driver\src\stm32f0xx_gpio.o
LOAD Drivers\STM32F0xx_StdPeriph_Driver\src\stm32f0xx_i2c.o
LOAD Drivers\STM32F0xx_StdPeriph_Driver\src\stm32f0xx_iwdg.o
LOAD Drivers\STM32F0xx_StdPeriph_Driver\src\stm32f0xx_misc.o
LOAD Drivers\STM32F0xx_StdPeriph_Driver\src\stm32f0xx_pwr.o
LOAD Drivers\STM32F0xx_StdPeriph_Driver\src\stm32f0xx_rcc.o
LOAD Drivers\STM32F0xx_StdPeriph_Driver\src\stm32f0xx_rtc.o
LOAD Drivers\STM32F0xx_StdPeriph_Driver\src\stm32f0xx_spi.o
LOAD Drivers\STM32F0xx_StdPeriph_Driver\src\stm32f0xx_syscfg.o
LOAD Drivers\STM32F0xx_StdPeriph_Driver\src\stm32f0xx_tim.o
LOAD Drivers\STM32F0xx_StdPeriph_Driver\src\stm32f0xx_usart.o
LOAD Drivers\STM32F0xx_StdPeriph_Driver\src\stm32f0xx_wwdg.o
LOAD src\grbl\coolant_control.o
LOAD src\grbl\eeprom.o
LOAD src\grbl\gcode.o
LOAD src\grbl\jog.o
LOAD src\grbl\limits.o
LOAD src\grbl\motion_control.o
LOAD src\grbl\nuts_bolts.o
LOAD src\grbl\planner.o
LOAD src\grbl\print.o
LOAD src\grbl\probe.o
LOAD src\grbl\protocol.o
LOAD src\grbl\report.o
LOAD src\grbl\serial.o
LOAD src\grbl\settings.o
LOAD src\grbl\spindle_control.o
LOAD src\grbl\stepper.o
LOAD src\grbl\system.o
LOAD src\main.o
LOAD src\startup_stm32f051.o
LOAD src\stm32f0xx_it.o
LOAD src\syscalls.o
LOAD src\system_stm32f0xx.o
LOAD src\tiny_printf.o
                0x00000080                malloc_getpagesize_P = 0x80
START GROUP
LOAD c:/program files (x86)/atollic/truestudio for arm 8.0.0/armtools/bin/../lib/gcc/arm-atollic-eabi/6.3.1/../../../../arm-atollic-eabi/lib/armv6-m\libc_nano.a
LOAD c:/program files (x86)/atollic/truestudio for arm 8.0.0/armtools/bin/../lib/gcc/arm-atollic-eabi/6.3.1/../../../../arm-atollic-eabi/lib/armv6-m\libm.a
END GROUP
START GROUP
LOAD c:/program files (x86)/atollic/truestudio for arm 8.0.0/armtools/bin/../lib/gcc/arm-atollic-eabi/6.3.1/armv6-m\libgcc.a
LOAD c:/program files (x86)/atollic/truestudio for arm 8.0.0/armtools/bin/../lib/gcc/arm-atollic-eabi/6.3.1/../../../../arm-atollic-eabi/lib/armv6-m\libc_nano.a
END GROUP
START GROUP
LOAD c:/program files (x86)/atollic/truestudio for arm 8.0.0/armtools/bin/../lib/gcc/arm-atollic-eabi/6.3.1/armv6-m\libgcc.a
LOAD c:/program files (x86)/atollic/truestudio for arm 8.0.0/armtools/bin/../lib/gcc/arm-atollic-eabi/6.3.1/../../../../arm-atollic-eabi/lib/armv6-m\libc_nano.a
LOAD c:/program files (x86)/atollic/truestudio for arm 8.0.0/armtools/bin/../lib/gcc/arm-atollic-eabi/6.3.1/../../../../arm-atollic-eabi/lib/armv6-m\libnosys.a
END GROUP
START GROUP
LOAD c:/program files (x86)/atollic/truestudio for arm 8.0.0/armtools/bin/../lib/gcc/arm-atollic-eabi/6.3.1/armv6-m\libgcc.a
LOAD c:/program files (x86)/atollic/truestudio for arm 8.0.0/armtools/bin/../lib/gcc/arm-atollic-eabi/6.3.1/../../../../arm-atollic-eabi/lib/armv6-m\libc_nano.a
LOAD c:/program files (x86)/atollic/truestudio for arm 8.0.0/armtools/bin/../lib/gcc/arm-atollic-eabi/6.3.1/../../../../arm-atollic-eabi/lib/armv6-m\libnosys.a
END GROUP
LOAD c:/program files (x86)/atollic/truestudio for arm 8.0.0/armtools/bin/../lib/gcc/arm-atollic-eabi/6.3.1/armv6-m/crtend.o
LOAD c:/program files (x86)/atollic/truestudio for arm 8.0.0/armtools/bin/../lib/gcc/arm-atollic-eabi/6.3.1/armv6-m/crtn.o
                0x20002000                _estack = 0x20002000
                0x00000000                _Min_Heap_Size = 0x0
                0x00000080                _Min_Stack_Size = 0x80

.isr_vector     0x08000000       0xc0
                0x08000000                . = ALIGN (0x4)
 *(.isr_vector)
 .isr_vector    0x08000000       0xc0 src\startup_stm32f051.o
                0x08000000                g_pfnVectors
                0x080000c0                . = ALIGN (0x4)

.text           0x080000c0     0xd804
                0x080000c0                . = ALIGN (0x4)
 *(.text)
 .text          0x080000c0       0x48 c:/program files (x86)/atollic/truestudio for arm 8.0.0/armtools/bin/../lib/gcc/arm-atollic-eabi/6.3.1/armv6-m/crtbegin.o
 .text          0x08000108       0x14 c:/program files (x86)/atollic/truestudio for arm 8.0.0/armtools/bin/../lib/gcc/arm-atollic-eabi/6.3.1/armv6-m\libgcc.a(_thumb1_case_uqi.o)
                0x08000108                __gnu_thumb1_case_uqi
 .text          0x0800011c      0x114 c:/program files (x86)/atollic/truestudio for arm 8.0.0/armtools/bin/../lib/gcc/arm-atollic-eabi/6.3.1/armv6-m\libgcc.a(_udivsi3.o)
                0x0800011c                __aeabi_uidiv
                0x0800011c                __udivsi3
                0x08000228                __aeabi_uidivmod
 .text          0x08000230        0x4 c:/program files (x86)/atollic/truestudio for arm 8.0.0/armtools/bin/../lib/gcc/arm-atollic-eabi/6.3.1/armv6-m\libgcc.a(_dvmd_tls.o)
                0x08000230                __aeabi_idiv0
                0x08000230                __aeabi_ldiv0
 .text          0x08000234       0x7c c:/program files (x86)/atollic/truestudio for arm 8.0.0/armtools/bin/../lib/gcc/arm-atollic-eabi/6.3.1/armv6-m\libgcc.a(_arm_cmpdf2.o)
                0x08000234                __aeabi_cdrcmple
                0x08000244                __aeabi_cdcmple
                0x08000244                __aeabi_cdcmpeq
                0x08000254                __aeabi_dcmpeq
                0x08000260                __aeabi_dcmplt
                0x08000274                __aeabi_dcmple
                0x08000288                __aeabi_dcmpgt
                0x0800029c                __aeabi_dcmpge
 .text          0x080002b0       0x74 c:/program files (x86)/atollic/truestudio for arm 8.0.0/armtools/bin/../lib/gcc/arm-atollic-eabi/6.3.1/armv6-m\libgcc.a(_arm_cmpsf2.o)
                0x080002b0                __aeabi_cfrcmple
                0x080002b8                __aeabi_cfcmpeq
                0x080002b8                __aeabi_cfcmple
                0x080002c8                __aeabi_fcmpeq
                0x080002d4                __aeabi_fcmplt
                0x080002e8                __aeabi_fcmple
                0x080002fc                __aeabi_fcmpgt
                0x08000310                __aeabi_fcmpge
 .text          0x08000324       0x30 c:/program files (x86)/atollic/truestudio for arm 8.0.0/armtools/bin/../lib/gcc/arm-atollic-eabi/6.3.1/armv6-m\libgcc.a(_fixunssfsi.o)
                0x08000324                __fixunssfsi
                0x08000324                __aeabi_f2uiz
 .text          0x08000354       0x3c c:/program files (x86)/atollic/truestudio for arm 8.0.0/armtools/bin/../lib/gcc/arm-atollic-eabi/6.3.1/armv6-m\libgcc.a(_fixunsdfsi.o)
                0x08000354                __aeabi_d2uiz
                0x08000354                __fixunsdfsi
 .text          0x08000390      0x324 c:/program files (x86)/atollic/truestudio for arm 8.0.0/armtools/bin/../lib/gcc/arm-atollic-eabi/6.3.1/armv6-m\libgcc.a(addsf3.o)
                0x08000390                __aeabi_fadd
 .text          0x080006b4      0x290 c:/program files (x86)/atollic/truestudio for arm 8.0.0/armtools/bin/../lib/gcc/arm-atollic-eabi/6.3.1/armv6-m\libgcc.a(divsf3.o)
                0x080006b4                __aeabi_fdiv
 .text          0x08000944       0x4c c:/program files (x86)/atollic/truestudio for arm 8.0.0/armtools/bin/../lib/gcc/arm-atollic-eabi/6.3.1/armv6-m\libgcc.a(eqsf2.o)
                0x08000944                __eqsf2
                0x08000944                __nesf2
 .text          0x08000990       0x80 c:/program files (x86)/atollic/truestudio for arm 8.0.0/armtools/bin/../lib/gcc/arm-atollic-eabi/6.3.1/armv6-m\libgcc.a(gesf2.o)
                0x08000990                __gesf2
                0x08000990                __gtsf2
 .text          0x08000a10       0x84 c:/program files (x86)/atollic/truestudio for arm 8.0.0/armtools/bin/../lib/gcc/arm-atollic-eabi/6.3.1/armv6-m\libgcc.a(lesf2.o)
                0x08000a10                __ltsf2
                0x08000a10                __lesf2
 .text          0x08000a94      0x240 c:/program files (x86)/atollic/truestudio for arm 8.0.0/armtools/bin/../lib/gcc/arm-atollic-eabi/6.3.1/armv6-m\libgcc.a(mulsf3.o)
                0x08000a94                __aeabi_fmul
 .text          0x08000cd4      0x338 c:/program files (x86)/atollic/truestudio for arm 8.0.0/armtools/bin/../lib/gcc/arm-atollic-eabi/6.3.1/armv6-m\libgcc.a(subsf3.o)
                0x08000cd4                __aeabi_fsub
 .text          0x0800100c       0x30 c:/program files (x86)/atollic/truestudio for arm 8.0.0/armtools/bin/../lib/gcc/arm-atollic-eabi/6.3.1/armv6-m\libgcc.a(unordsf2.o)
                0x0800100c                __aeabi_fcmpun
 .text          0x0800103c       0x40 c:/program files (x86)/atollic/truestudio for arm 8.0.0/armtools/bin/../lib/gcc/arm-atollic-eabi/6.3.1/armv6-m\libgcc.a(fixsfsi.o)
                0x0800103c                __aeabi_f2iz
 .text          0x0800107c       0xa0 c:/program files (x86)/atollic/truestudio for arm 8.0.0/armtools/bin/../lib/gcc/arm-atollic-eabi/6.3.1/armv6-m\libgcc.a(floatsisf.o)
                0x0800107c                __aeabi_i2f
 .text          0x0800111c       0x8c c:/program files (x86)/atollic/truestudio for arm 8.0.0/armtools/bin/../lib/gcc/arm-atollic-eabi/6.3.1/armv6-m\libgcc.a(floatunsisf.o)
                0x0800111c                __aeabi_ui2f
 .text          0x080011a8      0x620 c:/program files (x86)/atollic/truestudio for arm 8.0.0/armtools/bin/../lib/gcc/arm-atollic-eabi/6.3.1/armv6-m\libgcc.a(adddf3.o)
                0x080011a8                __aeabi_dadd
 .text          0x080017c8      0x668 c:/program files (x86)/atollic/truestudio for arm 8.0.0/armtools/bin/../lib/gcc/arm-atollic-eabi/6.3.1/armv6-m\libgcc.a(divdf3.o)
                0x080017c8                __aeabi_ddiv
 .text          0x08001e30       0x74 c:/program files (x86)/atollic/truestudio for arm 8.0.0/armtools/bin/../lib/gcc/arm-atollic-eabi/6.3.1/armv6-m\libgcc.a(eqdf2.o)
                0x08001e30                __nedf2
                0x08001e30                __eqdf2
 .text          0x08001ea4       0xc8 c:/program files (x86)/atollic/truestudio for arm 8.0.0/armtools/bin/../lib/gcc/arm-atollic-eabi/6.3.1/armv6-m\libgcc.a(gedf2.o)
                0x08001ea4                __gedf2
                0x08001ea4                __gtdf2
 .text          0x08001f6c       0xc4 c:/program files (x86)/atollic/truestudio for arm 8.0.0/armtools/bin/../lib/gcc/arm-atollic-eabi/6.3.1/armv6-m\libgcc.a(ledf2.o)
                0x08001f6c                __ledf2
                0x08001f6c                __ltdf2
 .text          0x08002030      0x62c c:/program files (x86)/atollic/truestudio for arm 8.0.0/armtools/bin/../lib/gcc/arm-atollic-eabi/6.3.1/armv6-m\libgcc.a(subdf3.o)
                0x08002030                __aeabi_dsub
 .text          0x0800265c       0x68 c:/program files (x86)/atollic/truestudio for arm 8.0.0/armtools/bin/../lib/gcc/arm-atollic-eabi/6.3.1/armv6-m\libgcc.a(fixdfsi.o)
                0x0800265c                __aeabi_d2iz
 .text          0x080026c4       0xa4 c:/program files (x86)/atollic/truestudio for arm 8.0.0/armtools/bin/../lib/gcc/arm-atollic-eabi/6.3.1/armv6-m\libgcc.a(extendsfdf2.o)
                0x080026c4                __aeabi_f2d
 .text          0x08002768      0x114 c:/program files (x86)/atollic/truestudio for arm 8.0.0/armtools/bin/../lib/gcc/arm-atollic-eabi/6.3.1/armv6-m\libgcc.a(truncdfsf2.o)
                0x08002768                __aeabi_d2f
 .text          0x0800287c       0x3c c:/program files (x86)/atollic/truestudio for arm 8.0.0/armtools/bin/../lib/gcc/arm-atollic-eabi/6.3.1/armv6-m\libgcc.a(_clzsi2.o)
                0x0800287c                __clzsi2
 *(.text*)
 .text.EXTI_Init
                0x080028b8       0xe0 Drivers\STM32F0xx_StdPeriph_Driver\src\stm32f0xx_exti.o
                0x080028b8                EXTI_Init
 .text.EXTI_GetITStatus
                0x08002998       0x40 Drivers\STM32F0xx_StdPeriph_Driver\src\stm32f0xx_exti.o
                0x08002998                EXTI_GetITStatus
 .text.EXTI_ClearITPendingBit
                0x080029d8       0x1c Drivers\STM32F0xx_StdPeriph_Driver\src\stm32f0xx_exti.o
                0x080029d8                EXTI_ClearITPendingBit
 .text.GPIO_Init
                0x080029f4      0x126 Drivers\STM32F0xx_StdPeriph_Driver\src\stm32f0xx_gpio.o
                0x080029f4                GPIO_Init
 .text.GPIO_ReadInputData
                0x08002b1a       0x16 Drivers\STM32F0xx_StdPeriph_Driver\src\stm32f0xx_gpio.o
                0x08002b1a                GPIO_ReadInputData
 .text.GPIO_ReadOutputData
                0x08002b30       0x16 Drivers\STM32F0xx_StdPeriph_Driver\src\stm32f0xx_gpio.o
                0x08002b30                GPIO_ReadOutputData
 .text.GPIO_SetBits
                0x08002b46       0x1e Drivers\STM32F0xx_StdPeriph_Driver\src\stm32f0xx_gpio.o
                0x08002b46                GPIO_SetBits
 .text.GPIO_ResetBits
                0x08002b64       0x1e Drivers\STM32F0xx_StdPeriph_Driver\src\stm32f0xx_gpio.o
                0x08002b64                GPIO_ResetBits
 .text.GPIO_WriteBit
                0x08002b82       0x3a Drivers\STM32F0xx_StdPeriph_Driver\src\stm32f0xx_gpio.o
                0x08002b82                GPIO_WriteBit
 .text.GPIO_Write
                0x08002bbc       0x1e Drivers\STM32F0xx_StdPeriph_Driver\src\stm32f0xx_gpio.o
                0x08002bbc                GPIO_Write
 *fill*         0x08002bda        0x2 
 .text.NVIC_Init
                0x08002bdc       0xac Drivers\STM32F0xx_StdPeriph_Driver\src\stm32f0xx_misc.o
                0x08002bdc                NVIC_Init
 .text.RCC_HCLKConfig
                0x08002c88       0x34 Drivers\STM32F0xx_StdPeriph_Driver\src\stm32f0xx_rcc.o
                0x08002c88                RCC_HCLKConfig
 .text.RCC_USARTCLKConfig
                0x08002cbc       0x68 Drivers\STM32F0xx_StdPeriph_Driver\src\stm32f0xx_rcc.o
                0x08002cbc                RCC_USARTCLKConfig
 .text.RCC_GetClocksFreq
                0x08002d24      0x2e0 Drivers\STM32F0xx_StdPeriph_Driver\src\stm32f0xx_rcc.o
                0x08002d24                RCC_GetClocksFreq
 .text.RCC_AHBPeriphClockCmd
                0x08003004       0x40 Drivers\STM32F0xx_StdPeriph_Driver\src\stm32f0xx_rcc.o
                0x08003004                RCC_AHBPeriphClockCmd
 .text.RCC_APB2PeriphClockCmd
                0x08003044       0x40 Drivers\STM32F0xx_StdPeriph_Driver\src\stm32f0xx_rcc.o
                0x08003044                RCC_APB2PeriphClockCmd
 .text.SYSCFG_EXTILineConfig
                0x08003084       0x94 Drivers\STM32F0xx_StdPeriph_Driver\src\stm32f0xx_syscfg.o
                0x08003084                SYSCFG_EXTILineConfig
 .text.TIM_TimeBaseInit
                0x08003118       0xf0 Drivers\STM32F0xx_StdPeriph_Driver\src\stm32f0xx_tim.o
                0x08003118                TIM_TimeBaseInit
 .text.TIM_TimeBaseStructInit
                0x08003208       0x30 Drivers\STM32F0xx_StdPeriph_Driver\src\stm32f0xx_tim.o
                0x08003208                TIM_TimeBaseStructInit
 .text.TIM_Cmd  0x08003238       0x40 Drivers\STM32F0xx_StdPeriph_Driver\src\stm32f0xx_tim.o
                0x08003238                TIM_Cmd
 .text.TIM_CtrlPWMOutputs
                0x08003278       0x4c Drivers\STM32F0xx_StdPeriph_Driver\src\stm32f0xx_tim.o
                0x08003278                TIM_CtrlPWMOutputs
 .text.TIM_OC1Init
                0x080032c4      0x1a4 Drivers\STM32F0xx_StdPeriph_Driver\src\stm32f0xx_tim.o
                0x080032c4                TIM_OC1Init
 .text.TIM_OC1PreloadConfig
                0x08003468       0x54 Drivers\STM32F0xx_StdPeriph_Driver\src\stm32f0xx_tim.o
                0x08003468                TIM_OC1PreloadConfig
 .text.TIM_ITConfig
                0x080034bc       0x52 Drivers\STM32F0xx_StdPeriph_Driver\src\stm32f0xx_tim.o
                0x080034bc                TIM_ITConfig
 .text.TIM_ClearITPendingBit
                0x0800350e       0x22 Drivers\STM32F0xx_StdPeriph_Driver\src\stm32f0xx_tim.o
                0x0800350e                TIM_ClearITPendingBit
 .text.USART_Init
                0x08003530      0x18c Drivers\STM32F0xx_StdPeriph_Driver\src\stm32f0xx_usart.o
                0x08003530                USART_Init
 .text.USART_Cmd
                0x080036bc       0x3a Drivers\STM32F0xx_StdPeriph_Driver\src\stm32f0xx_usart.o
                0x080036bc                USART_Cmd
 .text.USART_SendData
                0x080036f6       0x24 Drivers\STM32F0xx_StdPeriph_Driver\src\stm32f0xx_usart.o
                0x080036f6                USART_SendData
 .text.USART_ITConfig
                0x0800371a       0x84 Drivers\STM32F0xx_StdPeriph_Driver\src\stm32f0xx_usart.o
                0x0800371a                USART_ITConfig
 .text.coolant_get_state
                0x0800379e       0x18 src\grbl\coolant_control.o
                0x0800379e                coolant_get_state
 .text.coolant_stop
                0x080037b6        0xa src\grbl\coolant_control.o
                0x080037b6                coolant_stop
 .text.coolant_set_state
                0x080037c0       0x34 src\grbl\coolant_control.o
                0x080037c0                coolant_set_state
 .text.coolant_sync
                0x080037f4       0x30 src\grbl\coolant_control.o
                0x080037f4                coolant_sync
 .text.eeprom_get_char
                0x08003824       0x1c src\grbl\eeprom.o
                0x08003824                eeprom_get_char
 .text.eeprom_put_char
                0x08003840       0x28 src\grbl\eeprom.o
                0x08003840                eeprom_put_char
 .text.memcpy_to_eeprom_with_checksum
                0x08003868       0x84 src\grbl\eeprom.o
                0x08003868                memcpy_to_eeprom_with_checksum
 .text.memcpy_from_eeprom_with_checksum
                0x080038ec       0x9c src\grbl\eeprom.o
                0x080038ec                memcpy_from_eeprom_with_checksum
 .text.gc_init  0x08003988       0x38 src\grbl\gcode.o
                0x08003988                gc_init
 .text.gc_sync_position
                0x080039c0       0x20 src\grbl\gcode.o
                0x080039c0                gc_sync_position
 .text.gc_execute_line
                0x080039e0     0x1a98 src\grbl\gcode.o
                0x080039e0                gc_execute_line
 .text.jog_execute
                0x08005478       0x80 src\grbl\jog.o
                0x08005478                jog_execute
 .text.NVIC_DisableIRQ
                0x080054f8       0x30 src\grbl\limits.o
 .text.NVIC_ClearPendingIRQ
                0x08005528       0x34 src\grbl\limits.o
 .text.limits_init
                0x0800555c       0xcc src\grbl\limits.o
                0x0800555c                limits_init
 .text.limits_disable
                0x08005628       0x10 src\grbl\limits.o
                0x08005628                limits_disable
 .text.limits_get_state
                0x08005638       0xa0 src\grbl\limits.o
                0x08005638                limits_get_state
 .text.EXTI4_15_IRQHandler
                0x080056d8       0x7c src\grbl\limits.o
                0x080056d8                EXTI4_15_IRQHandler
 .text.limits_go_home
                0x08005754      0x5d0 src\grbl\limits.o
                0x08005754                limits_go_home
 .text.limits_soft_check
                0x08005d24       0x5c src\grbl\limits.o
                0x08005d24                limits_soft_check
 .text.mc_line  0x08005d80       0x98 src\grbl\motion_control.o
                0x08005d80                mc_line
 .text.mc_arc   0x08005e18      0x4d4 src\grbl\motion_control.o
                0x08005e18                mc_arc
 .text.mc_dwell
                0x080062ec       0x2c src\grbl\motion_control.o
                0x080062ec                mc_dwell
 .text.mc_homing_cycle
                0x08006318       0x48 src\grbl\motion_control.o
                0x08006318                mc_homing_cycle
 .text.mc_probe_cycle
                0x08006360      0x128 src\grbl\motion_control.o
                0x08006360                mc_probe_cycle
 .text.mc_reset
                0x08006488       0x70 src\grbl\motion_control.o
                0x08006488                mc_reset
 .text.read_float
                0x080064f8      0x1f4 src\grbl\nuts_bolts.o
                0x080064f8                read_float
 .text.delay_sec
                0x080066ec       0x84 src\grbl\nuts_bolts.o
                0x080066ec                delay_sec
 .text.delay_ms
                0x08006770       0x2a src\grbl\nuts_bolts.o
                0x08006770                delay_ms
 .text.hypot_f  0x0800679a       0x3a src\grbl\nuts_bolts.o
                0x0800679a                hypot_f
 .text.convert_delta_vector_to_unit_vector
                0x080067d4       0xe4 src\grbl\nuts_bolts.o
                0x080067d4                convert_delta_vector_to_unit_vector
 .text.limit_value_by_axis_maximum
                0x080068b8       0xbc src\grbl\nuts_bolts.o
                0x080068b8                limit_value_by_axis_maximum
 .text.plan_next_block_index
                0x08006974       0x30 src\grbl\planner.o
                0x08006974                plan_next_block_index
 .text.plan_prev_block_index
                0x080069a4       0x30 src\grbl\planner.o
 .text.planner_recalculate
                0x080069d4      0x278 src\grbl\planner.o
 .text.plan_reset
                0x08006c4c       0x20 src\grbl\planner.o
                0x08006c4c                plan_reset
 .text.plan_reset_buffer
                0x08006c6c       0x34 src\grbl\planner.o
                0x08006c6c                plan_reset_buffer
 .text.plan_discard_current_block
                0x08006ca0       0x54 src\grbl\planner.o
                0x08006ca0                plan_discard_current_block
 .text.plan_get_system_motion_block
                0x08006cf4       0x24 src\grbl\planner.o
                0x08006cf4                plan_get_system_motion_block
 .text.plan_get_current_block
                0x08006d18       0x38 src\grbl\planner.o
                0x08006d18                plan_get_current_block
 .text.plan_get_exec_block_exit_speed_sqr
                0x08006d50       0x50 src\grbl\planner.o
                0x08006d50                plan_get_exec_block_exit_speed_sqr
 .text.plan_check_full_buffer
                0x08006da0       0x24 src\grbl\planner.o
                0x08006da0                plan_check_full_buffer
 .text.plan_compute_profile_nominal_speed
                0x08006dc4       0xa8 src\grbl\planner.o
                0x08006dc4                plan_compute_profile_nominal_speed
 .text.plan_compute_profile_parameters
                0x08006e6c       0x60 src\grbl\planner.o
 .text.plan_update_velocity_profile_parameters
                0x08006ecc       0x8c src\grbl\planner.o
                0x08006ecc                plan_update_velocity_profile_parameters
 .text.plan_buffer_line
                0x08006f58      0x5c0 src\grbl\planner.o
                0x08006f58                plan_buffer_line
 .text.plan_sync_position
                0x08007518       0x74 src\grbl\planner.o
                0x08007518                plan_sync_position
 .text.plan_get_block_buffer_available
                0x0800758c       0x40 src\grbl\planner.o
                0x0800758c                plan_get_block_buffer_available
 .text.plan_cycle_reinitialize
                0x080075cc       0x24 src\grbl\planner.o
                0x080075cc                plan_cycle_reinitialize
 .text.printString
                0x080075f0       0x28 src\grbl\print.o
                0x080075f0                printString
 .text.print_uint8_base10
                0x08007618       0xc2 src\grbl\print.o
                0x08007618                print_uint8_base10
 *fill*         0x080076da        0x2 
 .text.printFloat
                0x080076dc      0x170 src\grbl\print.o
                0x080076dc                printFloat
 .text.printFloat_CoordValue
                0x0800784c       0x44 src\grbl\print.o
                0x0800784c                printFloat_CoordValue
 .text.printFloat_RateValue
                0x08007890       0x44 src\grbl\print.o
                0x08007890                printFloat_RateValue
 .text.probe_init
                0x080078d4       0x48 src\grbl\probe.o
                0x080078d4                probe_init
 .text.probe_configure_invert_mask
                0x0800791c       0x48 src\grbl\probe.o
                0x0800791c                probe_configure_invert_mask
 .text.probe_get_state
                0x08007964       0x30 src\grbl\probe.o
                0x08007964                probe_get_state
 .text.probe_state_monitor
                0x08007994       0x44 src\grbl\probe.o
                0x08007994                probe_state_monitor
 .text.protocol_main_loop
                0x080079d8      0x25c src\grbl\protocol.o
                0x080079d8                protocol_main_loop
 .text.protocol_buffer_synchronize
                0x08007c34       0x30 src\grbl\protocol.o
                0x08007c34                protocol_buffer_synchronize
 .text.protocol_auto_cycle_start
                0x08007c64       0x18 src\grbl\protocol.o
                0x08007c64                protocol_auto_cycle_start
 .text.protocol_execute_realtime
                0x08007c7c       0x20 src\grbl\protocol.o
                0x08007c7c                protocol_execute_realtime
 .text.protocol_exec_rt_system
                0x08007c9c      0x5fc src\grbl\protocol.o
                0x08007c9c                protocol_exec_rt_system
 .text.protocol_exec_rt_suspend
                0x08008298      0x2b4 src\grbl\protocol.o
 .text.report_util_setting_prefix
                0x0800854c       0x2a src\grbl\report.o
                0x0800854c                report_util_setting_prefix
 *fill*         0x08008576        0x2 
 .text.report_util_line_feed
                0x08008578       0x18 src\grbl\report.o
 .text.report_util_feedback_line_feed
                0x08008590       0x14 src\grbl\report.o
 .text.report_util_gcode_modes_G
                0x080085a4       0x18 src\grbl\report.o
 .text.report_util_gcode_modes_M
                0x080085bc       0x18 src\grbl\report.o
 .text.report_util_axis_values
                0x080085d4       0x56 src\grbl\report.o
 .text.report_util_uint8_setting
                0x0800862a       0x2e src\grbl\report.o
 .text.report_util_float_setting
                0x08008658       0x3a src\grbl\report.o
 *fill*         0x08008692        0x2 
 .text.report_status_message
                0x08008694       0x44 src\grbl\report.o
                0x08008694                report_status_message
 .text.report_alarm_message
                0x080086d8       0x38 src\grbl\report.o
                0x080086d8                report_alarm_message
 .text.report_feedback_message
                0x08008710       0xd4 src\grbl\report.o
                0x08008710                report_feedback_message
 .text.report_init_message
                0x080087e4       0x18 src\grbl\report.o
                0x080087e4                report_init_message
 .text.report_grbl_help
                0x080087fc       0x18 src\grbl\report.o
                0x080087fc                report_grbl_help
 .text.report_grbl_settings
                0x08008814      0x29c src\grbl\report.o
                0x08008814                report_grbl_settings
 .text.report_probe_parameters
                0x08008ab0       0x4c src\grbl\report.o
                0x08008ab0                report_probe_parameters
 .text.report_ngc_parameters
                0x08008afc       0xe4 src\grbl\report.o
                0x08008afc                report_ngc_parameters
 .text.report_gcode_modes
                0x08008be0      0x168 src\grbl\report.o
                0x08008be0                report_gcode_modes
 .text.report_startup_line
                0x08008d48       0x40 src\grbl\report.o
                0x08008d48                report_startup_line
 .text.report_execute_startup_message
                0x08008d88       0x34 src\grbl\report.o
                0x08008d88                report_execute_startup_message
 .text.report_build_info
                0x08008dbc       0x5c src\grbl\report.o
                0x08008dbc                report_build_info
 .text.report_realtime_status
                0x08008e18      0x4e8 src\grbl\report.o
                0x08008e18                report_realtime_status
 .text.serial_get_rx_buffer_available
                0x08009300       0x4c src\grbl\serial.o
                0x08009300                serial_get_rx_buffer_available
 .text.serial_init
                0x0800934c        0xa src\grbl\serial.o
                0x0800934c                serial_init
 *fill*         0x08009356        0x2 
 .text.serial_write
                0x08009358       0x44 src\grbl\serial.o
                0x08009358                serial_write
 .text.serial_read
                0x0800939c       0x64 src\grbl\serial.o
                0x0800939c                serial_read
 .text.USART1_IRQHandler
                0x08009400      0x17c src\grbl\serial.o
                0x08009400                USART1_IRQHandler
 .text.serial_reset_read_buffer
                0x0800957c       0x1c src\grbl\serial.o
                0x0800957c                serial_reset_read_buffer
 .text.settings_store_startup_line
                0x08009598       0x3e src\grbl\settings.o
                0x08009598                settings_store_startup_line
 *fill*         0x080095d6        0x2 
 .text.settings_store_build_info
                0x080095d8       0x20 src\grbl\settings.o
                0x080095d8                settings_store_build_info
 .text.settings_write_coord_data
                0x080095f8       0x3a src\grbl\settings.o
                0x080095f8                settings_write_coord_data
 *fill*         0x08009632        0x2 
 .text.write_global_settings
                0x08009634       0x24 src\grbl\settings.o
                0x08009634                write_global_settings
 .text.settings_restore
                0x08009658      0x1dc src\grbl\settings.o
                0x08009658                settings_restore
 .text.settings_read_startup_line
                0x08009834       0x58 src\grbl\settings.o
                0x08009834                settings_read_startup_line
 .text.settings_read_build_info
                0x0800988c       0x38 src\grbl\settings.o
                0x0800988c                settings_read_build_info
 .text.settings_read_coord_data
                0x080098c4       0x5a src\grbl\settings.o
                0x080098c4                settings_read_coord_data
 *fill*         0x0800991e        0x2 
 .text.read_global_settings
                0x08009920       0x40 src\grbl\settings.o
                0x08009920                read_global_settings
 .text.settings_store_global_setting
                0x08009960      0x3d0 src\grbl\settings.o
                0x08009960                settings_store_global_setting
 .text.settings_init
                0x08009d30       0x22 src\grbl\settings.o
                0x08009d30                settings_init
 *fill*         0x08009d52        0x2 
 .text.spindle_init
                0x08009d54      0x178 src\grbl\spindle_control.o
                0x08009d54                spindle_init
 .text.spindle_get_state
                0x08009ecc       0x38 src\grbl\spindle_control.o
                0x08009ecc                spindle_get_state
 .text.spindle_stop
                0x08009f04       0x18 src\grbl\spindle_control.o
                0x08009f04                spindle_stop
 .text.spindle_set_speed
                0x08009f1c       0x40 src\grbl\spindle_control.o
                0x08009f1c                spindle_set_speed
 .text.spindle_compute_pwm_value
                0x08009f5c       0xfc src\grbl\spindle_control.o
                0x08009f5c                spindle_compute_pwm_value
 .text.spindle_set_state
                0x0800a058       0x94 src\grbl\spindle_control.o
                0x0800a058                spindle_set_state
 .text.spindle_sync
                0x0800a0ec       0x38 src\grbl\spindle_control.o
                0x0800a0ec                spindle_sync
 .text.NVIC_EnableIRQ
                0x0800a124       0x2c src\grbl\stepper.o
 .text.NVIC_DisableIRQ
                0x0800a150       0x30 src\grbl\stepper.o
 .text.st_wake_up
                0x0800a180       0xa8 src\grbl\stepper.o
                0x0800a180                st_wake_up
 .text.st_go_idle
                0x0800a228       0x9c src\grbl\stepper.o
                0x0800a228                st_go_idle
 .text.TIM2_IRQHandler
                0x0800a2c4      0x46c src\grbl\stepper.o
                0x0800a2c4                TIM2_IRQHandler
 .text.TIM3_IRQHandler
                0x0800a730       0x70 src\grbl\stepper.o
                0x0800a730                TIM3_IRQHandler
 .text.st_generate_step_dir_invert_masks
                0x0800a7a0       0xa0 src\grbl\stepper.o
                0x0800a7a0                st_generate_step_dir_invert_masks
 .text.st_reset
                0x0800a840       0xe0 src\grbl\stepper.o
                0x0800a840                st_reset
 .text.stepper_init
                0x0800a920       0xec src\grbl\stepper.o
                0x0800a920                stepper_init
 .text.st_update_plan_block_parameters
                0x0800aa0c       0x48 src\grbl\stepper.o
                0x0800aa0c                st_update_plan_block_parameters
 .text.st_next_block_index
                0x0800aa54       0x2e src\grbl\stepper.o
 *fill*         0x0800aa82        0x2 
 .text.st_prep_buffer
                0x0800aa84      0xb6c src\grbl\stepper.o
                0x0800aa84                st_prep_buffer
 .text.st_get_realtime_rate
                0x0800b5f0       0x28 src\grbl\stepper.o
                0x0800b5f0                st_get_realtime_rate
 .text.TIM_Configuration
                0x0800b618       0xe4 src\grbl\stepper.o
                0x0800b618                TIM_Configuration
 .text.system_init
                0x0800b6fc       0xbc src\grbl\system.o
                0x0800b6fc                system_init
 .text.system_control_get_state
                0x0800b7b8       0x74 src\grbl\system.o
                0x0800b7b8                system_control_get_state
 .text.system_check_safety_door_ajar
                0x0800b82c        0xc src\grbl\system.o
                0x0800b82c                system_check_safety_door_ajar
 .text.system_execute_startup
                0x0800b838       0x80 src\grbl\system.o
                0x0800b838                system_execute_startup
 .text.system_execute_line
                0x0800b8b8      0x4dc src\grbl\system.o
                0x0800b8b8                system_execute_line
 .text.system_flag_wco_change
                0x0800bd94       0x18 src\grbl\system.o
                0x0800bd94                system_flag_wco_change
 .text.system_convert_axis_steps_to_mpos
                0x0800bdac       0xa0 src\grbl\system.o
                0x0800bdac                system_convert_axis_steps_to_mpos
 .text.system_convert_array_steps_to_mpos
                0x0800be4c       0x54 src\grbl\system.o
                0x0800be4c                system_convert_array_steps_to_mpos
 .text.system_convert_corexy_to_x_axis_steps
                0x0800bea0       0x24 src\grbl\system.o
                0x0800bea0                system_convert_corexy_to_x_axis_steps
 .text.system_convert_corexy_to_y_axis_steps
                0x0800bec4       0x22 src\grbl\system.o
                0x0800bec4                system_convert_corexy_to_y_axis_steps
 *fill*         0x0800bee6        0x2 
 .text.system_check_travel_limits
                0x0800bee8       0x7c src\grbl\system.o
                0x0800bee8                system_check_travel_limits
 .text.system_set_exec_state_flag
                0x0800bf64       0x30 src\grbl\system.o
                0x0800bf64                system_set_exec_state_flag
 .text.system_clear_exec_state_flag
                0x0800bf94       0x38 src\grbl\system.o
                0x0800bf94                system_clear_exec_state_flag
 .text.system_set_exec_alarm
                0x0800bfcc       0x30 src\grbl\system.o
                0x0800bfcc                system_set_exec_alarm
 .text.system_clear_exec_alarm
                0x0800bffc       0x18 src\grbl\system.o
                0x0800bffc                system_clear_exec_alarm
 .text.system_set_exec_motion_override_flag
                0x0800c014       0x30 src\grbl\system.o
                0x0800c014                system_set_exec_motion_override_flag
 .text.system_set_exec_accessory_override_flag
                0x0800c044       0x30 src\grbl\system.o
                0x0800c044                system_set_exec_accessory_override_flag
 .text.system_clear_exec_motion_overrides
                0x0800c074       0x18 src\grbl\system.o
                0x0800c074                system_clear_exec_motion_overrides
 .text.system_clear_exec_accessory_overrides
                0x0800c08c       0x18 src\grbl\system.o
                0x0800c08c                system_clear_exec_accessory_overrides
 .text.USART1_Configuration
                0x0800c0a4      0x14c src\main.o
                0x0800c0a4                USART1_Configuration
 .text.main     0x0800c1f0      0x100 src\main.o
                0x0800c1f0                main
 .text._delay_ms
                0x0800c2f0       0x50 src\main.o
                0x0800c2f0                _delay_ms
 .text.Reset_Handler
                0x0800c340       0x70 src\startup_stm32f051.o
                0x0800c340                Reset_Handler
 .text.Default_Handler
                0x0800c3b0        0x2 src\startup_stm32f051.o
                0x0800c3b0                TIM1_CC_IRQHandler
                0x0800c3b0                ADC1_COMP_IRQHandler
                0x0800c3b0                PVD_IRQHandler
                0x0800c3b0                I2C1_IRQHandler
                0x0800c3b0                SPI1_IRQHandler
                0x0800c3b0                TIM6_DAC_IRQHandler
                0x0800c3b0                EXTI2_3_IRQHandler
                0x0800c3b0                I2C2_IRQHandler
                0x0800c3b0                TIM17_IRQHandler
                0x0800c3b0                RTC_IRQHandler
                0x0800c3b0                TIM16_IRQHandler
                0x0800c3b0                RCC_IRQHandler
                0x0800c3b0                DMA1_Channel1_IRQHandler
                0x0800c3b0                Default_Handler
                0x0800c3b0                CEC_IRQHandler
                0x0800c3b0                TIM14_IRQHandler
                0x0800c3b0                DMA1_Channel4_5_IRQHandler
                0x0800c3b0                TIM15_IRQHandler
                0x0800c3b0                EXTI0_1_IRQHandler
                0x0800c3b0                SPI2_IRQHandler
                0x0800c3b0                TS_IRQHandler
                0x0800c3b0                WWDG_IRQHandler
                0x0800c3b0                DMA1_Channel2_3_IRQHandler
                0x0800c3b0                USART2_IRQHandler
                0x0800c3b0                FLASH_IRQHandler
                0x0800c3b0                TIM1_BRK_UP_TRG_COM_IRQHandler
 .text.NMI_Handler
                0x0800c3b2        0xa src\stm32f0xx_it.o
                0x0800c3b2                NMI_Handler
 .text.HardFault_Handler
                0x0800c3bc        0x6 src\stm32f0xx_it.o
                0x0800c3bc                HardFault_Handler
 .text.SVC_Handler
                0x0800c3c2        0xa src\stm32f0xx_it.o
                0x0800c3c2                SVC_Handler
 .text.PendSV_Handler
                0x0800c3cc        0xa src\stm32f0xx_it.o
                0x0800c3cc                PendSV_Handler
 .text.SysTick_Handler
                0x0800c3d6        0xa src\stm32f0xx_it.o
                0x0800c3d6                SysTick_Handler
 .text.SystemInit
                0x0800c3e0       0x8c src\system_stm32f0xx.o
                0x0800c3e0                SystemInit
 .text.SetSysClock
                0x0800c46c       0xe0 src\system_stm32f0xx.o
 .text.__libc_init_array
                0x0800c54c       0x48 c:/program files (x86)/atollic/truestudio for arm 8.0.0/armtools/bin/../lib/gcc/arm-atollic-eabi/6.3.1/../../../../arm-atollic-eabi/lib/armv6-m\libc_nano.a(lib_a-init.o)
                0x0800c54c                __libc_init_array
 .text.memcmp   0x0800c594       0x1e c:/program files (x86)/atollic/truestudio for arm 8.0.0/armtools/bin/../lib/gcc/arm-atollic-eabi/6.3.1/../../../../arm-atollic-eabi/lib/armv6-m\libc_nano.a(lib_a-memcmp.o)
                0x0800c594                memcmp
 .text.memcpy   0x0800c5b2       0x12 c:/program files (x86)/atollic/truestudio for arm 8.0.0/armtools/bin/../lib/gcc/arm-atollic-eabi/6.3.1/../../../../arm-atollic-eabi/lib/armv6-m\libc_nano.a(lib_a-memcpy-stub.o)
                0x0800c5b2                memcpy
 .text.memset   0x0800c5c4       0x10 c:/program files (x86)/atollic/truestudio for arm 8.0.0/armtools/bin/../lib/gcc/arm-atollic-eabi/6.3.1/../../../../arm-atollic-eabi/lib/armv6-m\libc_nano.a(lib_a-memset.o)
                0x0800c5c4                memset
 .text.lround   0x0800c5d4       0x9c c:/program files (x86)/atollic/truestudio for arm 8.0.0/armtools/bin/../lib/gcc/arm-atollic-eabi/6.3.1/../../../../arm-atollic-eabi/lib/armv6-m\libm.a(lib_a-s_lround.o)
                0x0800c5d4                lround
 .text.trunc    0x0800c670       0x60 c:/program files (x86)/atollic/truestudio for arm 8.0.0/armtools/bin/../lib/gcc/arm-atollic-eabi/6.3.1/../../../../arm-atollic-eabi/lib/armv6-m\libm.a(lib_a-s_trunc.o)
                0x0800c670                trunc
 .text.ceilf    0x0800c6d0       0x7c c:/program files (x86)/atollic/truestudio for arm 8.0.0/armtools/bin/../lib/gcc/arm-atollic-eabi/6.3.1/../../../../arm-atollic-eabi/lib/armv6-m\libm.a(lib_a-sf_ceil.o)
                0x0800c6d0                ceilf
 .text.cosf     0x0800c74c       0x6c c:/program files (x86)/atollic/truestudio for arm 8.0.0/armtools/bin/../lib/gcc/arm-atollic-eabi/6.3.1/../../../../arm-atollic-eabi/lib/armv6-m\libm.a(lib_a-sf_cos.o)
                0x0800c74c                cosf
 .text.floorf   0x0800c7b8       0x7c c:/program files (x86)/atollic/truestudio for arm 8.0.0/armtools/bin/../lib/gcc/arm-atollic-eabi/6.3.1/../../../../arm-atollic-eabi/lib/armv6-m\libm.a(lib_a-sf_floor.o)
                0x0800c7b8                floorf
 .text.roundf   0x0800c834       0x48 c:/program files (x86)/atollic/truestudio for arm 8.0.0/armtools/bin/../lib/gcc/arm-atollic-eabi/6.3.1/../../../../arm-atollic-eabi/lib/armv6-m\libm.a(lib_a-sf_round.o)
                0x0800c834                roundf
 .text.sinf     0x0800c87c       0x70 c:/program files (x86)/atollic/truestudio for arm 8.0.0/armtools/bin/../lib/gcc/arm-atollic-eabi/6.3.1/../../../../arm-atollic-eabi/lib/armv6-m\libm.a(lib_a-sf_sin.o)
                0x0800c87c                sinf
 .text.atan2f   0x0800c8ec        0x8 c:/program files (x86)/atollic/truestudio for arm 8.0.0/armtools/bin/../lib/gcc/arm-atollic-eabi/6.3.1/../../../../arm-atollic-eabi/lib/armv6-m\libm.a(lib_a-wf_atan2.o)
                0x0800c8ec                atan2f
 .text.sqrtf    0x0800c8f4       0xa0 c:/program files (x86)/atollic/truestudio for arm 8.0.0/armtools/bin/../lib/gcc/arm-atollic-eabi/6.3.1/../../../../arm-atollic-eabi/lib/armv6-m\libm.a(lib_a-wf_sqrt.o)
                0x0800c8f4                sqrtf
 .text.__ieee754_atan2f
                0x0800c994      0x110 c:/program files (x86)/atollic/truestudio for arm 8.0.0/armtools/bin/../lib/gcc/arm-atollic-eabi/6.3.1/../../../../arm-atollic-eabi/lib/armv6-m\libm.a(lib_a-ef_atan2.o)
                0x0800c994                __ieee754_atan2f
 .text.__ieee754_rem_pio2f
                0x0800caa4      0x2c0 c:/program files (x86)/atollic/truestudio for arm 8.0.0/armtools/bin/../lib/gcc/arm-atollic-eabi/6.3.1/../../../../arm-atollic-eabi/lib/armv6-m\libm.a(lib_a-ef_rem_pio2.o)
                0x0800caa4                __ieee754_rem_pio2f
 .text.__ieee754_sqrtf
                0x0800cd64       0xac c:/program files (x86)/atollic/truestudio for arm 8.0.0/armtools/bin/../lib/gcc/arm-atollic-eabi/6.3.1/../../../../arm-atollic-eabi/lib/armv6-m\libm.a(lib_a-ef_sqrt.o)
                0x0800cd64                __ieee754_sqrtf
 .text.__kernel_cosf
                0x0800ce10      0x12c c:/program files (x86)/atollic/truestudio for arm 8.0.0/armtools/bin/../lib/gcc/arm-atollic-eabi/6.3.1/../../../../arm-atollic-eabi/lib/armv6-m\libm.a(lib_a-kf_cos.o)
                0x0800ce10                __kernel_cosf
 .text.__kernel_rem_pio2f
                0x0800cf3c      0x58c c:/program files (x86)/atollic/truestudio for arm 8.0.0/armtools/bin/../lib/gcc/arm-atollic-eabi/6.3.1/../../../../arm-atollic-eabi/lib/armv6-m\libm.a(lib_a-kf_rem_pio2.o)
                0x0800cf3c                __kernel_rem_pio2f
 .text.__kernel_sinf
                0x0800d4c8       0xec c:/program files (x86)/atollic/truestudio for arm 8.0.0/armtools/bin/../lib/gcc/arm-atollic-eabi/6.3.1/../../../../arm-atollic-eabi/lib/armv6-m\libm.a(lib_a-kf_sin.o)
                0x0800d4c8                __kernel_sinf
 .text.matherr  0x0800d5b4        0x4 c:/program files (x86)/atollic/truestudio for arm 8.0.0/armtools/bin/../lib/gcc/arm-atollic-eabi/6.3.1/../../../../arm-atollic-eabi/lib/armv6-m\libm.a(lib_a-s_matherr.o)
                0x0800d5b4                matherr
 .text.atanf    0x0800d5b8      0x230 c:/program files (x86)/atollic/truestudio for arm 8.0.0/armtools/bin/../lib/gcc/arm-atollic-eabi/6.3.1/../../../../arm-atollic-eabi/lib/armv6-m\libm.a(lib_a-sf_atan.o)
                0x0800d5b8                atanf
 .text.fabsf    0x0800d7e8        0x6 c:/program files (x86)/atollic/truestudio for arm 8.0.0/armtools/bin/../lib/gcc/arm-atollic-eabi/6.3.1/../../../../arm-atollic-eabi/lib/armv6-m\libm.a(lib_a-sf_fabs.o)
                0x0800d7e8                fabsf
 *fill*         0x0800d7ee        0x2 
 .text.scalbnf  0x0800d7f0       0xa4 c:/program files (x86)/atollic/truestudio for arm 8.0.0/armtools/bin/../lib/gcc/arm-atollic-eabi/6.3.1/../../../../arm-atollic-eabi/lib/armv6-m\libm.a(lib_a-sf_scalbn.o)
                0x0800d7f0                scalbnf
 .text.copysignf
                0x0800d894        0xc c:/program files (x86)/atollic/truestudio for arm 8.0.0/armtools/bin/../lib/gcc/arm-atollic-eabi/6.3.1/../../../../arm-atollic-eabi/lib/armv6-m\libm.a(lib_a-sf_copysign.o)
                0x0800d894                copysignf
 .text.__errno  0x0800d8a0        0xc c:/program files (x86)/atollic/truestudio for arm 8.0.0/armtools/bin/../lib/gcc/arm-atollic-eabi/6.3.1/../../../../arm-atollic-eabi/lib/armv6-m\libc_nano.a(lib_a-errno.o)
                0x0800d8a0                __errno
 *(.glue_7)
 .glue_7        0x0800d8ac        0x0 linker stubs
 *(.glue_7t)
 .glue_7t       0x0800d8ac        0x0 linker stubs
 *(.eh_frame)
 .eh_frame      0x0800d8ac        0x0 c:/program files (x86)/atollic/truestudio for arm 8.0.0/armtools/bin/../lib/gcc/arm-atollic-eabi/6.3.1/armv6-m/crtbegin.o
 *(.init)
 .init          0x0800d8ac        0x4 c:/program files (x86)/atollic/truestudio for arm 8.0.0/armtools/bin/../lib/gcc/arm-atollic-eabi/6.3.1/armv6-m/crti.o
                0x0800d8ac                _init
 .init          0x0800d8b0        0x8 c:/program files (x86)/atollic/truestudio for arm 8.0.0/armtools/bin/../lib/gcc/arm-atollic-eabi/6.3.1/armv6-m/crtn.o
 *(.fini)
 .fini          0x0800d8b8        0x4 c:/program files (x86)/atollic/truestudio for arm 8.0.0/armtools/bin/../lib/gcc/arm-atollic-eabi/6.3.1/armv6-m/crti.o
                0x0800d8b8                _fini
 .fini          0x0800d8bc        0x8 c:/program files (x86)/atollic/truestudio for arm 8.0.0/armtools/bin/../lib/gcc/arm-atollic-eabi/6.3.1/armv6-m/crtn.o
                0x0800d8c4                . = ALIGN (0x4)
                0x0800d8c4                _etext = .

.vfp11_veneer   0x0800d8c4        0x0
 .vfp11_veneer  0x0800d8c4        0x0 linker stubs

.v4_bx          0x0800d8c4        0x0
 .v4_bx         0x0800d8c4        0x0 linker stubs

.iplt           0x0800d8c4        0x0
 .iplt          0x0800d8c4        0x0 c:/program files (x86)/atollic/truestudio for arm 8.0.0/armtools/bin/../lib/gcc/arm-atollic-eabi/6.3.1/armv6-m/crtbegin.o

.rodata         0x0800d8c4      0xb8c
                0x0800d8c4                . = ALIGN (0x4)
 *(.rodata)
 .rodata        0x0800d8c4      0x220 src\grbl\report.o
 .rodata        0x0800dae4       0x80 c:/program files (x86)/atollic/truestudio for arm 8.0.0/armtools/bin/../lib/gcc/arm-atollic-eabi/6.3.1/armv6-m\libgcc.a(divsf3.o)
 .rodata        0x0800db64       0x40 c:/program files (x86)/atollic/truestudio for arm 8.0.0/armtools/bin/../lib/gcc/arm-atollic-eabi/6.3.1/armv6-m\libgcc.a(mulsf3.o)
 .rodata        0x0800dba4       0x40 c:/program files (x86)/atollic/truestudio for arm 8.0.0/armtools/bin/../lib/gcc/arm-atollic-eabi/6.3.1/armv6-m\libgcc.a(divdf3.o)
 *(.rodata*)
 .rodata.gc_execute_line
                0x0800dbe4      0x260 src\grbl\gcode.o
 .rodata.report_feedback_message
                0x0800de44       0x30 src\grbl\report.o
 .rodata.USART1_IRQHandler
                0x0800de74       0x74 src\grbl\serial.o
 .rodata.settings_store_global_setting
                0x0800dee8       0x84 src\grbl\settings.o
 .rodata.step_pin_mask
                0x0800df6c        0x8 src\grbl\stepper.o
                0x0800df6c                step_pin_mask
 .rodata.direction_pin_mask
                0x0800df74        0x8 src\grbl\stepper.o
                0x0800df74                direction_pin_mask
 .rodata.limit_pin_mask
                0x0800df7c        0x8 src\grbl\stepper.o
                0x0800df7c                limit_pin_mask
 .rodata.A_AXIS_LUT
                0x0800df84       0x10 src\grbl\stepper.o
                0x0800df84                A_AXIS_LUT
 .rodata.system_execute_line
                0x0800df94       0xc4 src\grbl\system.o
 .rodata.sqrtf.str1.1
                0x0800e058        0x6 c:/program files (x86)/atollic/truestudio for arm 8.0.0/armtools/bin/../lib/gcc/arm-atollic-eabi/6.3.1/../../../../arm-atollic-eabi/lib/armv6-m\libm.a(lib_a-wf_sqrt.o)
 *fill*         0x0800e05e        0x2 
 .rodata.npio2_hw
                0x0800e060       0x80 c:/program files (x86)/atollic/truestudio for arm 8.0.0/armtools/bin/../lib/gcc/arm-atollic-eabi/6.3.1/../../../../arm-atollic-eabi/lib/armv6-m\libm.a(lib_a-ef_rem_pio2.o)
 .rodata.two_over_pi
                0x0800e0e0      0x318 c:/program files (x86)/atollic/truestudio for arm 8.0.0/armtools/bin/../lib/gcc/arm-atollic-eabi/6.3.1/../../../../arm-atollic-eabi/lib/armv6-m\libm.a(lib_a-ef_rem_pio2.o)
 .rodata.PIo2   0x0800e3f8       0x2c c:/program files (x86)/atollic/truestudio for arm 8.0.0/armtools/bin/../lib/gcc/arm-atollic-eabi/6.3.1/../../../../arm-atollic-eabi/lib/armv6-m\libm.a(lib_a-kf_rem_pio2.o)
 .rodata.init_jk
                0x0800e424        0xc c:/program files (x86)/atollic/truestudio for arm 8.0.0/armtools/bin/../lib/gcc/arm-atollic-eabi/6.3.1/../../../../arm-atollic-eabi/lib/armv6-m\libm.a(lib_a-kf_rem_pio2.o)
 .rodata.atanhi
                0x0800e430       0x10 c:/program files (x86)/atollic/truestudio for arm 8.0.0/armtools/bin/../lib/gcc/arm-atollic-eabi/6.3.1/../../../../arm-atollic-eabi/lib/armv6-m\libm.a(lib_a-sf_atan.o)
 .rodata.atanlo
                0x0800e440       0x10 c:/program files (x86)/atollic/truestudio for arm 8.0.0/armtools/bin/../lib/gcc/arm-atollic-eabi/6.3.1/../../../../arm-atollic-eabi/lib/armv6-m\libm.a(lib_a-sf_atan.o)
                0x0800e450                . = ALIGN (0x4)

.rel.dyn        0x0800e450        0x0
 .rel.iplt      0x0800e450        0x0 c:/program files (x86)/atollic/truestudio for arm 8.0.0/armtools/bin/../lib/gcc/arm-atollic-eabi/6.3.1/armv6-m/crtbegin.o

.ARM.extab
 *(.ARM.extab* .gnu.linkonce.armextab.*)

.ARM            0x0800e450        0x0
                0x0800e450                __exidx_start = .
 *(.ARM.exidx*)
                0x0800e450                __exidx_end = .

.preinit_array  0x0800e450        0x0
                0x0800e450                PROVIDE (__preinit_array_start, .)
 *(.preinit_array*)
                0x0800e450                PROVIDE (__preinit_array_end, .)

.init_array     0x0800e450        0x4
                0x0800e450                PROVIDE (__init_array_start, .)
 *(SORT(.init_array.*))
 *(.init_array*)
 .init_array    0x0800e450        0x4 c:/program files (x86)/atollic/truestudio for arm 8.0.0/armtools/bin/../lib/gcc/arm-atollic-eabi/6.3.1/armv6-m/crtbegin.o
                0x0800e454                PROVIDE (__init_array_end, .)

.fini_array     0x0800e454        0x4
                [!provide]                PROVIDE (__fini_array_start, .)
 *(SORT(.fini_array.*))
 *(.fini_array*)
 .fini_array    0x0800e454        0x4 c:/program files (x86)/atollic/truestudio for arm 8.0.0/armtools/bin/../lib/gcc/arm-atollic-eabi/6.3.1/armv6-m/crtbegin.o
                [!provide]                PROVIDE (__fini_array_end, .)
                0x0800e458                _sidata = LOADADDR (.data)

.data           0x20000000       0x7c load address 0x0800e458
                0x20000000                . = ALIGN (0x4)
                0x20000000                _sdata = .
 *(.data)
 *(.data*)
 .data.APBAHBPrescTable
                0x20000000       0x10 Drivers\STM32F0xx_StdPeriph_Driver\src\stm32f0xx_rcc.o
 .data.SystemCoreClock
                0x20000010        0x4 src\system_stm32f0xx.o
                0x20000010                SystemCoreClock
 .data._impure_ptr
                0x20000014        0x4 c:/program files (x86)/atollic/truestudio for arm 8.0.0/armtools/bin/../lib/gcc/arm-atollic-eabi/6.3.1/../../../../arm-atollic-eabi/lib/armv6-m\libc_nano.a(lib_a-impure.o)
                0x20000014                _impure_ptr
 .data.impure_data
                0x20000018       0x60 c:/program files (x86)/atollic/truestudio for arm 8.0.0/armtools/bin/../lib/gcc/arm-atollic-eabi/6.3.1/../../../../arm-atollic-eabi/lib/armv6-m\libc_nano.a(lib_a-impure.o)
 .data.__fdlib_version
                0x20000078        0x1 c:/program files (x86)/atollic/truestudio for arm 8.0.0/armtools/bin/../lib/gcc/arm-atollic-eabi/6.3.1/../../../../arm-atollic-eabi/lib/armv6-m\libm.a(lib_a-s_lib_ver.o)
                0x20000078                __fdlib_version
                0x2000007c                . = ALIGN (0x4)
 *fill*         0x20000079        0x3 
                0x2000007c                _edata = .

.igot.plt       0x2000007c        0x0 load address 0x0800e4d4
 .igot.plt      0x2000007c        0x0 c:/program files (x86)/atollic/truestudio for arm 8.0.0/armtools/bin/../lib/gcc/arm-atollic-eabi/6.3.1/armv6-m/crtbegin.o
                0x2000007c                . = ALIGN (0x4)

.bss            0x2000007c      0xb74 load address 0x0800e4d4
                0x2000007c                _sbss = .
                0x2000007c                __bss_start__ = _sbss
 *(.bss)
 .bss           0x2000007c       0x1c c:/program files (x86)/atollic/truestudio for arm 8.0.0/armtools/bin/../lib/gcc/arm-atollic-eabi/6.3.1/armv6-m/crtbegin.o
 *(.bss*)
 .bss.block_buffer
                0x20000098      0x380 src\grbl\planner.o
 .bss.block_buffer_tail
                0x20000418        0x1 src\grbl\planner.o
 .bss.block_buffer_head
                0x20000419        0x1 src\grbl\planner.o
 .bss.next_buffer_head
                0x2000041a        0x1 src\grbl\planner.o
 .bss.block_buffer_planned
                0x2000041b        0x1 src\grbl\planner.o
 .bss.pl        0x2000041c       0x24 src\grbl\planner.o
 .bss.line      0x20000440       0x50 src\grbl\protocol.o
 .bss.serial_rx_buffer_head
                0x20000490        0x1 src\grbl\serial.o
                0x20000490                serial_rx_buffer_head
 .bss.serial_rx_buffer_tail
                0x20000491        0x1 src\grbl\serial.o
                0x20000491                serial_rx_buffer_tail
 .bss.serial_tx_buffer_head
                0x20000492        0x1 src\grbl\serial.o
                0x20000492                serial_tx_buffer_head
 *fill*         0x20000493        0x1 
 .bss.pwm_gradient
                0x20000494        0x4 src\grbl\spindle_control.o
 .bss.lookUpIndex
                0x20000498        0x4 src\grbl\stepper.o
                0x20000498                lookUpIndex
 .bss.st_block_buffer
                0x2000049c       0x78 src\grbl\stepper.o
 .bss.segment_buffer
                0x20000514       0x30 src\grbl\stepper.o
 .bss.st        0x20000544       0x34 src\grbl\stepper.o
 .bss.segment_buffer_tail
                0x20000578        0x1 src\grbl\stepper.o
 .bss.segment_buffer_head
                0x20000579        0x1 src\grbl\stepper.o
 .bss.segment_next_head
                0x2000057a        0x1 src\grbl\stepper.o
 *fill*         0x2000057b        0x1 
 .bss.step_port_invert_mask
                0x2000057c        0x2 src\grbl\stepper.o
 .bss.dir_port_invert_mask
                0x2000057e        0x2 src\grbl\stepper.o
 .bss.busy      0x20000580        0x1 src\grbl\stepper.o
 *fill*         0x20000581        0x3 
 .bss.pl_block  0x20000584        0x4 src\grbl\stepper.o
 .bss.st_prep_block
                0x20000588        0x4 src\grbl\stepper.o
 .bss.prep      0x2000058c       0x38 src\grbl\stepper.o
 *(COMMON)
 COMMON         0x200005c4      0x400 src\grbl\eeprom.o
                0x200005c4                EE_Buffer
 COMMON         0x200009c4       0x94 src\grbl\gcode.o
                0x200009c4                gc_state
                0x20000a14                gc_block
 COMMON         0x20000a58        0x1 src\grbl\probe.o
                0x20000a58                probe_invert_mask
 *fill*         0x20000a59        0x3 
 COMMON         0x20000a5c       0xe8 src\grbl\serial.o
                0x20000a5c                serial_tx_buffer
                0x20000ac4                serial_rx_buffer
 COMMON         0x20000b44       0x6c src\grbl\settings.o
                0x20000b44                settings
 COMMON         0x20000bb0       0x3d src\main.o
                0x20000bb0                sys_rt_exec_motion_override
                0x20000bb4                sys
                0x20000bc8                sys_rt_exec_accessory_override
                0x20000bc9                sys_rt_exec_state
                0x20000bca                sys_probe_state
                0x20000bcc                sys_probe_position
                0x20000bdc                sys_position
                0x20000bec                sys_rt_exec_alarm
                0x20000bf0                . = ALIGN (0x4)
 *fill*         0x20000bed        0x3 
                0x20000bf0                _ebss = .
                0x20000bf0                __bss_end__ = _ebss

._user_heap_stack
                0x20000bf0       0x80 load address 0x0800e4d4
                0x20000bf0                . = ALIGN (0x4)
                0x20000bf0                PROVIDE (end, .)
                [!provide]                PROVIDE (_end, .)
                0x20000bf0                . = (. + _Min_Heap_Size)
                0x20000c70                . = (. + _Min_Stack_Size)
 *fill*         0x20000bf0       0x80 
                0x20000c70                . = ALIGN (0x4)

.memory_b1_text
 *(.mb1text)
 *(.mb1text*)
 *(.mb1rodata)
 *(.mb1rodata*)

/DISCARD/
 libc.a(*)
 libm.a(*)
 libgcc.a(*)

.ARM.attributes
                0x00000000       0x28
 *(.ARM.attributes)
 .ARM.attributes
                0x00000000       0x1e c:/program files (x86)/atollic/truestudio for arm 8.0.0/armtools/bin/../lib/gcc/arm-atollic-eabi/6.3.1/armv6-m/crti.o
 .ARM.attributes
                0x0000001e       0x2c c:/program files (x86)/atollic/truestudio for arm 8.0.0/armtools/bin/../lib/gcc/arm-atollic-eabi/6.3.1/armv6-m/crtbegin.o
 .ARM.attributes
                0x0000004a       0x31 Drivers\STM32F0xx_StdPeriph_Driver\src\stm32f0xx_exti.o
 .ARM.attributes
                0x0000007b       0x31 Drivers\STM32F0xx_StdPeriph_Driver\src\stm32f0xx_gpio.o
 .ARM.attributes
                0x000000ac       0x31 Drivers\STM32F0xx_StdPeriph_Driver\src\stm32f0xx_misc.o
 .ARM.attributes
                0x000000dd       0x31 Drivers\STM32F0xx_StdPeriph_Driver\src\stm32f0xx_rcc.o
 .ARM.attributes
                0x0000010e       0x31 Drivers\STM32F0xx_StdPeriph_Driver\src\stm32f0xx_syscfg.o
 .ARM.attributes
                0x0000013f       0x31 Drivers\STM32F0xx_StdPeriph_Driver\src\stm32f0xx_tim.o
 .ARM.attributes
                0x00000170       0x31 Drivers\STM32F0xx_StdPeriph_Driver\src\stm32f0xx_usart.o
 .ARM.attributes
                0x000001a1       0x31 src\grbl\coolant_control.o
 .ARM.attributes
                0x000001d2       0x31 src\grbl\eeprom.o
 .ARM.attributes
                0x00000203       0x31 src\grbl\gcode.o
 .ARM.attributes
                0x00000234       0x31 src\grbl\jog.o
 .ARM.attributes
                0x00000265       0x31 src\grbl\limits.o
 .ARM.attributes
                0x00000296       0x31 src\grbl\motion_control.o
 .ARM.attributes
                0x000002c7       0x31 src\grbl\nuts_bolts.o
 .ARM.attributes
                0x000002f8       0x31 src\grbl\planner.o
 .ARM.attributes
                0x00000329       0x31 src\grbl\print.o
 .ARM.attributes
                0x0000035a       0x31 src\grbl\probe.o
 .ARM.attributes
                0x0000038b       0x31 src\grbl\protocol.o
 .ARM.attributes
                0x000003bc       0x31 src\grbl\report.o
 .ARM.attributes
                0x000003ed       0x31 src\grbl\serial.o
 .ARM.attributes
                0x0000041e       0x31 src\grbl\settings.o
 .ARM.attributes
                0x0000044f       0x31 src\grbl\spindle_control.o
 .ARM.attributes
                0x00000480       0x31 src\grbl\stepper.o
 .ARM.attributes
                0x000004b1       0x31 src\grbl\system.o
 .ARM.attributes
                0x000004e2       0x31 src\main.o
 .ARM.attributes
                0x00000513       0x21 src\startup_stm32f051.o
 .ARM.attributes
                0x00000534       0x31 src\stm32f0xx_it.o
 .ARM.attributes
                0x00000565       0x31 src\system_stm32f0xx.o
 .ARM.attributes
                0x00000596       0x2c c:/program files (x86)/atollic/truestudio for arm 8.0.0/armtools/bin/../lib/gcc/arm-atollic-eabi/6.3.1/../../../../arm-atollic-eabi/lib/armv6-m\libc_nano.a(lib_a-init.o)
 .ARM.attributes
                0x000005c2       0x2c c:/program files (x86)/atollic/truestudio for arm 8.0.0/armtools/bin/../lib/gcc/arm-atollic-eabi/6.3.1/../../../../arm-atollic-eabi/lib/armv6-m\libc_nano.a(lib_a-memcmp.o)
 .ARM.attributes
                0x000005ee       0x2c c:/program files (x86)/atollic/truestudio for arm 8.0.0/armtools/bin/../lib/gcc/arm-atollic-eabi/6.3.1/../../../../arm-atollic-eabi/lib/armv6-m\libc_nano.a(lib_a-memcpy-stub.o)
 .ARM.attributes
                0x0000061a       0x2c c:/program files (x86)/atollic/truestudio for arm 8.0.0/armtools/bin/../lib/gcc/arm-atollic-eabi/6.3.1/../../../../arm-atollic-eabi/lib/armv6-m\libc_nano.a(lib_a-memset.o)
 .ARM.attributes
                0x00000646       0x2c c:/program files (x86)/atollic/truestudio for arm 8.0.0/armtools/bin/../lib/gcc/arm-atollic-eabi/6.3.1/../../../../arm-atollic-eabi/lib/armv6-m\libc_nano.a(lib_a-impure.o)
 .ARM.attributes
                0x00000672       0x2c c:/program files (x86)/atollic/truestudio for arm 8.0.0/armtools/bin/../lib/gcc/arm-atollic-eabi/6.3.1/../../../../arm-atollic-eabi/lib/armv6-m\libm.a(lib_a-s_lround.o)
 .ARM.attributes
                0x0000069e       0x2c c:/program files (x86)/atollic/truestudio for arm 8.0.0/armtools/bin/../lib/gcc/arm-atollic-eabi/6.3.1/../../../../arm-atollic-eabi/lib/armv6-m\libm.a(lib_a-s_trunc.o)
 .ARM.attributes
                0x000006ca       0x2c c:/program files (x86)/atollic/truestudio for arm 8.0.0/armtools/bin/../lib/gcc/arm-atollic-eabi/6.3.1/../../../../arm-atollic-eabi/lib/armv6-m\libm.a(lib_a-sf_ceil.o)
 .ARM.attributes
                0x000006f6       0x2c c:/program files (x86)/atollic/truestudio for arm 8.0.0/armtools/bin/../lib/gcc/arm-atollic-eabi/6.3.1/../../../../arm-atollic-eabi/lib/armv6-m\libm.a(lib_a-sf_cos.o)
 .ARM.attributes
                0x00000722       0x2c c:/program files (x86)/atollic/truestudio for arm 8.0.0/armtools/bin/../lib/gcc/arm-atollic-eabi/6.3.1/../../../../arm-atollic-eabi/lib/armv6-m\libm.a(lib_a-sf_floor.o)
 .ARM.attributes
                0x0000074e       0x2c c:/program files (x86)/atollic/truestudio for arm 8.0.0/armtools/bin/../lib/gcc/arm-atollic-eabi/6.3.1/../../../../arm-atollic-eabi/lib/armv6-m\libm.a(lib_a-sf_round.o)
 .ARM.attributes
                0x0000077a       0x2c c:/program files (x86)/atollic/truestudio for arm 8.0.0/armtools/bin/../lib/gcc/arm-atollic-eabi/6.3.1/../../../../arm-atollic-eabi/lib/armv6-m\libm.a(lib_a-sf_sin.o)
 .ARM.attributes
                0x000007a6       0x2c c:/program files (x86)/atollic/truestudio for arm 8.0.0/armtools/bin/../lib/gcc/arm-atollic-eabi/6.3.1/../../../../arm-atollic-eabi/lib/armv6-m\libm.a(lib_a-wf_atan2.o)
 .ARM.attributes
                0x000007d2       0x2c c:/program files (x86)/atollic/truestudio for arm 8.0.0/armtools/bin/../lib/gcc/arm-atollic-eabi/6.3.1/../../../../arm-atollic-eabi/lib/armv6-m\libm.a(lib_a-wf_sqrt.o)
 .ARM.attributes
                0x000007fe       0x2c c:/program files (x86)/atollic/truestudio for arm 8.0.0/armtools/bin/../lib/gcc/arm-atollic-eabi/6.3.1/../../../../arm-atollic-eabi/lib/armv6-m\libm.a(lib_a-ef_atan2.o)
 .ARM.attributes
                0x0000082a       0x2c c:/program files (x86)/atollic/truestudio for arm 8.0.0/armtools/bin/../lib/gcc/arm-atollic-eabi/6.3.1/../../../../arm-atollic-eabi/lib/armv6-m\libm.a(lib_a-ef_rem_pio2.o)
 .ARM.attributes
                0x00000856       0x2c c:/program files (x86)/atollic/truestudio for arm 8.0.0/armtools/bin/../lib/gcc/arm-atollic-eabi/6.3.1/../../../../arm-atollic-eabi/lib/armv6-m\libm.a(lib_a-ef_sqrt.o)
 .ARM.attributes
                0x00000882       0x2c c:/program files (x86)/atollic/truestudio for arm 8.0.0/armtools/bin/../lib/gcc/arm-atollic-eabi/6.3.1/../../../../arm-atollic-eabi/lib/armv6-m\libm.a(lib_a-kf_cos.o)
 .ARM.attributes
                0x000008ae       0x2c c:/program files (x86)/atollic/truestudio for arm 8.0.0/armtools/bin/../lib/gcc/arm-atollic-eabi/6.3.1/../../../../arm-atollic-eabi/lib/armv6-m\libm.a(lib_a-kf_rem_pio2.o)
 .ARM.attributes
                0x000008da       0x2c c:/program files (x86)/atollic/truestudio for arm 8.0.0/armtools/bin/../lib/gcc/arm-atollic-eabi/6.3.1/../../../../arm-atollic-eabi/lib/armv6-m\libm.a(lib_a-kf_sin.o)
 .ARM.attributes
                0x00000906       0x2c c:/program files (x86)/atollic/truestudio for arm 8.0.0/armtools/bin/../lib/gcc/arm-atollic-eabi/6.3.1/../../../../arm-atollic-eabi/lib/armv6-m\libm.a(lib_a-s_lib_ver.o)
 .ARM.attributes
                0x00000932       0x2c c:/program files (x86)/atollic/truestudio for arm 8.0.0/armtools/bin/../lib/gcc/arm-atollic-eabi/6.3.1/../../../../arm-atollic-eabi/lib/armv6-m\libm.a(lib_a-s_matherr.o)
 .ARM.attributes
                0x0000095e       0x2c c:/program files (x86)/atollic/truestudio for arm 8.0.0/armtools/bin/../lib/gcc/arm-atollic-eabi/6.3.1/../../../../arm-atollic-eabi/lib/armv6-m\libm.a(lib_a-sf_atan.o)
 .ARM.attributes
                0x0000098a       0x2c c:/program files (x86)/atollic/truestudio for arm 8.0.0/armtools/bin/../lib/gcc/arm-atollic-eabi/6.3.1/../../../../arm-atollic-eabi/lib/armv6-m\libm.a(lib_a-sf_fabs.o)
 .ARM.attributes
                0x000009b6       0x2c c:/program files (x86)/atollic/truestudio for arm 8.0.0/armtools/bin/../lib/gcc/arm-atollic-eabi/6.3.1/../../../../arm-atollic-eabi/lib/armv6-m\libm.a(lib_a-sf_scalbn.o)
 .ARM.attributes
                0x000009e2       0x2c c:/program files (x86)/atollic/truestudio for arm 8.0.0/armtools/bin/../lib/gcc/arm-atollic-eabi/6.3.1/../../../../arm-atollic-eabi/lib/armv6-m\libm.a(lib_a-sf_copysign.o)
 .ARM.attributes
                0x00000a0e       0x2c c:/program files (x86)/atollic/truestudio for arm 8.0.0/armtools/bin/../lib/gcc/arm-atollic-eabi/6.3.1/../../../../arm-atollic-eabi/lib/armv6-m\libc_nano.a(lib_a-errno.o)
 .ARM.attributes
                0x00000a3a       0x1e c:/program files (x86)/atollic/truestudio for arm 8.0.0/armtools/bin/../lib/gcc/arm-atollic-eabi/6.3.1/armv6-m\libgcc.a(_thumb1_case_uqi.o)
 .ARM.attributes
                0x00000a58       0x1e c:/program files (x86)/atollic/truestudio for arm 8.0.0/armtools/bin/../lib/gcc/arm-atollic-eabi/6.3.1/armv6-m\libgcc.a(_udivsi3.o)
 .ARM.attributes
                0x00000a76       0x1e c:/program files (x86)/atollic/truestudio for arm 8.0.0/armtools/bin/../lib/gcc/arm-atollic-eabi/6.3.1/armv6-m\libgcc.a(_dvmd_tls.o)
 .ARM.attributes
                0x00000a94       0x1e c:/program files (x86)/atollic/truestudio for arm 8.0.0/armtools/bin/../lib/gcc/arm-atollic-eabi/6.3.1/armv6-m\libgcc.a(_arm_cmpdf2.o)
 .ARM.attributes
                0x00000ab2       0x1e c:/program files (x86)/atollic/truestudio for arm 8.0.0/armtools/bin/../lib/gcc/arm-atollic-eabi/6.3.1/armv6-m\libgcc.a(_arm_cmpsf2.o)
 .ARM.attributes
                0x00000ad0       0x2c c:/program files (x86)/atollic/truestudio for arm 8.0.0/armtools/bin/../lib/gcc/arm-atollic-eabi/6.3.1/armv6-m\libgcc.a(_fixunssfsi.o)
 .ARM.attributes
                0x00000afc       0x2c c:/program files (x86)/atollic/truestudio for arm 8.0.0/armtools/bin/../lib/gcc/arm-atollic-eabi/6.3.1/armv6-m\libgcc.a(_fixunsdfsi.o)
 .ARM.attributes
                0x00000b28       0x2c c:/program files (x86)/atollic/truestudio for arm 8.0.0/armtools/bin/../lib/gcc/arm-atollic-eabi/6.3.1/armv6-m\libgcc.a(addsf3.o)
 .ARM.attributes
                0x00000b54       0x2c c:/program files (x86)/atollic/truestudio for arm 8.0.0/armtools/bin/../lib/gcc/arm-atollic-eabi/6.3.1/armv6-m\libgcc.a(divsf3.o)
 .ARM.attributes
                0x00000b80       0x2c c:/program files (x86)/atollic/truestudio for arm 8.0.0/armtools/bin/../lib/gcc/arm-atollic-eabi/6.3.1/armv6-m\libgcc.a(eqsf2.o)
 .ARM.attributes
                0x00000bac       0x2c c:/program files (x86)/atollic/truestudio for arm 8.0.0/armtools/bin/../lib/gcc/arm-atollic-eabi/6.3.1/armv6-m\libgcc.a(gesf2.o)
 .ARM.attributes
                0x00000bd8       0x2c c:/program files (x86)/atollic/truestudio for arm 8.0.0/armtools/bin/../lib/gcc/arm-atollic-eabi/6.3.1/armv6-m\libgcc.a(lesf2.o)
 .ARM.attributes
                0x00000c04       0x2c c:/program files (x86)/atollic/truestudio for arm 8.0.0/armtools/bin/../lib/gcc/arm-atollic-eabi/6.3.1/armv6-m\libgcc.a(mulsf3.o)
 .ARM.attributes
                0x00000c30       0x2c c:/program files (x86)/atollic/truestudio for arm 8.0.0/armtools/bin/../lib/gcc/arm-atollic-eabi/6.3.1/armv6-m\libgcc.a(subsf3.o)
 .ARM.attributes
                0x00000c5c       0x2c c:/program files (x86)/atollic/truestudio for arm 8.0.0/armtools/bin/../lib/gcc/arm-atollic-eabi/6.3.1/armv6-m\libgcc.a(unordsf2.o)
 .ARM.attributes
                0x00000c88       0x2c c:/program files (x86)/atollic/truestudio for arm 8.0.0/armtools/bin/../lib/gcc/arm-atollic-eabi/6.3.1/armv6-m\libgcc.a(fixsfsi.o)
 .ARM.attributes
                0x00000cb4       0x2c c:/program files (x86)/atollic/truestudio for arm 8.0.0/armtools/bin/../lib/gcc/arm-atollic-eabi/6.3.1/armv6-m\libgcc.a(floatsisf.o)
 .ARM.attributes
                0x00000ce0       0x2c c:/program files (x86)/atollic/truestudio for arm 8.0.0/armtools/bin/../lib/gcc/arm-atollic-eabi/6.3.1/armv6-m\libgcc.a(floatunsisf.o)
 .ARM.attributes
                0x00000d0c       0x2c c:/program files (x86)/atollic/truestudio for arm 8.0.0/armtools/bin/../lib/gcc/arm-atollic-eabi/6.3.1/armv6-m\libgcc.a(adddf3.o)
 .ARM.attributes
                0x00000d38       0x2c c:/program files (x86)/atollic/truestudio for arm 8.0.0/armtools/bin/../lib/gcc/arm-atollic-eabi/6.3.1/armv6-m\libgcc.a(divdf3.o)
 .ARM.attributes
                0x00000d64       0x2c c:/program files (x86)/atollic/truestudio for arm 8.0.0/armtools/bin/../lib/gcc/arm-atollic-eabi/6.3.1/armv6-m\libgcc.a(eqdf2.o)
 .ARM.attributes
                0x00000d90       0x2c c:/program files (x86)/atollic/truestudio for arm 8.0.0/armtools/bin/../lib/gcc/arm-atollic-eabi/6.3.1/armv6-m\libgcc.a(gedf2.o)
 .ARM.attributes
                0x00000dbc       0x2c c:/program files (x86)/atollic/truestudio for arm 8.0.0/armtools/bin/../lib/gcc/arm-atollic-eabi/6.3.1/armv6-m\libgcc.a(ledf2.o)
 .ARM.attributes
                0x00000de8       0x2c c:/program files (x86)/atollic/truestudio for arm 8.0.0/armtools/bin/../lib/gcc/arm-atollic-eabi/6.3.1/armv6-m\libgcc.a(subdf3.o)
 .ARM.attributes
                0x00000e14       0x2c c:/program files (x86)/atollic/truestudio for arm 8.0.0/armtools/bin/../lib/gcc/arm-atollic-eabi/6.3.1/armv6-m\libgcc.a(fixdfsi.o)
 .ARM.attributes
                0x00000e40       0x2c c:/program files (x86)/atollic/truestudio for arm 8.0.0/armtools/bin/../lib/gcc/arm-atollic-eabi/6.3.1/armv6-m\libgcc.a(extendsfdf2.o)
 .ARM.attributes
                0x00000e6c       0x2c c:/program files (x86)/atollic/truestudio for arm 8.0.0/armtools/bin/../lib/gcc/arm-atollic-eabi/6.3.1/armv6-m\libgcc.a(truncdfsf2.o)
 .ARM.attributes
                0x00000e98       0x1e c:/program files (x86)/atollic/truestudio for arm 8.0.0/armtools/bin/../lib/gcc/arm-atollic-eabi/6.3.1/armv6-m\libgcc.a(_clzsi2.o)
 .ARM.attributes
                0x00000eb6       0x1e c:/program files (x86)/atollic/truestudio for arm 8.0.0/armtools/bin/../lib/gcc/arm-atollic-eabi/6.3.1/armv6-m/crtn.o
OUTPUT(grbl.elf elf32-littlearm)

.debug_info     0x00000000    0x17c04
 .debug_info    0x00000000      0x330 Drivers\STM32F0xx_StdPeriph_Driver\src\stm32f0xx_exti.o
 .debug_info    0x00000330      0x5f6 Drivers\STM32F0xx_StdPeriph_Driver\src\stm32f0xx_gpio.o
 .debug_info    0x00000926      0x372 Drivers\STM32F0xx_StdPeriph_Driver\src\stm32f0xx_misc.o
 .debug_info    0x00000c98      0xa4d Drivers\STM32F0xx_StdPeriph_Driver\src\stm32f0xx_rcc.o
 .debug_info    0x000016e5      0x354 Drivers\STM32F0xx_StdPeriph_Driver\src\stm32f0xx_syscfg.o
 .debug_info    0x00001a39     0x1c82 Drivers\STM32F0xx_StdPeriph_Driver\src\stm32f0xx_tim.o
 .debug_info    0x000036bb      0xe6b Drivers\STM32F0xx_StdPeriph_Driver\src\stm32f0xx_usart.o
 .debug_info    0x00004526      0xd6a src\grbl\coolant_control.o
 .debug_info    0x00005290      0xe09 src\grbl\eeprom.o
 .debug_info    0x00006099      0xff9 src\grbl\gcode.o
 .debug_info    0x00007092      0xe0c src\grbl\jog.o
 .debug_info    0x00007e9e     0x1498 src\grbl\limits.o
 .debug_info    0x00009336      0xf98 src\grbl\motion_control.o
 .debug_info    0x0000a2ce      0xeee src\grbl\nuts_bolts.o
 .debug_info    0x0000b1bc     0x120d src\grbl\planner.o
 .debug_info    0x0000c3c9      0xeb8 src\grbl\print.o
 .debug_info    0x0000d281      0xf50 src\grbl\probe.o
 .debug_info    0x0000e1d1      0xee6 src\grbl\protocol.o
 .debug_info    0x0000f0b7     0x1073 src\grbl\report.o
 .debug_info    0x0001012a      0xfa3 src\grbl\serial.o
 .debug_info    0x000110cd      0xf36 src\grbl\settings.o
 .debug_info    0x00012003     0x12e7 src\grbl\spindle_control.o
 .debug_info    0x000132ea     0x1b94 src\grbl\stepper.o
 .debug_info    0x00014e7e     0x164b src\grbl\system.o
 .debug_info    0x000164c9     0x12eb src\main.o
 .debug_info    0x000177b4       0x5f src\startup_stm32f051.o
 .debug_info    0x00017813       0xe9 src\stm32f0xx_it.o
 .debug_info    0x000178fc      0x308 src\system_stm32f0xx.o

.debug_abbrev   0x00000000     0x3a77
 .debug_abbrev  0x00000000      0x1ab Drivers\STM32F0xx_StdPeriph_Driver\src\stm32f0xx_exti.o
 .debug_abbrev  0x000001ab      0x198 Drivers\STM32F0xx_StdPeriph_Driver\src\stm32f0xx_gpio.o
 .debug_abbrev  0x00000343      0x140 Drivers\STM32F0xx_StdPeriph_Driver\src\stm32f0xx_misc.o
 .debug_abbrev  0x00000483      0x201 Drivers\STM32F0xx_StdPeriph_Driver\src\stm32f0xx_rcc.o
 .debug_abbrev  0x00000684      0x15e Drivers\STM32F0xx_StdPeriph_Driver\src\stm32f0xx_syscfg.o
 .debug_abbrev  0x000007e2      0x189 Drivers\STM32F0xx_StdPeriph_Driver\src\stm32f0xx_tim.o
 .debug_abbrev  0x0000096b      0x171 Drivers\STM32F0xx_StdPeriph_Driver\src\stm32f0xx_usart.o
 .debug_abbrev  0x00000adc      0x212 src\grbl\coolant_control.o
 .debug_abbrev  0x00000cee      0x245 src\grbl\eeprom.o
 .debug_abbrev  0x00000f33      0x23b src\grbl\gcode.o
 .debug_abbrev  0x0000116e      0x1bf src\grbl\jog.o
 .debug_abbrev  0x0000132d      0x30b src\grbl\limits.o
 .debug_abbrev  0x00001638      0x24a src\grbl\motion_control.o
 .debug_abbrev  0x00001882      0x206 src\grbl\nuts_bolts.o
 .debug_abbrev  0x00001a88      0x33c src\grbl\planner.o
 .debug_abbrev  0x00001dc4      0x20b src\grbl\print.o
 .debug_abbrev  0x00001fcf      0x24c src\grbl\probe.o
 .debug_abbrev  0x0000221b      0x22f src\grbl\protocol.o
 .debug_abbrev  0x0000244a      0x2e9 src\grbl\report.o
 .debug_abbrev  0x00002733      0x2a3 src\grbl\serial.o
 .debug_abbrev  0x000029d6      0x285 src\grbl\settings.o
 .debug_abbrev  0x00002c5b      0x2af src\grbl\spindle_control.o
 .debug_abbrev  0x00002f0a      0x37a src\grbl\stepper.o
 .debug_abbrev  0x00003284      0x3a1 src\grbl\system.o
 .debug_abbrev  0x00003625      0x28a src\main.o
 .debug_abbrev  0x000038af       0x12 src\startup_stm32f051.o
 .debug_abbrev  0x000038c1       0x60 src\stm32f0xx_it.o
 .debug_abbrev  0x00003921      0x156 src\system_stm32f0xx.o

.debug_aranges  0x00000000      0xe98
 .debug_aranges
                0x00000000       0x58 Drivers\STM32F0xx_StdPeriph_Driver\src\stm32f0xx_exti.o
 .debug_aranges
                0x00000058       0x80 Drivers\STM32F0xx_StdPeriph_Driver\src\stm32f0xx_gpio.o
 .debug_aranges
                0x000000d8       0x30 Drivers\STM32F0xx_StdPeriph_Driver\src\stm32f0xx_misc.o
 .debug_aranges
                0x00000108      0x160 Drivers\STM32F0xx_StdPeriph_Driver\src\stm32f0xx_rcc.o
 .debug_aranges
                0x00000268       0x68 Drivers\STM32F0xx_StdPeriph_Driver\src\stm32f0xx_syscfg.o
 .debug_aranges
                0x000002d0      0x300 Drivers\STM32F0xx_StdPeriph_Driver\src\stm32f0xx_tim.o
 .debug_aranges
                0x000005d0      0x1a0 Drivers\STM32F0xx_StdPeriph_Driver\src\stm32f0xx_usart.o
 .debug_aranges
                0x00000770       0x40 src\grbl\coolant_control.o
 .debug_aranges
                0x000007b0       0x38 src\grbl\eeprom.o
 .debug_aranges
                0x000007e8       0x30 src\grbl\gcode.o
 .debug_aranges
                0x00000818       0x20 src\grbl\jog.o
 .debug_aranges
                0x00000838       0x58 src\grbl\limits.o
 .debug_aranges
                0x00000890       0x48 src\grbl\motion_control.o
 .debug_aranges
                0x000008d8       0x48 src\grbl\nuts_bolts.o
 .debug_aranges
                0x00000920       0xa8 src\grbl\planner.o
 .debug_aranges
                0x000009c8       0x58 src\grbl\print.o
 .debug_aranges
                0x00000a20       0x38 src\grbl\probe.o
 .debug_aranges
                0x00000a58       0x48 src\grbl\protocol.o
 .debug_aranges
                0x00000aa0       0xc8 src\grbl\report.o
 .debug_aranges
                0x00000b68       0x58 src\grbl\serial.o
 .debug_aranges
                0x00000bc0       0x70 src\grbl\settings.o
 .debug_aranges
                0x00000c30       0x50 src\grbl\spindle_control.o
 .debug_aranges
                0x00000c80       0x88 src\grbl\stepper.o
 .debug_aranges
                0x00000d08       0xc0 src\grbl\system.o
 .debug_aranges
                0x00000dc8       0x38 src\main.o
 .debug_aranges
                0x00000e00       0x28 src\startup_stm32f051.o
 .debug_aranges
                0x00000e28       0x40 src\stm32f0xx_it.o
 .debug_aranges
                0x00000e68       0x30 src\system_stm32f0xx.o

.debug_ranges   0x00000000      0xd48
 .debug_ranges  0x00000000       0x48 Drivers\STM32F0xx_StdPeriph_Driver\src\stm32f0xx_exti.o
 .debug_ranges  0x00000048       0x70 Drivers\STM32F0xx_StdPeriph_Driver\src\stm32f0xx_gpio.o
 .debug_ranges  0x000000b8       0x20 Drivers\STM32F0xx_StdPeriph_Driver\src\stm32f0xx_misc.o
 .debug_ranges  0x000000d8      0x150 Drivers\STM32F0xx_StdPeriph_Driver\src\stm32f0xx_rcc.o
 .debug_ranges  0x00000228       0x58 Drivers\STM32F0xx_StdPeriph_Driver\src\stm32f0xx_syscfg.o
 .debug_ranges  0x00000280      0x2f0 Drivers\STM32F0xx_StdPeriph_Driver\src\stm32f0xx_tim.o
 .debug_ranges  0x00000570      0x190 Drivers\STM32F0xx_StdPeriph_Driver\src\stm32f0xx_usart.o
 .debug_ranges  0x00000700       0x30 src\grbl\coolant_control.o
 .debug_ranges  0x00000730       0x28 src\grbl\eeprom.o
 .debug_ranges  0x00000758       0x40 src\grbl\gcode.o
 .debug_ranges  0x00000798       0x10 src\grbl\jog.o
 .debug_ranges  0x000007a8       0x48 src\grbl\limits.o
 .debug_ranges  0x000007f0       0x50 src\grbl\motion_control.o
 .debug_ranges  0x00000840       0x38 src\grbl\nuts_bolts.o
 .debug_ranges  0x00000878       0x98 src\grbl\planner.o
 .debug_ranges  0x00000910       0x48 src\grbl\print.o
 .debug_ranges  0x00000958       0x28 src\grbl\probe.o
 .debug_ranges  0x00000980       0x38 src\grbl\protocol.o
 .debug_ranges  0x000009b8       0xb8 src\grbl\report.o
 .debug_ranges  0x00000a70       0x48 src\grbl\serial.o
 .debug_ranges  0x00000ab8       0x60 src\grbl\settings.o
 .debug_ranges  0x00000b18       0x40 src\grbl\spindle_control.o
 .debug_ranges  0x00000b58       0xa8 src\grbl\stepper.o
 .debug_ranges  0x00000c00       0xb0 src\grbl\system.o
 .debug_ranges  0x00000cb0       0x28 src\main.o
 .debug_ranges  0x00000cd8       0x20 src\startup_stm32f051.o
 .debug_ranges  0x00000cf8       0x30 src\stm32f0xx_it.o
 .debug_ranges  0x00000d28       0x20 src\system_stm32f0xx.o

.debug_line     0x00000000     0x77ee
 .debug_line    0x00000000      0x283 Drivers\STM32F0xx_StdPeriph_Driver\src\stm32f0xx_exti.o
 .debug_line    0x00000283      0x321 Drivers\STM32F0xx_StdPeriph_Driver\src\stm32f0xx_gpio.o
 .debug_line    0x000005a4      0x237 Drivers\STM32F0xx_StdPeriph_Driver\src\stm32f0xx_misc.o
 .debug_line    0x000007db      0x57f Drivers\STM32F0xx_StdPeriph_Driver\src\stm32f0xx_rcc.o
 .debug_line    0x00000d5a      0x25d Drivers\STM32F0xx_StdPeriph_Driver\src\stm32f0xx_syscfg.o
 .debug_line    0x00000fb7      0xa90 Drivers\STM32F0xx_StdPeriph_Driver\src\stm32f0xx_tim.o
 .debug_line    0x00001a47      0x639 Drivers\STM32F0xx_StdPeriph_Driver\src\stm32f0xx_usart.o
 .debug_line    0x00002080      0x304 src\grbl\coolant_control.o
 .debug_line    0x00002384      0x339 src\grbl\eeprom.o
 .debug_line    0x000026bd      0x786 src\grbl\gcode.o
 .debug_line    0x00002e43      0x2bc src\grbl\jog.o
 .debug_line    0x000030ff      0x52d src\grbl\limits.o
 .debug_line    0x0000362c      0x3ff src\grbl\motion_control.o
 .debug_line    0x00003a2b      0x3b3 src\grbl\nuts_bolts.o
 .debug_line    0x00003dde      0x584 src\grbl\planner.o
 .debug_line    0x00004362      0x3b6 src\grbl\print.o
 .debug_line    0x00004718      0x340 src\grbl\probe.o
 .debug_line    0x00004a58      0x53c src\grbl\protocol.o
 .debug_line    0x00004f94      0x5de src\grbl\report.o
 .debug_line    0x00005572      0x394 src\grbl\serial.o
 .debug_line    0x00005906      0x467 src\grbl\settings.o
 .debug_line    0x00005d6d      0x3e2 src\grbl\spindle_control.o
 .debug_line    0x0000614f      0x6c4 src\grbl\stepper.o
 .debug_line    0x00006813      0x76b src\grbl\system.o
 .debug_line    0x00006f7e      0x43e src\main.o
 .debug_line    0x000073bc       0x8e src\startup_stm32f051.o
 .debug_line    0x0000744a      0x1b2 src\stm32f0xx_it.o
 .debug_line    0x000075fc      0x1f2 src\system_stm32f0xx.o

.debug_str      0x00000000     0x4481
 .debug_str     0x00000000      0x31f Drivers\STM32F0xx_StdPeriph_Driver\src\stm32f0xx_exti.o
                                0x376 (size before relaxing)
 .debug_str     0x0000031f      0x32e Drivers\STM32F0xx_StdPeriph_Driver\src\stm32f0xx_gpio.o
                                0x4d3 (size before relaxing)
 .debug_str     0x0000064d      0x16f Drivers\STM32F0xx_StdPeriph_Driver\src\stm32f0xx_misc.o
                                0x33d (size before relaxing)
 .debug_str     0x000007bc      0x5bd Drivers\STM32F0xx_StdPeriph_Driver\src\stm32f0xx_rcc.o
                                0x7d5 (size before relaxing)
 .debug_str     0x00000d79      0x1e5 Drivers\STM32F0xx_StdPeriph_Driver\src\stm32f0xx_syscfg.o
                                0x3bf (size before relaxing)
 .debug_str     0x00000f5e      0xbb9 Drivers\STM32F0xx_StdPeriph_Driver\src\stm32f0xx_tim.o
                                0xe25 (size before relaxing)
 .debug_str     0x00001b17      0x6e6 Drivers\STM32F0xx_StdPeriph_Driver\src\stm32f0xx_usart.o
                                0x9d3 (size before relaxing)
 .debug_str     0x000021fd      0x7ba src\grbl\coolant_control.o
                                0xa4f (size before relaxing)
 .debug_str     0x000029b7       0x9a src\grbl\eeprom.o
                                0xa8c (size before relaxing)
 .debug_str     0x00002a51      0x169 src\grbl\gcode.o
                                0xb64 (size before relaxing)
 .debug_str     0x00002bba       0x1e src\grbl\jog.o
                                0xa56 (size before relaxing)
 .debug_str     0x00002bd8      0x318 src\grbl\limits.o
                               0x103a (size before relaxing)
 .debug_str     0x00002ef0      0x11a src\grbl\motion_control.o
                                0xb73 (size before relaxing)
 .debug_str     0x0000300a       0xce src\grbl\nuts_bolts.o
                                0xafb (size before relaxing)
 .debug_str     0x000030d8      0x363 src\grbl\planner.o
                                0xdb6 (size before relaxing)
 .debug_str     0x0000343b       0xd2 src\grbl\print.o
                                0xaaa (size before relaxing)
 .debug_str     0x0000350d       0x71 src\grbl\probe.o
                                0xc14 (size before relaxing)
 .debug_str     0x0000357e      0x11a src\grbl\protocol.o
                                0xbb1 (size before relaxing)
 .debug_str     0x00003698      0x2ae src\grbl\report.o
                                0xc9f (size before relaxing)
 .debug_str     0x00003946      0x140 src\grbl\serial.o
                                0xb76 (size before relaxing)
 .debug_str     0x00003a86      0x133 src\grbl\settings.o
                                0xb40 (size before relaxing)
 .debug_str     0x00003bb9       0xc7 src\grbl\spindle_control.o
                                0xe22 (size before relaxing)
 .debug_str     0x00003c80      0x454 src\grbl\stepper.o
                               0x14d7 (size before relaxing)
 .debug_str     0x000040d4      0x289 src\grbl\system.o
                               0x11b5 (size before relaxing)
 .debug_str     0x0000435d       0x63 src\main.o
                                0xf00 (size before relaxing)
 .debug_str     0x000043c0       0x5f src\stm32f0xx_it.o
                                0x1d4 (size before relaxing)
 .debug_str     0x0000441f       0x62 src\system_stm32f0xx.o
                                0x2ab (size before relaxing)

.comment        0x00000000       0x7c
 .comment       0x00000000       0x7c Drivers\STM32F0xx_StdPeriph_Driver\src\stm32f0xx_exti.o
                                 0x7d (size before relaxing)
 .comment       0x0000007c       0x7d Drivers\STM32F0xx_StdPeriph_Driver\src\stm32f0xx_gpio.o
 .comment       0x0000007c       0x7d Drivers\STM32F0xx_StdPeriph_Driver\src\stm32f0xx_misc.o
 .comment       0x0000007c       0x7d Drivers\STM32F0xx_StdPeriph_Driver\src\stm32f0xx_rcc.o
 .comment       0x0000007c       0x7d Drivers\STM32F0xx_StdPeriph_Driver\src\stm32f0xx_syscfg.o
 .comment       0x0000007c       0x7d Drivers\STM32F0xx_StdPeriph_Driver\src\stm32f0xx_tim.o
 .comment       0x0000007c       0x7d Drivers\STM32F0xx_StdPeriph_Driver\src\stm32f0xx_usart.o
 .comment       0x0000007c       0x7d src\grbl\coolant_control.o
 .comment       0x0000007c       0x7d src\grbl\eeprom.o
 .comment       0x0000007c       0x7d src\grbl\gcode.o
 .comment       0x0000007c       0x7d src\grbl\jog.o
 .comment       0x0000007c       0x7d src\grbl\limits.o
 .comment       0x0000007c       0x7d src\grbl\motion_control.o
 .comment       0x0000007c       0x7d src\grbl\nuts_bolts.o
 .comment       0x0000007c       0x7d src\grbl\planner.o
 .comment       0x0000007c       0x7d src\grbl\print.o
 .comment       0x0000007c       0x7d src\grbl\probe.o
 .comment       0x0000007c       0x7d src\grbl\protocol.o
 .comment       0x0000007c       0x7d src\grbl\report.o
 .comment       0x0000007c       0x7d src\grbl\serial.o
 .comment       0x0000007c       0x7d src\grbl\settings.o
 .comment       0x0000007c       0x7d src\grbl\spindle_control.o
 .comment       0x0000007c       0x7d src\grbl\stepper.o
 .comment       0x0000007c       0x7d src\grbl\system.o
 .comment       0x0000007c       0x7d src\main.o
 .comment       0x0000007c       0x7d src\stm32f0xx_it.o
 .comment       0x0000007c       0x7d src\system_stm32f0xx.o

.debug_frame    0x00000000     0x3928
 .debug_frame   0x00000000      0x10c Drivers\STM32F0xx_StdPeriph_Driver\src\stm32f0xx_exti.o
 .debug_frame   0x0000010c      0x1b0 Drivers\STM32F0xx_StdPeriph_Driver\src\stm32f0xx_gpio.o
 .debug_frame   0x000002bc       0x70 Drivers\STM32F0xx_StdPeriph_Driver\src\stm32f0xx_misc.o
 .debug_frame   0x0000032c      0x524 Drivers\STM32F0xx_StdPeriph_Driver\src\stm32f0xx_rcc.o
 .debug_frame   0x00000850      0x150 Drivers\STM32F0xx_StdPeriph_Driver\src\stm32f0xx_syscfg.o
 .debug_frame   0x000009a0      0xbb0 Drivers\STM32F0xx_StdPeriph_Driver\src\stm32f0xx_tim.o
 .debug_frame   0x00001550      0x630 Drivers\STM32F0xx_StdPeriph_Driver\src\stm32f0xx_usart.o
 .debug_frame   0x00001b80       0xa8 src\grbl\coolant_control.o
 .debug_frame   0x00001c28       0x90 src\grbl\eeprom.o
 .debug_frame   0x00001cb8       0x6c src\grbl\gcode.o
 .debug_frame   0x00001d24       0x30 src\grbl\jog.o
 .debug_frame   0x00001d54      0x108 src\grbl\limits.o
 .debug_frame   0x00001e5c       0xd0 src\grbl\motion_control.o
 .debug_frame   0x00001f2c       0xd0 src\grbl\nuts_bolts.o
 .debug_frame   0x00001ffc      0x230 src\grbl\planner.o
 .debug_frame   0x0000222c      0x114 src\grbl\print.o
 .debug_frame   0x00002340       0x8c src\grbl\probe.o
 .debug_frame   0x000023cc       0xc4 src\grbl\protocol.o
 .debug_frame   0x00002490      0x2b4 src\grbl\report.o
 .debug_frame   0x00002744      0x108 src\grbl\serial.o
 .debug_frame   0x0000284c      0x168 src\grbl\settings.o
 .debug_frame   0x000029b4       0xec src\grbl\spindle_control.o
 .debug_frame   0x00002aa0      0x1c4 src\grbl\stepper.o
 .debug_frame   0x00002c64      0x29c src\grbl\system.o
 .debug_frame   0x00002f00       0x8c src\main.o
 .debug_frame   0x00002f8c       0x9c src\stm32f0xx_it.o
 .debug_frame   0x00003028       0x6c src\system_stm32f0xx.o
 .debug_frame   0x00003094       0x2c c:/program files (x86)/atollic/truestudio for arm 8.0.0/armtools/bin/../lib/gcc/arm-atollic-eabi/6.3.1/../../../../arm-atollic-eabi/lib/armv6-m\libc_nano.a(lib_a-init.o)
 .debug_frame   0x000030c0       0x2c c:/program files (x86)/atollic/truestudio for arm 8.0.0/armtools/bin/../lib/gcc/arm-atollic-eabi/6.3.1/../../../../arm-atollic-eabi/lib/armv6-m\libc_nano.a(lib_a-memcmp.o)
 .debug_frame   0x000030ec       0x28 c:/program files (x86)/atollic/truestudio for arm 8.0.0/armtools/bin/../lib/gcc/arm-atollic-eabi/6.3.1/../../../../arm-atollic-eabi/lib/armv6-m\libc_nano.a(lib_a-memcpy-stub.o)
 .debug_frame   0x00003114       0x20 c:/program files (x86)/atollic/truestudio for arm 8.0.0/armtools/bin/../lib/gcc/arm-atollic-eabi/6.3.1/../../../../arm-atollic-eabi/lib/armv6-m\libc_nano.a(lib_a-memset.o)
 .debug_frame   0x00003134       0x34 c:/program files (x86)/atollic/truestudio for arm 8.0.0/armtools/bin/../lib/gcc/arm-atollic-eabi/6.3.1/../../../../arm-atollic-eabi/lib/armv6-m\libm.a(lib_a-s_lround.o)