stm32f0xx_dac.c:149:6:DAC_DeInit	8	static
stm32f0xx_dac.c:167:6:DAC_Init	24	static
stm32f0xx_dac.c:201:6:DAC_StructInit	16	static
stm32f0xx_dac.c:220:6:DAC_Cmd	16	static
stm32f0xx_dac.c:247:6:DAC_SoftwareTriggerCmd	16	static
stm32f0xx_dac.c:275:6:DAC_SetChannel1Data	24	static
stm32f0xx_dac.c:297:10:DAC_GetDataOutputValue	24	static
stm32f0xx_dac.c:339:6:DAC_DMACmd	16	static
stm32f0xx_dac.c:387:6:DAC_ITConfig	24	static
stm32f0xx_dac.c:418:12:DAC_GetFlagStatus	24	static
stm32f0xx_dac.c:451:6:DAC_ClearFlag	16	static
stm32f0xx_dac.c:473:10:DAC_GetITStatus	24	static
stm32f0xx_dac.c:510:6:DAC_ClearITPendingBit	16	static
