settings.c:28:6:settings_store_startup_line	24	static
settings.c:40:6:settings_store_build_info	16	static
settings.c:48:6:settings_write_coord_data	24	static
settings.c:60:6:write_global_settings	8	static
settings.c:68:6:settings_restore	32	static
settings.c:139:9:settings_read_startup_line	24	static
settings.c:153:9:settings_read_build_info	16	static
settings.c:166:9:settings_read_coord_data	24	static
settings.c:180:9:read_global_settings	24	static
settings.c:196:9:settings_store_global_setting	32	static
settings.c:310:6:settings_init	8	static
