core_cm0.h:515:22:NVIC_EnableIRQ	16	static
core_cm0.h:527:22:NVIC_DisableIRQ	16	static
stepper.c:275:6:st_wake_up	16	static
stepper.c:346:6:st_go_idle	16	static
stepper.c:437:6:TIM2_IRQHandler	16	static
stepper.c:705:6:TIM3_IRQHandler	8	static
stepper.c:755:6:st_generate_step_dir_invert_masks	16	static
stepper.c:768:6:st_reset	8	static
stepper.c:841:6:stepper_init	16	static
stepper.c:928:6:st_update_plan_block_parameters	16	static
stepper.c:939:16:st_next_block_index	16	static
stepper.c:998:6:st_prep_buffer	104	static
stepper.c:1411:7:st_get_realtime_rate	8	static
stepper.c:1446:6:TIM_Configuration	48	static
