core_cm0.h:515:22:NVIC_EnableIRQ	16	static
core_cm0.h:527:22:NVIC_DisableIRQ	16	static
stepper.c:275:6:st_wake_up	16	static
stepper.c:346:6:st_go_idle	16	static
stepper.c:437:6:TIM2_IRQHandler	16	static
stepper.c:699:6:TIM3_IRQHandler	8	static
stepper.c:749:6:st_generate_step_dir_invert_masks	16	static
stepper.c:762:6:st_reset	8	static
stepper.c:835:6:stepper_init	16	static
stepper.c:922:6:st_update_plan_block_parameters	16	static
stepper.c:933:16:st_next_block_index	16	static
stepper.c:992:6:st_prep_buffer	104	static
stepper.c:1405:7:st_get_realtime_rate	8	static
stepper.c:1440:6:TIM_Configuration	48	static
