core_cm0.h:675:22:NVIC_ClearPendingIRQ	16	static
system.c:24:6:system_init	32	static
system.c:108:9:system_control_get_state	24	static
system.c:192:6:EXTI9_5_IRQHandler	24	static
system.c:222:9:system_check_safety_door_ajar	8	static
system.c:233:6:system_execute_startup	32	static
system.c:258:9:system_execute_line	40	static
system.c:415:6:system_flag_wco_change	8	static
system.c:427:7:system_convert_axis_steps_to_mpos	24	static
system.c:445:6:system_convert_array_steps_to_mpos	32	static
system.c:469:9:system_check_travel_limits	24	static
system.c:494:6:system_set_exec_state_flag	16	static
system.c:518:6:system_clear_exec_state_flag	16	static
system.c:542:6:system_set_exec_alarm	16	static
system.c:566:6:system_clear_exec_alarm	8	static
system.c:590:6:system_set_exec_motion_override_flag	16	static
system.c:614:6:system_set_exec_accessory_override_flag	16	static
system.c:638:6:system_clear_exec_motion_overrides	8	static
system.c:662:6:system_clear_exec_accessory_overrides	8	static
