core_cm0.h:567:22:NVIC_ClearPendingIRQ	16	static
system.c:24:6:system_init	32	static
system.c:110:9:system_control_get_state	24	static
system.c:194:6:EXTI9_5_IRQHandler	24	static
system.c:224:9:system_check_safety_door_ajar	8	static
system.c:235:6:system_execute_startup	32	static
system.c:260:9:system_execute_line	40	static
system.c:417:6:system_flag_wco_change	8	static
system.c:429:7:system_convert_axis_steps_to_mpos	24	static
system.c:447:6:system_convert_array_steps_to_mpos	32	static
system.c:471:9:system_check_travel_limits	24	static
system.c:496:6:system_set_exec_state_flag	16	static
system.c:520:6:system_clear_exec_state_flag	16	static
system.c:544:6:system_set_exec_alarm	16	static
system.c:568:6:system_clear_exec_alarm	8	static
system.c:592:6:system_set_exec_motion_override_flag	16	static
system.c:616:6:system_set_exec_accessory_override_flag	16	static
system.c:640:6:system_clear_exec_motion_overrides	8	static
system.c:664:6:system_clear_exec_accessory_overrides	8	static
